Component: ARM Compiler 6.16 Tool: armlink [5dfeaa00]

==============================================================================

Memory Map of the image

  Image Entry point : 0x08000189

  Load Region LR_IROM1 (Base: 0x08000000, Size: 0x000045d0, Max: 0x00100000, ABSOLUTE)

    Execution Region ER_IROM1 (Base: 0x08000000, Size: 0x000045b8, Max: 0x00100000, ABSOLUTE)

    Base Addr    Size         Type   Attr      Idx    E Section Name        Object

    0x08000000   0x00000188   Data   RO         7822    RESET               BUILD/DISCO_L475VG_IOT01A/ARMC6/mbed-os/targets/TARGET_STM/TARGET_STM32L4/TARGET_STM32L475xG/TOOLCHAIN_ARM/startup_stm32l475xx.o
    0x08000188   0x00000000   Code   RO         8663  * .ARM.Collect$$$$00000000  c:\Users\oleel\AppData\Local\Mbed Studio\mbed-studio-tools\ac6\bin\..\lib\armlib\mc_w.l(entry.o)
    0x08000188   0x00000004   Code   RO         8796    .ARM.Collect$$$$00000003  c:\Users\oleel\AppData\Local\Mbed Studio\mbed-studio-tools\ac6\bin\..\lib\armlib\mc_w.l(entry4.o)
    0x0800018c   0x00000004   Code   RO         8799    .ARM.Collect$$$$00000004  c:\Users\oleel\AppData\Local\Mbed Studio\mbed-studio-tools\ac6\bin\..\lib\armlib\mc_w.l(entry5.o)
    0x08000190   0x00000004   Code   RO         8665    .ARM.Collect$$$$00000006  c:\Users\oleel\AppData\Local\Mbed Studio\mbed-studio-tools\ac6\bin\..\lib\armlib\mc_w.l(entry6b.o)
    0x08000194   0x00000000   Code   RO         8801    .ARM.Collect$$$$00000008  c:\Users\oleel\AppData\Local\Mbed Studio\mbed-studio-tools\ac6\bin\..\lib\armlib\mc_w.l(entry7b.o)
    0x08000194   0x00000004   Code   RO         8802    .ARM.Collect$$$$00000009  c:\Users\oleel\AppData\Local\Mbed Studio\mbed-studio-tools\ac6\bin\..\lib\armlib\mc_w.l(entry8a.o)
    0x08000198   0x00000000   Code   RO         8803    .ARM.Collect$$$$0000000A  c:\Users\oleel\AppData\Local\Mbed Studio\mbed-studio-tools\ac6\bin\..\lib\armlib\mc_w.l(entry8b.o)
    0x08000198   0x00000008   Code   RO         8804    .ARM.Collect$$$$0000000B  c:\Users\oleel\AppData\Local\Mbed Studio\mbed-studio-tools\ac6\bin\..\lib\armlib\mc_w.l(entry9a.o)
    0x080001a0   0x00000000   Code   RO         8806    .ARM.Collect$$$$0000000D  c:\Users\oleel\AppData\Local\Mbed Studio\mbed-studio-tools\ac6\bin\..\lib\armlib\mc_w.l(entry10a.o)
    0x080001a0   0x00000000   Code   RO         8808    .ARM.Collect$$$$0000000F  c:\Users\oleel\AppData\Local\Mbed Studio\mbed-studio-tools\ac6\bin\..\lib\armlib\mc_w.l(entry11a.o)
    0x080001a0   0x00000004   Code   RO         8797    .ARM.Collect$$$$00002714  c:\Users\oleel\AppData\Local\Mbed Studio\mbed-studio-tools\ac6\bin\..\lib\armlib\mc_w.l(entry4.o)
    0x080001a4   0x0000005c   Code   RO         1769    .text               BUILD/DISCO_L475VG_IOT01A/ARMC6/mbed-os/platform/source/TARGET_CORTEX_M/TOOLCHAIN_ARM/except.o
    0x08000200   0x00000024   Code   RO         7823    .text               BUILD/DISCO_L475VG_IOT01A/ARMC6/mbed-os/targets/TARGET_STM/TARGET_STM32L4/TARGET_STM32L475xG/TOOLCHAIN_ARM/startup_stm32l475xx.o
    0x08000224   0x00000020   Code   RO         8676    .text               c:\Users\oleel\AppData\Local\Mbed Studio\mbed-studio-tools\ac6\bin\..\lib\armlib\mc_w.l(initio_oe.o)
    0x08000244   0x00000028   Code   RO         8682    .text               c:\Users\oleel\AppData\Local\Mbed Studio\mbed-studio-tools\ac6\bin\..\lib\armlib\mc_w.l(fputc_fp.o)
    0x0800026c   0x00000062   Code   RO         8692    .text               c:\Users\oleel\AppData\Local\Mbed Studio\mbed-studio-tools\ac6\bin\..\lib\armlib\mc_w.l(uldiv.o)
    0x080002ce   0x0000001e   Code   RO         8696    .text               c:\Users\oleel\AppData\Local\Mbed Studio\mbed-studio-tools\ac6\bin\..\lib\armlib\mc_w.l(llshl.o)
    0x080002ec   0x00000020   Code   RO         8698    .text               c:\Users\oleel\AppData\Local\Mbed Studio\mbed-studio-tools\ac6\bin\..\lib\armlib\mc_w.l(llushr.o)
    0x0800030c   0x00000024   Code   RO         8700    .text               c:\Users\oleel\AppData\Local\Mbed Studio\mbed-studio-tools\ac6\bin\..\lib\armlib\mc_w.l(memcpya.o)
    0x08000330   0x00000024   Code   RO         8702    .text               c:\Users\oleel\AppData\Local\Mbed Studio\mbed-studio-tools\ac6\bin\..\lib\armlib\mc_w.l(memseta.o)
    0x08000354   0x0000001c   Code   RO         8710    .text               c:\Users\oleel\AppData\Local\Mbed Studio\mbed-studio-tools\ac6\bin\..\lib\armlib\mc_w.l(strcmp.o)
    0x08000370   0x00000020   Code   RO         8763    .text               c:\Users\oleel\AppData\Local\Mbed Studio\mbed-studio-tools\ac6\bin\..\lib\armlib\mc_w.l(cpp_init.o)
    0x08000390   0x00000024   Code   RO         8851    .text               c:\Users\oleel\AppData\Local\Mbed Studio\mbed-studio-tools\ac6\bin\..\lib\armlib\mc_w.l(init.o)
    0x080003b4   0x0000002c   Code   RO         2308    .text.$Sub$$__2printf  BUILD/DISCO_L475VG_IOT01A/ARMC6/mbed-os/platform/source/minimal-printf/mbed_printf_armlink_overrides.o
    0x080003e0   0x00000002   Code   RO         2262    .text.$Sub$$__cpp_initialize__aeabi_  BUILD/DISCO_L475VG_IOT01A/ARMC6/mbed-os/platform/source/mbed_sdk_boot.o
    0x080003e2   0x00000004   Code   RO         2338    .text.$Sub$$_printf_d  BUILD/DISCO_L475VG_IOT01A/ARMC6/mbed-os/platform/source/minimal-printf/mbed_printf_armlink_overrides.o
    0x080003e6   0x00000004   Code   RO         2366    .text.$Sub$$_printf_int_dec  BUILD/DISCO_L475VG_IOT01A/ARMC6/mbed-os/platform/source/minimal-printf/mbed_printf_armlink_overrides.o
    0x080003ea   0x00000004   Code   RO         2412    .text.$Sub$$_printf_percent  BUILD/DISCO_L475VG_IOT01A/ARMC6/mbed-os/platform/source/minimal-printf/mbed_printf_armlink_overrides.o
    0x080003ee   0x00000002   PAD
    0x080003f0   0x0000004c   Code   RO         2268    .text.$Sub$$main    BUILD/DISCO_L475VG_IOT01A/ARMC6/mbed-os/platform/source/mbed_sdk_boot.o
    0x0800043c   0x0000000c   Code   RO         2464    .text.$Sub$$vsnprintf  BUILD/DISCO_L475VG_IOT01A/ARMC6/mbed-os/platform/source/minimal-printf/mbed_printf_wrapper.o
    0x08000448   0x00000004   Code   RO         8096    .text.CAN1_RX0_IRQHandler  BUILD/DISCO_L475VG_IOT01A/ARMC6/mbed-os/targets/TARGET_STM/can_api.o
    0x0800044c   0x00000004   Code   RO         8102    .text.CAN1_SCE_IRQHandler  BUILD/DISCO_L475VG_IOT01A/ARMC6/mbed-os/targets/TARGET_STM/can_api.o
    0x08000450   0x00000004   Code   RO         8100    .text.CAN1_TX_IRQHandler  BUILD/DISCO_L475VG_IOT01A/ARMC6/mbed-os/targets/TARGET_STM/can_api.o
    0x08000454   0x0000006c   Code   RO         8166    .text.HAL_GetTick   BUILD/DISCO_L475VG_IOT01A/ARMC6/mbed-os/targets/TARGET_STM/hal_tick_overrides.o
    0x080004c0   0x0000001c   Code   RO         3117    .text.HAL_Init      BUILD/DISCO_L475VG_IOT01A/ARMC6/mbed-os/targets/TARGET_STM/TARGET_STM32L4/STM32Cube_FW/STM32L4xx_HAL_Driver/stm32l4xx_hal.o
    0x080004dc   0x0000000a   Code   RO         8164    .text.HAL_InitTick  BUILD/DISCO_L475VG_IOT01A/ARMC6/mbed-os/targets/TARGET_STM/hal_tick_overrides.o
    0x080004e6   0x0000003e   Code   RO         4456    .text.HAL_LPTIM_Counter_Start  BUILD/DISCO_L475VG_IOT01A/ARMC6/mbed-os/targets/TARGET_STM/TARGET_STM32L4/STM32Cube_FW/STM32L4xx_HAL_Driver/stm32l4xx_hal_lptim.o
    0x08000524   0x000000d0   Code   RO         4402    .text.HAL_LPTIM_Init  BUILD/DISCO_L475VG_IOT01A/ARMC6/mbed-os/targets/TARGET_STM/TARGET_STM32L4/STM32Cube_FW/STM32L4xx_HAL_Driver/stm32l4xx_hal_lptim.o
    0x080005f4   0x00000020   Code   RO         3407    .text.HAL_NVIC_SetPriorityGrouping  BUILD/DISCO_L475VG_IOT01A/ARMC6/mbed-os/targets/TARGET_STM/TARGET_STM32L4/STM32Cube_FW/STM32L4xx_HAL_Driver/stm32l4xx_hal_cortex.o
    0x08000614   0x00000040   Code   RO         5004    .text.HAL_PWREx_DisableLowPowerRunMode  BUILD/DISCO_L475VG_IOT01A/ARMC6/mbed-os/targets/TARGET_STM/TARGET_STM32L4/STM32Cube_FW/STM32L4xx_HAL_Driver/stm32l4xx_hal_pwr_ex.o
    0x08000654   0x0000000c   Code   RO         5002    .text.HAL_PWREx_EnableLowPowerRunMode  BUILD/DISCO_L475VG_IOT01A/ARMC6/mbed-os/targets/TARGET_STM/TARGET_STM32L4/STM32Cube_FW/STM32L4xx_HAL_Driver/stm32l4xx_hal_pwr_ex.o
    0x08000660   0x00000010   Code   RO         4958    .text.HAL_PWREx_EnableVddIO2  BUILD/DISCO_L475VG_IOT01A/ARMC6/mbed-os/targets/TARGET_STM/TARGET_STM32L4/STM32Cube_FW/STM32L4xx_HAL_Driver/stm32l4xx_hal_pwr_ex.o
    0x08000670   0x00000028   Code   RO         5010    .text.HAL_PWREx_EnterSTOP2Mode  BUILD/DISCO_L475VG_IOT01A/ARMC6/mbed-os/targets/TARGET_STM/TARGET_STM32L4/STM32Cube_FW/STM32L4xx_HAL_Driver/stm32l4xx_hal_pwr_ex.o
    0x08000698   0x0000000c   Code   RO         4946    .text.HAL_PWREx_GetVoltageRange  BUILD/DISCO_L475VG_IOT01A/ARMC6/mbed-os/targets/TARGET_STM/TARGET_STM32L4/STM32Cube_FW/STM32L4xx_HAL_Driver/stm32l4xx_hal_pwr_ex.o
    0x080006a4   0x00000010   Code   RO         4914    .text.HAL_PWR_EnableBkUpAccess  BUILD/DISCO_L475VG_IOT01A/ARMC6/mbed-os/targets/TARGET_STM/TARGET_STM32L4/STM32Cube_FW/STM32L4xx_HAL_Driver/stm32l4xx_hal_pwr.o
    0x080006b4   0x00000044   Code   RO         4928    .text.HAL_PWR_EnterSLEEPMode  BUILD/DISCO_L475VG_IOT01A/ARMC6/mbed-os/targets/TARGET_STM/TARGET_STM32L4/STM32Cube_FW/STM32L4xx_HAL_Driver/stm32l4xx_hal_pwr.o
    0x080006f8   0x00000010   Code   RO         5242    .text.HAL_RCCEx_EnableMSIPLLMode  BUILD/DISCO_L475VG_IOT01A/ARMC6/mbed-os/targets/TARGET_STM/TARGET_STM32L4/STM32Cube_FW/STM32L4xx_HAL_Driver/stm32l4xx_hal_rcc_ex.o
    0x08000708   0x00000304   Code   RO         5204    .text.HAL_RCCEx_PeriphCLKConfig  BUILD/DISCO_L475VG_IOT01A/ARMC6/mbed-os/targets/TARGET_STM/TARGET_STM32L4/STM32Cube_FW/STM32L4xx_HAL_Driver/stm32l4xx_hal_rcc_ex.o
    0x08000a0c   0x00000124   Code   RO         5170    .text.HAL_RCC_ClockConfig  BUILD/DISCO_L475VG_IOT01A/ARMC6/mbed-os/targets/TARGET_STM/TARGET_STM32L4/STM32Cube_FW/STM32L4xx_HAL_Driver/stm32l4xx_hal_rcc.o
    0x08000b30   0x0000003c   Code   RO         5182    .text.HAL_RCC_GetClockConfig  BUILD/DISCO_L475VG_IOT01A/ARMC6/mbed-os/targets/TARGET_STM/TARGET_STM32L4/STM32Cube_FW/STM32L4xx_HAL_Driver/stm32l4xx_hal_rcc.o
    0x08000b6c   0x000000c4   Code   RO         5180    .text.HAL_RCC_GetOscConfig  BUILD/DISCO_L475VG_IOT01A/ARMC6/mbed-os/targets/TARGET_STM/TARGET_STM32L4/STM32Cube_FW/STM32L4xx_HAL_Driver/stm32l4xx_hal_rcc.o
    0x08000c30   0x00000014   Code   RO         5176    .text.HAL_RCC_GetPCLK1Freq  BUILD/DISCO_L475VG_IOT01A/ARMC6/mbed-os/targets/TARGET_STM/TARGET_STM32L4/STM32Cube_FW/STM32L4xx_HAL_Driver/stm32l4xx_hal_rcc.o
    0x08000c44   0x00000020   Code   RO         5178    .text.HAL_RCC_GetPCLK2Freq  BUILD/DISCO_L475VG_IOT01A/ARMC6/mbed-os/targets/TARGET_STM/TARGET_STM32L4/STM32Cube_FW/STM32L4xx_HAL_Driver/stm32l4xx_hal_rcc.o
    0x08000c64   0x000000a0   Code   RO         5168    .text.HAL_RCC_GetSysClockFreq  BUILD/DISCO_L475VG_IOT01A/ARMC6/mbed-os/targets/TARGET_STM/TARGET_STM32L4/STM32Cube_FW/STM32L4xx_HAL_Driver/stm32l4xx_hal_rcc.o
    0x08000d04   0x000004ec   Code   RO         5164    .text.HAL_RCC_OscConfig  BUILD/DISCO_L475VG_IOT01A/ARMC6/mbed-os/targets/TARGET_STM/TARGET_STM32L4/STM32Cube_FW/STM32L4xx_HAL_Driver/stm32l4xx_hal_rcc.o
    0x080011f0   0x0000001e   Code   RO         6311    .text.HAL_TIM_OC_Init  BUILD/DISCO_L475VG_IOT01A/ARMC6/mbed-os/targets/TARGET_STM/TARGET_STM32L4/STM32Cube_FW/STM32L4xx_HAL_Driver/stm32l4xx_hal_tim.o
    0x0800120e   0x00000002   PAD
    0x08001210   0x00000124   Code   RO         6319    .text.HAL_TIM_OC_Start  BUILD/DISCO_L475VG_IOT01A/ARMC6/mbed-os/targets/TARGET_STM/TARGET_STM32L4/STM32Cube_FW/STM32L4xx_HAL_Driver/stm32l4xx_hal_tim.o
    0x08001334   0x00000020   Code   RO         7084    .text.HAL_UARTEx_DisableClockStopMode  BUILD/DISCO_L475VG_IOT01A/ARMC6/mbed-os/targets/TARGET_STM/TARGET_STM32L4/STM32Cube_FW/STM32L4xx_HAL_Driver/stm32l4xx_hal_uart_ex.o
    0x08001354   0x00000020   Code   RO         7092    .text.HAL_UARTEx_DisableStopMode  BUILD/DISCO_L475VG_IOT01A/ARMC6/mbed-os/targets/TARGET_STM/TARGET_STM32L4/STM32Cube_FW/STM32L4xx_HAL_Driver/stm32l4xx_hal_uart_ex.o
    0x08001374   0x00000020   Code   RO         7090    .text.HAL_UARTEx_EnableStopMode  BUILD/DISCO_L475VG_IOT01A/ARMC6/mbed-os/targets/TARGET_STM/TARGET_STM32L4/STM32Cube_FW/STM32L4xx_HAL_Driver/stm32l4xx_hal_uart_ex.o
    0x08001394   0x00000038   Code   RO         6895    .text.HAL_UART_Init  BUILD/DISCO_L475VG_IOT01A/ARMC6/mbed-os/targets/TARGET_STM/TARGET_STM32L4/STM32Cube_FW/STM32L4xx_HAL_Driver/stm32l4xx_hal_uart.o
    0x080013cc   0x00000002   Code   RO         6897    .text.HAL_UART_MspInit  BUILD/DISCO_L475VG_IOT01A/ARMC6/mbed-os/targets/TARGET_STM/TARGET_STM32L4/STM32Cube_FW/STM32L4xx_HAL_Driver/stm32l4xx_hal_uart.o
    0x080013ce   0x00000002   PAD
    0x080013d0   0x000000b0   Code   RO         8289    .text.LPTIM_IRQHandler  BUILD/DISCO_L475VG_IOT01A/ARMC6/mbed-os/targets/TARGET_STM/lp_ticker.o
    0x08001480   0x00000038   Code   RO         4416    .text.LPTIM_WaitForFlag  BUILD/DISCO_L475VG_IOT01A/ARMC6/mbed-os/targets/TARGET_STM/TARGET_STM32L4/STM32Cube_FW/STM32L4xx_HAL_Driver/stm32l4xx_hal_lptim.o
    0x080014b8   0x00000006   Code   RO         1251    .text.OUTLINED_FUNCTION_0  BUILD/DISCO_L475VG_IOT01A/ARMC6/mbed-os/hal/source/mbed_ticker_api.o
    0x080014be   0x00000032   Code   RO         1573    .text.OUTLINED_FUNCTION_0  BUILD/DISCO_L475VG_IOT01A/ARMC6/mbed-os/platform/source/SysTimer.o
    0x080014f0   0x00000006   Code   RO         1963    .text.OUTLINED_FUNCTION_0  BUILD/DISCO_L475VG_IOT01A/ARMC6/mbed-os/platform/source/mbed_error.o
    0x080014f6   0x00000010   Code   RO         2448    .text.OUTLINED_FUNCTION_0  BUILD/DISCO_L475VG_IOT01A/ARMC6/mbed-os/platform/source/minimal-printf/mbed_printf_implementation.o
    0x08001506   0x00000016   Code   RO         4486    .text.OUTLINED_FUNCTION_0  BUILD/DISCO_L475VG_IOT01A/ARMC6/mbed-os/targets/TARGET_STM/TARGET_STM32L4/STM32Cube_FW/STM32L4xx_HAL_Driver/stm32l4xx_hal_lptim.o
    0x0800151c   0x0000000a   Code   RO         5024    .text.OUTLINED_FUNCTION_0  BUILD/DISCO_L475VG_IOT01A/ARMC6/mbed-os/targets/TARGET_STM/TARGET_STM32L4/STM32Cube_FW/STM32L4xx_HAL_Driver/stm32l4xx_hal_pwr_ex.o
    0x08001526   0x00000024   Code   RO         5190    .text.OUTLINED_FUNCTION_0  BUILD/DISCO_L475VG_IOT01A/ARMC6/mbed-os/targets/TARGET_STM/TARGET_STM32L4/STM32Cube_FW/STM32L4xx_HAL_Driver/stm32l4xx_hal_rcc.o
    0x0800154a   0x00000010   Code   RO         5246    .text.OUTLINED_FUNCTION_0  BUILD/DISCO_L475VG_IOT01A/ARMC6/mbed-os/targets/TARGET_STM/TARGET_STM32L4/STM32Cube_FW/STM32L4xx_HAL_Driver/stm32l4xx_hal_rcc_ex.o
    0x0800155a   0x00000014   Code   RO         7023    .text.OUTLINED_FUNCTION_0  BUILD/DISCO_L475VG_IOT01A/ARMC6/mbed-os/targets/TARGET_STM/TARGET_STM32L4/STM32Cube_FW/STM32L4xx_HAL_Driver/stm32l4xx_hal_uart.o
    0x0800156e   0x00000006   Code   RO         8110    .text.OUTLINED_FUNCTION_0  BUILD/DISCO_L475VG_IOT01A/ARMC6/mbed-os/targets/TARGET_STM/can_api.o
    0x08001574   0x0000000c   Code   RO         1253    .text.OUTLINED_FUNCTION_1  BUILD/DISCO_L475VG_IOT01A/ARMC6/mbed-os/hal/source/mbed_ticker_api.o
    0x08001580   0x0000001e   Code   RO         1575    .text.OUTLINED_FUNCTION_1  BUILD/DISCO_L475VG_IOT01A/ARMC6/mbed-os/platform/source/SysTimer.o
    0x0800159e   0x00000012   Code   RO         2450    .text.OUTLINED_FUNCTION_1  BUILD/DISCO_L475VG_IOT01A/ARMC6/mbed-os/platform/source/minimal-printf/mbed_printf_implementation.o
    0x080015b0   0x00000014   Code   RO         5192    .text.OUTLINED_FUNCTION_1  BUILD/DISCO_L475VG_IOT01A/ARMC6/mbed-os/targets/TARGET_STM/TARGET_STM32L4/STM32Cube_FW/STM32L4xx_HAL_Driver/stm32l4xx_hal_rcc.o
    0x080015c4   0x00000018   Code   RO         5248    .text.OUTLINED_FUNCTION_1  BUILD/DISCO_L475VG_IOT01A/ARMC6/mbed-os/targets/TARGET_STM/TARGET_STM32L4/STM32Cube_FW/STM32L4xx_HAL_Driver/stm32l4xx_hal_rcc_ex.o
    0x080015dc   0x00000036   Code   RO         6521    .text.OUTLINED_FUNCTION_1  BUILD/DISCO_L475VG_IOT01A/ARMC6/mbed-os/targets/TARGET_STM/TARGET_STM32L4/STM32Cube_FW/STM32L4xx_HAL_Driver/stm32l4xx_hal_tim.o
    0x08001612   0x0000000c   Code   RO         7025    .text.OUTLINED_FUNCTION_1  BUILD/DISCO_L475VG_IOT01A/ARMC6/mbed-os/targets/TARGET_STM/TARGET_STM32L4/STM32Cube_FW/STM32L4xx_HAL_Driver/stm32l4xx_hal_uart.o
    0x0800161e   0x0000000e   Code   RO         5266    .text.OUTLINED_FUNCTION_10  BUILD/DISCO_L475VG_IOT01A/ARMC6/mbed-os/targets/TARGET_STM/TARGET_STM32L4/STM32Cube_FW/STM32L4xx_HAL_Driver/stm32l4xx_hal_rcc_ex.o
    0x0800162c   0x0000000e   Code   RO         6539    .text.OUTLINED_FUNCTION_10  BUILD/DISCO_L475VG_IOT01A/ARMC6/mbed-os/targets/TARGET_STM/TARGET_STM32L4/STM32Cube_FW/STM32L4xx_HAL_Driver/stm32l4xx_hal_tim.o
    0x0800163a   0x00000010   Code   RO         1595    .text.OUTLINED_FUNCTION_11  BUILD/DISCO_L475VG_IOT01A/ARMC6/mbed-os/platform/source/SysTimer.o
    0x0800164a   0x0000000c   Code   RO         6541    .text.OUTLINED_FUNCTION_11  BUILD/DISCO_L475VG_IOT01A/ARMC6/mbed-os/targets/TARGET_STM/TARGET_STM32L4/STM32Cube_FW/STM32L4xx_HAL_Driver/stm32l4xx_hal_tim.o
    0x08001656   0x00000014   Code   RO         7045    .text.OUTLINED_FUNCTION_11  BUILD/DISCO_L475VG_IOT01A/ARMC6/mbed-os/targets/TARGET_STM/TARGET_STM32L4/STM32Cube_FW/STM32L4xx_HAL_Driver/stm32l4xx_hal_uart.o
    0x0800166a   0x0000000a   Code   RO         1597    .text.OUTLINED_FUNCTION_12  BUILD/DISCO_L475VG_IOT01A/ARMC6/mbed-os/platform/source/SysTimer.o
    0x08001674   0x0000000a   Code   RO         1599    .text.OUTLINED_FUNCTION_13  BUILD/DISCO_L475VG_IOT01A/ARMC6/mbed-os/platform/source/SysTimer.o
    0x0800167e   0x00000008   Code   RO         6547    .text.OUTLINED_FUNCTION_14  BUILD/DISCO_L475VG_IOT01A/ARMC6/mbed-os/targets/TARGET_STM/TARGET_STM32L4/STM32Cube_FW/STM32L4xx_HAL_Driver/stm32l4xx_hal_tim.o
    0x08001686   0x0000000c   Code   RO         7051    .text.OUTLINED_FUNCTION_14  BUILD/DISCO_L475VG_IOT01A/ARMC6/mbed-os/targets/TARGET_STM/TARGET_STM32L4/STM32Cube_FW/STM32L4xx_HAL_Driver/stm32l4xx_hal_uart.o
    0x08001692   0x0000000c   Code   RO         1603    .text.OUTLINED_FUNCTION_15  BUILD/DISCO_L475VG_IOT01A/ARMC6/mbed-os/platform/source/SysTimer.o
    0x0800169e   0x0000000c   Code   RO         1605    .text.OUTLINED_FUNCTION_16  BUILD/DISCO_L475VG_IOT01A/ARMC6/mbed-os/platform/source/SysTimer.o
    0x080016aa   0x0000000c   Code   RO         1607    .text.OUTLINED_FUNCTION_17  BUILD/DISCO_L475VG_IOT01A/ARMC6/mbed-os/platform/source/SysTimer.o
    0x080016b6   0x00000012   Code   RO         1609    .text.OUTLINED_FUNCTION_18  BUILD/DISCO_L475VG_IOT01A/ARMC6/mbed-os/platform/source/SysTimer.o
    0x080016c8   0x00000006   Code   RO         1611    .text.OUTLINED_FUNCTION_19  BUILD/DISCO_L475VG_IOT01A/ARMC6/mbed-os/platform/source/SysTimer.o
    0x080016ce   0x00000008   Code   RO         1255    .text.OUTLINED_FUNCTION_2  BUILD/DISCO_L475VG_IOT01A/ARMC6/mbed-os/hal/source/mbed_ticker_api.o
    0x080016d6   0x0000000a   Code   RO         1577    .text.OUTLINED_FUNCTION_2  BUILD/DISCO_L475VG_IOT01A/ARMC6/mbed-os/platform/source/SysTimer.o
    0x080016e0   0x00000008   Code   RO         5194    .text.OUTLINED_FUNCTION_2  BUILD/DISCO_L475VG_IOT01A/ARMC6/mbed-os/targets/TARGET_STM/TARGET_STM32L4/STM32Cube_FW/STM32L4xx_HAL_Driver/stm32l4xx_hal_rcc.o
    0x080016e8   0x00000016   Code   RO         5250    .text.OUTLINED_FUNCTION_2  BUILD/DISCO_L475VG_IOT01A/ARMC6/mbed-os/targets/TARGET_STM/TARGET_STM32L4/STM32Cube_FW/STM32L4xx_HAL_Driver/stm32l4xx_hal_rcc_ex.o
    0x080016fe   0x00000008   Code   RO         1613    .text.OUTLINED_FUNCTION_20  BUILD/DISCO_L475VG_IOT01A/ARMC6/mbed-os/platform/source/SysTimer.o
    0x08001706   0x00000008   Code   RO         1615    .text.OUTLINED_FUNCTION_21  BUILD/DISCO_L475VG_IOT01A/ARMC6/mbed-os/platform/source/SysTimer.o
    0x0800170e   0x0000000e   Code   RO         7067    .text.OUTLINED_FUNCTION_22  BUILD/DISCO_L475VG_IOT01A/ARMC6/mbed-os/targets/TARGET_STM/TARGET_STM32L4/STM32Cube_FW/STM32L4xx_HAL_Driver/stm32l4xx_hal_uart.o
    0x0800171c   0x0000000a   Code   RO         1619    .text.OUTLINED_FUNCTION_23  BUILD/DISCO_L475VG_IOT01A/ARMC6/mbed-os/platform/source/SysTimer.o
    0x08001726   0x0000000a   Code   RO         1621    .text.OUTLINED_FUNCTION_24  BUILD/DISCO_L475VG_IOT01A/ARMC6/mbed-os/platform/source/SysTimer.o
    0x08001730   0x00000006   Code   RO         7071    .text.OUTLINED_FUNCTION_24  BUILD/DISCO_L475VG_IOT01A/ARMC6/mbed-os/targets/TARGET_STM/TARGET_STM32L4/STM32Cube_FW/STM32L4xx_HAL_Driver/stm32l4xx_hal_uart.o
    0x08001736   0x0000000a   Code   RO         6569    .text.OUTLINED_FUNCTION_25  BUILD/DISCO_L475VG_IOT01A/ARMC6/mbed-os/targets/TARGET_STM/TARGET_STM32L4/STM32Cube_FW/STM32L4xx_HAL_Driver/stm32l4xx_hal_tim.o
    0x08001740   0x0000000a   Code   RO         6571    .text.OUTLINED_FUNCTION_26  BUILD/DISCO_L475VG_IOT01A/ARMC6/mbed-os/targets/TARGET_STM/TARGET_STM32L4/STM32Cube_FW/STM32L4xx_HAL_Driver/stm32l4xx_hal_tim.o
    0x0800174a   0x0000000a   Code   RO         6577    .text.OUTLINED_FUNCTION_29  BUILD/DISCO_L475VG_IOT01A/ARMC6/mbed-os/targets/TARGET_STM/TARGET_STM32L4/STM32Cube_FW/STM32L4xx_HAL_Driver/stm32l4xx_hal_tim.o
    0x08001754   0x00000012   Code   RO         1579    .text.OUTLINED_FUNCTION_3  BUILD/DISCO_L475VG_IOT01A/ARMC6/mbed-os/platform/source/SysTimer.o
    0x08001766   0x00000006   Code   RO         5196    .text.OUTLINED_FUNCTION_3  BUILD/DISCO_L475VG_IOT01A/ARMC6/mbed-os/targets/TARGET_STM/TARGET_STM32L4/STM32Cube_FW/STM32L4xx_HAL_Driver/stm32l4xx_hal_rcc.o
    0x0800176c   0x00000008   Code   RO         5252    .text.OUTLINED_FUNCTION_3  BUILD/DISCO_L475VG_IOT01A/ARMC6/mbed-os/targets/TARGET_STM/TARGET_STM32L4/STM32Cube_FW/STM32L4xx_HAL_Driver/stm32l4xx_hal_rcc_ex.o
    0x08001774   0x00000008   Code   RO         6587    .text.OUTLINED_FUNCTION_34  BUILD/DISCO_L475VG_IOT01A/ARMC6/mbed-os/targets/TARGET_STM/TARGET_STM32L4/STM32Cube_FW/STM32L4xx_HAL_Driver/stm32l4xx_hal_tim.o
    0x0800177c   0x00000022   Code   RO         1581    .text.OUTLINED_FUNCTION_4  BUILD/DISCO_L475VG_IOT01A/ARMC6/mbed-os/platform/source/SysTimer.o
    0x0800179e   0x0000000a   Code   RO         5198    .text.OUTLINED_FUNCTION_4  BUILD/DISCO_L475VG_IOT01A/ARMC6/mbed-os/targets/TARGET_STM/TARGET_STM32L4/STM32Cube_FW/STM32L4xx_HAL_Driver/stm32l4xx_hal_rcc.o
    0x080017a8   0x00000008   Code   RO         6607    .text.OUTLINED_FUNCTION_44  BUILD/DISCO_L475VG_IOT01A/ARMC6/mbed-os/targets/TARGET_STM/TARGET_STM32L4/STM32Cube_FW/STM32L4xx_HAL_Driver/stm32l4xx_hal_tim.o
    0x080017b0   0x00000008   Code   RO         6609    .text.OUTLINED_FUNCTION_45  BUILD/DISCO_L475VG_IOT01A/ARMC6/mbed-os/targets/TARGET_STM/TARGET_STM32L4/STM32Cube_FW/STM32L4xx_HAL_Driver/stm32l4xx_hal_tim.o
    0x080017b8   0x00000008   Code   RO         6611    .text.OUTLINED_FUNCTION_46  BUILD/DISCO_L475VG_IOT01A/ARMC6/mbed-os/targets/TARGET_STM/TARGET_STM32L4/STM32Cube_FW/STM32L4xx_HAL_Driver/stm32l4xx_hal_tim.o
    0x080017c0   0x00000008   Code   RO         6613    .text.OUTLINED_FUNCTION_47  BUILD/DISCO_L475VG_IOT01A/ARMC6/mbed-os/targets/TARGET_STM/TARGET_STM32L4/STM32Cube_FW/STM32L4xx_HAL_Driver/stm32l4xx_hal_tim.o
    0x080017c8   0x00000010   Code   RO         1583    .text.OUTLINED_FUNCTION_5  BUILD/DISCO_L475VG_IOT01A/ARMC6/mbed-os/platform/source/SysTimer.o
    0x080017d8   0x0000000a   Code   RO         4496    .text.OUTLINED_FUNCTION_5  BUILD/DISCO_L475VG_IOT01A/ARMC6/mbed-os/targets/TARGET_STM/TARGET_STM32L4/STM32Cube_FW/STM32L4xx_HAL_Driver/stm32l4xx_hal_lptim.o
    0x080017e2   0x0000000e   Code   RO         5200    .text.OUTLINED_FUNCTION_5  BUILD/DISCO_L475VG_IOT01A/ARMC6/mbed-os/targets/TARGET_STM/TARGET_STM32L4/STM32Cube_FW/STM32L4xx_HAL_Driver/stm32l4xx_hal_rcc.o
    0x080017f0   0x0000000c   Code   RO         7033    .text.OUTLINED_FUNCTION_5  BUILD/DISCO_L475VG_IOT01A/ARMC6/mbed-os/targets/TARGET_STM/TARGET_STM32L4/STM32Cube_FW/STM32L4xx_HAL_Driver/stm32l4xx_hal_uart.o
    0x080017fc   0x00000008   Code   RO         6621    .text.OUTLINED_FUNCTION_51  BUILD/DISCO_L475VG_IOT01A/ARMC6/mbed-os/targets/TARGET_STM/TARGET_STM32L4/STM32Cube_FW/STM32L4xx_HAL_Driver/stm32l4xx_hal_tim.o
    0x08001804   0x00000008   Code   RO         6625    .text.OUTLINED_FUNCTION_53  BUILD/DISCO_L475VG_IOT01A/ARMC6/mbed-os/targets/TARGET_STM/TARGET_STM32L4/STM32Cube_FW/STM32L4xx_HAL_Driver/stm32l4xx_hal_tim.o
    0x0800180c   0x0000000a   Code   RO         6633    .text.OUTLINED_FUNCTION_57  BUILD/DISCO_L475VG_IOT01A/ARMC6/mbed-os/targets/TARGET_STM/TARGET_STM32L4/STM32Cube_FW/STM32L4xx_HAL_Driver/stm32l4xx_hal_tim.o
    0x08001816   0x0000000a   Code   RO         5258    .text.OUTLINED_FUNCTION_6  BUILD/DISCO_L475VG_IOT01A/ARMC6/mbed-os/targets/TARGET_STM/TARGET_STM32L4/STM32Cube_FW/STM32L4xx_HAL_Driver/stm32l4xx_hal_rcc_ex.o
    0x08001820   0x0000000a   Code   RO         6641    .text.OUTLINED_FUNCTION_61  BUILD/DISCO_L475VG_IOT01A/ARMC6/mbed-os/targets/TARGET_STM/TARGET_STM32L4/STM32Cube_FW/STM32L4xx_HAL_Driver/stm32l4xx_hal_tim.o
    0x0800182a   0x00000008   Code   RO         6651    .text.OUTLINED_FUNCTION_66  BUILD/DISCO_L475VG_IOT01A/ARMC6/mbed-os/targets/TARGET_STM/TARGET_STM32L4/STM32Cube_FW/STM32L4xx_HAL_Driver/stm32l4xx_hal_tim.o
    0x08001832   0x00000012   Code   RO         1587    .text.OUTLINED_FUNCTION_7  BUILD/DISCO_L475VG_IOT01A/ARMC6/mbed-os/platform/source/SysTimer.o
    0x08001844   0x0000000a   Code   RO         5260    .text.OUTLINED_FUNCTION_7  BUILD/DISCO_L475VG_IOT01A/ARMC6/mbed-os/targets/TARGET_STM/TARGET_STM32L4/STM32Cube_FW/STM32L4xx_HAL_Driver/stm32l4xx_hal_rcc_ex.o
    0x0800184e   0x0000000e   Code   RO         1591    .text.OUTLINED_FUNCTION_9  BUILD/DISCO_L475VG_IOT01A/ARMC6/mbed-os/platform/source/SysTimer.o
    0x0800185c   0x00000006   Code   RO         5264    .text.OUTLINED_FUNCTION_9  BUILD/DISCO_L475VG_IOT01A/ARMC6/mbed-os/targets/TARGET_STM/TARGET_STM32L4/STM32Cube_FW/STM32L4xx_HAL_Driver/stm32l4xx_hal_rcc_ex.o
    0x08001862   0x0000000e   Code   RO         6537    .text.OUTLINED_FUNCTION_9  BUILD/DISCO_L475VG_IOT01A/ARMC6/mbed-os/targets/TARGET_STM/TARGET_STM32L4/STM32Cube_FW/STM32L4xx_HAL_Driver/stm32l4xx_hal_tim.o
    0x08001870   0x000000ec   Code   RO         5206    .text.RCCEx_PLLSAI1_Config  BUILD/DISCO_L475VG_IOT01A/ARMC6/mbed-os/targets/TARGET_STM/TARGET_STM32L4/STM32Cube_FW/STM32L4xx_HAL_Driver/stm32l4xx_hal_rcc_ex.o
    0x0800195c   0x000000d4   Code   RO         5208    .text.RCCEx_PLLSAI2_Config  BUILD/DISCO_L475VG_IOT01A/ARMC6/mbed-os/targets/TARGET_STM/TARGET_STM32L4/STM32Cube_FW/STM32L4xx_HAL_Driver/stm32l4xx_hal_rcc_ex.o
    0x08001a30   0x00000084   Code   RO         5166    .text.RCC_SetFlashLatencyFromMSIRange  BUILD/DISCO_L475VG_IOT01A/ARMC6/mbed-os/targets/TARGET_STM/TARGET_STM32L4/STM32Cube_FW/STM32L4xx_HAL_Driver/stm32l4xx_hal_rcc.o
    0x08001ab4   0x00000024   Code   RO         7826    .text.SetSysClock   BUILD/DISCO_L475VG_IOT01A/ARMC6/mbed-os/targets/TARGET_STM/TARGET_STM32L4/TARGET_STM32L475xG/system_clock.o
    0x08001ad8   0x00000096   Code   RO         7828    .text.SetSysClock_PLL_MSI  BUILD/DISCO_L475VG_IOT01A/ARMC6/mbed-os/targets/TARGET_STM/TARGET_STM32L4/TARGET_STM32L475xG/system_clock.o
    0x08001b6e   0x00000002   PAD
    0x08001b70   0x00000138   Code   RO         8116    .text.Set_GPIO_Clock  BUILD/DISCO_L475VG_IOT01A/ARMC6/mbed-os/targets/TARGET_STM/gpio_api.o
    0x08001ca8   0x00000098   Code   RO         7790    .text.SystemCoreClockUpdate  BUILD/DISCO_L475VG_IOT01A/ARMC6/mbed-os/targets/TARGET_STM/TARGET_STM32L4/STM32Cube_FW/system_stm32l4xx.o
    0x08001d40   0x0000004c   Code   RO         7788    .text.SystemInit    BUILD/DISCO_L475VG_IOT01A/ARMC6/mbed-os/targets/TARGET_STM/TARGET_STM32L4/STM32Cube_FW/system_stm32l4xx.o
    0x08001d8c   0x000000cc   Code   RO         6287    .text.TIM_Base_SetConfig  BUILD/DISCO_L475VG_IOT01A/ARMC6/mbed-os/targets/TARGET_STM/TARGET_STM32L4/STM32Cube_FW/STM32L4xx_HAL_Driver/stm32l4xx_hal_tim.o
    0x08001e58   0x0000001e   Code   RO         6321    .text.TIM_CCxChannelCmd  BUILD/DISCO_L475VG_IOT01A/ARMC6/mbed-os/targets/TARGET_STM/TARGET_STM32L4/STM32Cube_FW/STM32L4xx_HAL_Driver/stm32l4xx_hal_tim.o
    0x08001e76   0x000000a8   Code   RO         6901    .text.UART_AdvFeatureConfig  BUILD/DISCO_L475VG_IOT01A/ARMC6/mbed-os/targets/TARGET_STM/TARGET_STM32L4/STM32Cube_FW/STM32L4xx_HAL_Driver/stm32l4xx_hal_uart.o
    0x08001f1e   0x00000050   Code   RO         6903    .text.UART_CheckIdleState  BUILD/DISCO_L475VG_IOT01A/ARMC6/mbed-os/targets/TARGET_STM/TARGET_STM32L4/STM32Cube_FW/STM32L4xx_HAL_Driver/stm32l4xx_hal_uart.o
    0x08001f6e   0x00000002   PAD
    0x08001f70   0x000001d4   Code   RO         6899    .text.UART_SetConfig  BUILD/DISCO_L475VG_IOT01A/ARMC6/mbed-os/targets/TARGET_STM/TARGET_STM32L4/STM32Cube_FW/STM32L4xx_HAL_Driver/stm32l4xx_hal_uart.o
    0x08002144   0x0000007c   Code   RO         6917    .text.UART_WaitOnFlagUntilTimeout  BUILD/DISCO_L475VG_IOT01A/ARMC6/mbed-os/targets/TARGET_STM/TARGET_STM32L4/STM32Cube_FW/STM32L4xx_HAL_Driver/stm32l4xx_hal_uart.o
    0x080021c0   0x0000000c   Code   RO            7    .text._GLOBAL__sub_I_main.cpp  BUILD/DISCO_L475VG_IOT01A/ARMC6/main.o
    0x080021cc   0x0000002c   Code   RO         2198    .text._ZL14do_serial_initv  BUILD/DISCO_L475VG_IOT01A/ARMC6/mbed-os/platform/source/mbed_retarget.o
    0x080021f8   0x00000010   Code   RO         2104    .text._ZL19do_serial_init_oncev  BUILD/DISCO_L475VG_IOT01A/ARMC6/mbed-os/platform/source/mbed_retarget.o
    0x08002208   0x00000018   Code   RO           15    .text._ZN4mbed10DigitalOutC2E7PinName  BUILD/DISCO_L475VG_IOT01A/ARMC6/main.o
    0x08002220   0x00000014   Code   RO          954    .text._ZN4mbed10TimerEvent15insert_absoluteENSt3__26chrono10time_pointINS_15TickerDataClockENS2_8durationIxNS1_5ratioILx1ELx1000000EEEEEEE  BUILD/DISCO_L475VG_IOT01A/ARMC6/mbed-os/drivers/source/TimerEvent.o
    0x08002234   0x00000006   Code   RO          944    .text._ZN4mbed10TimerEvent3irqEj  BUILD/DISCO_L475VG_IOT01A/ARMC6/mbed-os/drivers/source/TimerEvent.o
    0x0800223a   0x0000000e   Code   RO          948    .text._ZN4mbed10TimerEvent6removeEv  BUILD/DISCO_L475VG_IOT01A/ARMC6/mbed-os/drivers/source/TimerEvent.o
    0x08002248   0x0000002c   Code   RO          942    .text._ZN4mbed10TimerEventC2EPK13ticker_data_t  BUILD/DISCO_L475VG_IOT01A/ARMC6/mbed-os/drivers/source/TimerEvent.o
    0x08002274   0x00000006   Code   RO          959    .text._ZN4mbed15TickerDataClock11set_handlerEPFvjE  BUILD/DISCO_L475VG_IOT01A/ARMC6/mbed-os/drivers/source/TimerEvent.o
    0x0800227a   0x00000006   Code   RO          961    .text._ZN4mbed15TickerDataClock12insert_eventEP14ticker_event_sNSt3__26chrono10time_pointIS0_NS4_8durationIxNS3_5ratioILx1ELx1000000EEEEEEEj  BUILD/DISCO_L475VG_IOT01A/ARMC6/mbed-os/drivers/source/TimerEvent.o
    0x08002280   0x00000006   Code   RO          963    .text._ZN4mbed15TickerDataClock12remove_eventEP14ticker_event_s  BUILD/DISCO_L475VG_IOT01A/ARMC6/mbed-os/drivers/source/TimerEvent.o
    0x08002286   0x0000000c   Code   RO         1426    .text._ZN4mbed19CriticalSectionLockC2Ev  BUILD/DISCO_L475VG_IOT01A/ARMC6/mbed-os/platform/source/CriticalSectionLock.o
    0x08002292   0x0000000c   Code   RO         1428    .text._ZN4mbed19CriticalSectionLockD2Ev  BUILD/DISCO_L475VG_IOT01A/ARMC6/mbed-os/platform/source/CriticalSectionLock.o
    0x0800229e   0x00000002   PAD
    0x080022a0   0x00000018   Code   RO         2102    .text._ZN4mbed20minimal_console_putcEi  BUILD/DISCO_L475VG_IOT01A/ARMC6/mbed-os/platform/source/mbed_retarget.o
    0x080022b8   0x00000026   Code   RO          497    .text._ZN4mbed4impl7MbedCRCILj79764919ELh32ELNS_7CrcModeE2EE20compute_partial_stopEPj  BUILD/DISCO_L475VG_IOT01A/ARMC6/mbed-os/drivers/source/MbedCRC.o
    0x080022de   0x00000020   Code   RO          495    .text._ZN4mbed4impl7MbedCRCILj79764919ELh32ELNS_7CrcModeE2EE7computeEPKvjPj  BUILD/DISCO_L475VG_IOT01A/ARMC6/mbed-os/drivers/source/MbedCRC.o
    0x080022fe   0x00000002   PAD
    0x08002300   0x0000001c   Code   RO         2022    .text._ZN4mbed8internal13init_os_timerEv  BUILD/DISCO_L475VG_IOT01A/ARMC6/mbed-os/platform/source/mbed_os_timer.o
    0x0800231c   0x00000054   Code   RO         2032    .text._ZN4mbed8internal18do_sleep_operationINS0_18timed_predicate_opEEEvRT_  BUILD/DISCO_L475VG_IOT01A/ARMC6/mbed-os/platform/source/mbed_os_timer.o
    0x08002370   0x00000016   Code   RO         2044    .text._ZN4mbed8internal18timed_predicate_op13sleep_prepareEv  BUILD/DISCO_L475VG_IOT01A/ARMC6/mbed-os/platform/source/mbed_os_timer.o
    0x08002386   0x00000002   PAD
    0x08002388   0x00000010   Code   RO         2034    .text._ZN4mbed8internal18timed_predicate_opD2Ev  BUILD/DISCO_L475VG_IOT01A/ARMC6/mbed-os/platform/source/mbed_os_timer.o
    0x08002398   0x00000052   Code   RO         2028    .text._ZN4mbed8internal34do_timed_sleep_relative_or_foreverENSt3__26chrono8durationIjNS1_5ratioILx1ELx1000EEEEEPFbPvES7_  BUILD/DISCO_L475VG_IOT01A/ARMC6/mbed-os/platform/source/mbed_os_timer.o
    0x080023ea   0x00000002   PAD
    0x080023ec   0x0000000c   Code   RO         2046    .text._ZN4mbed8internal7OsClock13set_wake_timeENSt3__26chrono10time_pointIS1_NS3_8durationIxNS2_5ratioILx1ELx1000EEEEEEE  BUILD/DISCO_L475VG_IOT01A/ARMC6/mbed-os/platform/source/mbed_os_timer.o
    0x080023f8   0x0000001a   Code   RO         2040    .text._ZN4mbed8internal7OsClock3nowEv  BUILD/DISCO_L475VG_IOT01A/ARMC6/mbed-os/platform/source/mbed_os_timer.o
    0x08002412   0x0000001a   Code   RO         1634    .text._ZN4mbed8internal8SysTimerINSt3__25ratioILx1ELx1000EEELb1EE11cancel_wakeEv  BUILD/DISCO_L475VG_IOT01A/ARMC6/mbed-os/platform/source/SysTimer.o
    0x0800242c   0x00000076   Code   RO         1638    .text._ZN4mbed8internal8SysTimerINSt3__25ratioILx1ELx1000EEELb1EE13set_wake_timeENS2_6chrono10time_pointIS5_NS6_8durationIyS4_EEEE  BUILD/DISCO_L475VG_IOT01A/ARMC6/mbed-os/platform/source/SysTimer.o
    0x080024a2   0x00000004   Code   RO         1652    .text._ZN4mbed8internal8SysTimerINSt3__25ratioILx1ELx1000EEELb1EE14_schedule_tickEv  BUILD/DISCO_L475VG_IOT01A/ARMC6/mbed-os/platform/source/SysTimer.o
    0x080024a6   0x00000012   Code   RO         1640    .text._ZN4mbed8internal8SysTimerINSt3__25ratioILx1ELx1000EEELb1EE19update_and_get_tickEv  BUILD/DISCO_L475VG_IOT01A/ARMC6/mbed-os/platform/source/SysTimer.o
    0x080024b8   0x00000038   Code   RO         1670    .text._ZN4mbed8internal8SysTimerINSt3__25ratioILx1ELx1000EEELb1EE7handlerEv  BUILD/DISCO_L475VG_IOT01A/ARMC6/mbed-os/platform/source/SysTimer.o
    0x080024f0   0x0000001c   Code   RO         1626    .text._ZN4mbed8internal8SysTimerINSt3__25ratioILx1ELx1000EEELb1EEC2EPK13ticker_data_t  BUILD/DISCO_L475VG_IOT01A/ARMC6/mbed-os/platform/source/SysTimer.o
    0x0800250c   0x00000022   Code   RO         2235    .text._ZN4mstd9call_onceIRFvvEJEEEvRNS_9once_flagEOT_DpOT0_  BUILD/DISCO_L475VG_IOT01A/ARMC6/mbed-os/platform/source/mbed_retarget.o
    0x0800252e   0x00000010   Code   RO         1628    .text._ZNK4mbed15TickerDataClock3nowEv  BUILD/DISCO_L475VG_IOT01A/ARMC6/mbed-os/platform/source/SysTimer.o
    0x0800253e   0x00000002   PAD
    0x08002540   0x00000058   Code   RO          499    .text._ZNK4mbed4impl7MbedCRCILj79764919ELh32ELNS_7CrcModeE2EE18do_compute_partialILS2_2EEENSt3__29enable_ifIXeqT_LS2_2EEiE4typeEPKhjPj  BUILD/DISCO_L475VG_IOT01A/ARMC6/mbed-os/drivers/source/MbedCRC.o
    0x08002598   0x00000024   Code   RO         2042    .text._ZNK4mbed8internal18timed_predicate_op14wake_conditionEv  BUILD/DISCO_L475VG_IOT01A/ARMC6/mbed-os/platform/source/mbed_os_timer.o
    0x080025bc   0x0000003a   Code   RO         1664    .text._ZNK4mbed8internal8SysTimerINSt3__25ratioILx1ELx1000EEELb1EE14_elapsed_ticksEv  BUILD/DISCO_L475VG_IOT01A/ARMC6/mbed-os/platform/source/SysTimer.o
    0x080025f6   0x00000002   PAD
    0x080025f8   0x00000024   Code   RO         1961    .text.__NVIC_SystemReset  BUILD/DISCO_L475VG_IOT01A/ARMC6/mbed-os/platform/source/mbed_error.o
    0x0800261c   0x00000022   Code   RO         2168    .text.__cxa_guard_acquire  BUILD/DISCO_L475VG_IOT01A/ARMC6/mbed-os/platform/source/mbed_retarget.o
    0x0800263e   0x00000002   PAD
    0x08002640   0x00000028   Code   RO         8658    .text.__cxa_pure_virtual  c:\Users\oleel\AppData\Local\Mbed Studio\mbed-studio-tools\ac6\bin\..\lib\libcxx\libcppabi_w.l(cxa_virtual.cpp.o)
    0x08002668   0x00000004   Code   RO         2128    .text.__user_setup_stackheap  BUILD/DISCO_L475VG_IOT01A/ARMC6/mbed-os/platform/source/mbed_retarget.o
    0x0800266c   0x00000036   Code   RO         1145    .text._gpio_init_out  BUILD/DISCO_L475VG_IOT01A/ARMC6/mbed-os/hal/source/mbed_gpio.o
    0x080026a2   0x00000002   PAD
    0x080026a4   0x0000002c   Code   RO         2126    .text._mbed_user_setup_stackheap  BUILD/DISCO_L475VG_IOT01A/ARMC6/mbed-os/platform/source/mbed_retarget.o
    0x080026d0   0x00000024   Code   RO         2094    .text._sys_open     BUILD/DISCO_L475VG_IOT01A/ARMC6/mbed-os/platform/source/mbed_retarget.o
    0x080026f4   0x000000b4   Code   RO         2098    .text._sys_write    BUILD/DISCO_L475VG_IOT01A/ARMC6/mbed-os/platform/source/mbed_retarget.o
    0x080027a8   0x00000014   Code   RO         2299    .text._wait_us_ticks  BUILD/DISCO_L475VG_IOT01A/ARMC6/mbed-os/platform/source/mbed_wait_api_no_rtos.o
    0x080027bc   0x00000004   Code   RO         8793    .text.abort_message  c:\Users\oleel\AppData\Local\Mbed Studio\mbed-studio-tools\ac6\bin\..\lib\libcxx\libcppabi_w.l(abort_message.cpp.o)
    0x080027c0   0x00000002   Code   RO         1265    .text.block_us_ticker_free  BUILD/DISCO_L475VG_IOT01A/ARMC6/mbed-os/hal/source/mbed_us_ticker_api.o
    0x080027c2   0x00000002   PAD
    0x080027c4   0x000000e0   Code   RO         8098    .text.can_irq       BUILD/DISCO_L475VG_IOT01A/ARMC6/mbed-os/targets/TARGET_STM/can_api.o
    0x080028a4   0x0000000c   Code   RO         1906    .text.core_util_are_interrupts_enabled  BUILD/DISCO_L475VG_IOT01A/ARMC6/mbed-os/platform/source/mbed_critical.o
    0x080028b0   0x00000012   Code   RO         1809    .text.core_util_atomic_decr_u16  BUILD/DISCO_L475VG_IOT01A/ARMC6/mbed-os/platform/source/mbed_atomic_impl.o
    0x080028c2   0x00000010   Code   RO         1795    .text.core_util_atomic_exchange_u8  BUILD/DISCO_L475VG_IOT01A/ARMC6/mbed-os/platform/source/mbed_atomic_impl.o
    0x080028d2   0x00000014   Code   RO         1793    .text.core_util_atomic_flag_test_and_set  BUILD/DISCO_L475VG_IOT01A/ARMC6/mbed-os/platform/source/mbed_atomic_impl.o
    0x080028e6   0x00000012   Code   RO         1803    .text.core_util_atomic_incr_u16  BUILD/DISCO_L475VG_IOT01A/ARMC6/mbed-os/platform/source/mbed_atomic_impl.o
    0x080028f8   0x00000016   Code   RO         1855    .text.core_util_atomic_load_u64  BUILD/DISCO_L475VG_IOT01A/ARMC6/mbed-os/platform/source/mbed_atomic_impl.o
    0x0800290e   0x00000002   PAD
    0x08002910   0x00000010   Code   RO         1912    .text.core_util_critical_section_enter  BUILD/DISCO_L475VG_IOT01A/ARMC6/mbed-os/platform/source/mbed_critical.o
    0x08002920   0x00000018   Code   RO         1914    .text.core_util_critical_section_exit  BUILD/DISCO_L475VG_IOT01A/ARMC6/mbed-os/platform/source/mbed_critical.o
    0x08002938   0x0000000c   Code   RO         1908    .text.core_util_is_isr_active  BUILD/DISCO_L475VG_IOT01A/ARMC6/mbed-os/platform/source/mbed_critical.o
    0x08002944   0x00000020   Code   RO         1919    .text.error         BUILD/DISCO_L475VG_IOT01A/ARMC6/mbed-os/platform/source/mbed_error.o
    0x08002964   0x0000001c   Code   RO         1249    .text.exact_log2    BUILD/DISCO_L475VG_IOT01A/ARMC6/mbed-os/hal/source/mbed_ticker_api.o
    0x08002980   0x00000020   Code   RO         2140    .text.exit          BUILD/DISCO_L475VG_IOT01A/ARMC6/mbed-os/platform/source/mbed_retarget.o
    0x080029a0   0x00000008   Code   RO         1161    .text.get_lp_ticker_data  BUILD/DISCO_L475VG_IOT01A/ARMC6/mbed-os/hal/source/mbed_lp_ticker_api.o
    0x080029a8   0x00000058   Code   RO         8441    .text.get_uart_index  BUILD/DISCO_L475VG_IOT01A/ARMC6/mbed-os/targets/TARGET_STM/serial_api.o
    0x08002a00   0x0000002a   Code   RO         8124    .text.gpio_dir      BUILD/DISCO_L475VG_IOT01A/ARMC6/mbed-os/targets/TARGET_STM/gpio_api.o
    0x08002a2a   0x00000002   PAD
    0x08002a2c   0x00000048   Code   RO         8120    .text.gpio_init     BUILD/DISCO_L475VG_IOT01A/ARMC6/mbed-os/targets/TARGET_STM/gpio_api.o
    0x08002a74   0x00000006   Code   RO         1141    .text.gpio_init_out  BUILD/DISCO_L475VG_IOT01A/ARMC6/mbed-os/hal/source/mbed_gpio.o
    0x08002a7a   0x00000008   Code   RO         1143    .text.gpio_init_out_ex  BUILD/DISCO_L475VG_IOT01A/ARMC6/mbed-os/hal/source/mbed_gpio.o
    0x08002a82   0x00000008   Code   RO         8122    .text.gpio_mode     BUILD/DISCO_L475VG_IOT01A/ARMC6/mbed-os/targets/TARGET_STM/gpio_api.o
    0x08002a8a   0x00000018   Code   RO         8118    .text.gpio_set      BUILD/DISCO_L475VG_IOT01A/ARMC6/mbed-os/targets/TARGET_STM/gpio_api.o
    0x08002aa2   0x00000002   PAD
    0x08002aa4   0x00000018   Code   RO         1122    .text.hal_critical_section_enter  BUILD/DISCO_L475VG_IOT01A/ARMC6/mbed-os/hal/source/mbed_critical_section_api.o
    0x08002abc   0x00000014   Code   RO         1124    .text.hal_critical_section_exit  BUILD/DISCO_L475VG_IOT01A/ARMC6/mbed-os/hal/source/mbed_critical_section_api.o
    0x08002ad0   0x00000154   Code   RO         8478    .text.hal_deepsleep  BUILD/DISCO_L475VG_IOT01A/ARMC6/mbed-os/targets/TARGET_STM/sleep.o
    0x08002c24   0x00000020   Code   RO         8476    .text.hal_sleep     BUILD/DISCO_L475VG_IOT01A/ARMC6/mbed-os/targets/TARGET_STM/sleep.o
    0x08002c44   0x0000007c   Code   RO         1921    .text.handle_error  BUILD/DISCO_L475VG_IOT01A/ARMC6/mbed-os/platform/source/mbed_error.o
    0x08002cc0   0x000000a8   Code   RO         8576    .text.init_32bit_timer  BUILD/DISCO_L475VG_IOT01A/ARMC6/mbed-os/targets/TARGET_STM/us_ticker.o
    0x08002d68   0x00000090   Code   RO         8443    .text.init_uart     BUILD/DISCO_L475VG_IOT01A/ARMC6/mbed-os/targets/TARGET_STM/serial_api.o
    0x08002df8   0x000000e4   Code   RO         1221    .text.initialize    BUILD/DISCO_L475VG_IOT01A/ARMC6/mbed-os/hal/source/mbed_ticker_api.o
    0x08002edc   0x00000050   Code   RO         1231    .text.insert_event  BUILD/DISCO_L475VG_IOT01A/ARMC6/mbed-os/hal/source/mbed_ticker_api.o
    0x08002f2c   0x00000020   Code   RO         8295    .text.lp_ticker_clear_interrupt  BUILD/DISCO_L475VG_IOT01A/ARMC6/mbed-os/targets/TARGET_STM/lp_ticker.o
    0x08002f4c   0x0000004c   Code   RO         8287    .text.lp_ticker_disable_interrupt  BUILD/DISCO_L475VG_IOT01A/ARMC6/mbed-os/targets/TARGET_STM/lp_ticker.o
    0x08002f98   0x00000024   Code   RO         8297    .text.lp_ticker_fire_interrupt  BUILD/DISCO_L475VG_IOT01A/ARMC6/mbed-os/targets/TARGET_STM/lp_ticker.o
    0x08002fbc   0x00000004   Code   RO         8299    .text.lp_ticker_free  BUILD/DISCO_L475VG_IOT01A/ARMC6/mbed-os/targets/TARGET_STM/lp_ticker.o
    0x08002fc0   0x00000008   Code   RO         8283    .text.lp_ticker_get_info  BUILD/DISCO_L475VG_IOT01A/ARMC6/mbed-os/targets/TARGET_STM/lp_ticker.o
    0x08002fc8   0x0000017c   Code   RO         8285    .text.lp_ticker_init  BUILD/DISCO_L475VG_IOT01A/ARMC6/mbed-os/targets/TARGET_STM/lp_ticker.o
    0x08003144   0x00000014   Code   RO         1165    .text.lp_ticker_irq_handler  BUILD/DISCO_L475VG_IOT01A/ARMC6/mbed-os/hal/source/mbed_lp_ticker_api.o
    0x08003158   0x00000010   Code   RO         8291    .text.lp_ticker_read  BUILD/DISCO_L475VG_IOT01A/ARMC6/mbed-os/targets/TARGET_STM/lp_ticker.o
    0x08003168   0x000000ac   Code   RO         8293    .text.lp_ticker_set_interrupt  BUILD/DISCO_L475VG_IOT01A/ARMC6/mbed-os/targets/TARGET_STM/lp_ticker.o
    0x08003214   0x00000038   Code   RO            5    .text.main          BUILD/DISCO_L475VG_IOT01A/ARMC6/main.o
    0x0800324c   0x00000028   Code   RO         2258    .text.mbed_copy_nvic  BUILD/DISCO_L475VG_IOT01A/ARMC6/mbed-os/platform/source/mbed_sdk_boot.o
    0x08003274   0x00000060   Code   RO         1895    .text.mbed_die      BUILD/DISCO_L475VG_IOT01A/ARMC6/mbed-os/platform/source/mbed_board.o
    0x080032d4   0x00000068   Code   RO         1941    .text.mbed_error    BUILD/DISCO_L475VG_IOT01A/ARMC6/mbed-os/platform/source/mbed_error.o
    0x0800333c   0x00000068   Code   RO         1929    .text.mbed_error_initialize  BUILD/DISCO_L475VG_IOT01A/ARMC6/mbed-os/platform/source/mbed_error.o
    0x080033a4   0x00000018   Code   RO         1897    .text.mbed_error_printf  BUILD/DISCO_L475VG_IOT01A/ARMC6/mbed-os/platform/source/mbed_board.o
    0x080033bc   0x0000004c   Code   RO         1901    .text.mbed_error_puts  BUILD/DISCO_L475VG_IOT01A/ARMC6/mbed-os/platform/source/mbed_board.o
    0x08003408   0x00000034   Code   RO         1899    .text.mbed_error_vprintf  BUILD/DISCO_L475VG_IOT01A/ARMC6/mbed-os/platform/source/mbed_board.o
    0x0800343c   0x000000f4   Code   RO         1772    .text.mbed_fault_handler  BUILD/DISCO_L475VG_IOT01A/ARMC6/mbed-os/platform/source/TARGET_CORTEX_M/mbed_fault_handler.o
    0x08003530   0x00000030   Code   RO         1923    .text.mbed_halt_system  BUILD/DISCO_L475VG_IOT01A/ARMC6/mbed-os/platform/source/mbed_error.o
    0x08003560   0x00000012   Code   RO         2260    .text.mbed_init     BUILD/DISCO_L475VG_IOT01A/ARMC6/mbed-os/platform/source/mbed_sdk_boot.o
    0x08003572   0x000002a6   Code   RO         2440    .text.mbed_minimal_formatted_string  BUILD/DISCO_L475VG_IOT01A/ARMC6/mbed-os/platform/source/minimal-printf/mbed_printf_implementation.o
    0x08003818   0x0000012c   Code   RO         2444    .text.mbed_minimal_formatted_string_integer  BUILD/DISCO_L475VG_IOT01A/ARMC6/mbed-os/platform/source/minimal-printf/mbed_printf_implementation.o
    0x08003944   0x0000003c   Code   RO         2446    .text.mbed_minimal_putchar  BUILD/DISCO_L475VG_IOT01A/ARMC6/mbed-os/platform/source/minimal-printf/mbed_printf_implementation.o
    0x08003980   0x0000003c   Code   RO         8316    .text.mbed_sdk_init  BUILD/DISCO_L475VG_IOT01A/ARMC6/mbed-os/targets/TARGET_STM/mbed_overrides.o
    0x080039bc   0x0000001e   Code   RO          486    .text.mbed_tiny_compute_crc32  BUILD/DISCO_L475VG_IOT01A/ARMC6/mbed-os/drivers/source/MbedCRC.o
    0x080039da   0x00000024   Code   RO         2442    .text.parse_string_to_integer  BUILD/DISCO_L475VG_IOT01A/ARMC6/mbed-os/platform/source/minimal-printf/mbed_printf_implementation.o
    0x080039fe   0x00000002   PAD
    0x08003a00   0x000000f4   Code   RO         8322    .text.pin_function  BUILD/DISCO_L475VG_IOT01A/ARMC6/mbed-os/targets/TARGET_STM/pinmap.o
    0x08003af4   0x00000078   Code   RO         8326    .text.pin_mode      BUILD/DISCO_L475VG_IOT01A/ARMC6/mbed-os/targets/TARGET_STM/pinmap.o
    0x08003b6c   0x0000015c   Code   RO         1774    .text.print_context_info  BUILD/DISCO_L475VG_IOT01A/ARMC6/mbed-os/platform/source/TARGET_CORTEX_M/mbed_fault_handler.o
    0x08003cc8   0x00000014   Code   RO         8592    .text.restore_timer_ctx  BUILD/DISCO_L475VG_IOT01A/ARMC6/mbed-os/targets/TARGET_STM/us_ticker.o
    0x08003cdc   0x0000001c   Code   RO         8590    .text.save_timer_ctx  BUILD/DISCO_L475VG_IOT01A/ARMC6/mbed-os/targets/TARGET_STM/us_ticker.o
    0x08003cf8   0x000000ca   Code   RO         1227    .text.schedule_interrupt  BUILD/DISCO_L475VG_IOT01A/ARMC6/mbed-os/hal/source/mbed_ticker_api.o
    0x08003dc2   0x00000002   PAD
    0x08003dc4   0x0000007c   Code   RO         8449    .text.serial_baud   BUILD/DISCO_L475VG_IOT01A/ARMC6/mbed-os/targets/TARGET_STM/serial_api.o
    0x08003e40   0x00000108   Code   RO         8439    .text.serial_init_direct  BUILD/DISCO_L475VG_IOT01A/ARMC6/mbed-os/targets/TARGET_STM/serial_api.o
    0x08003f48   0x00000084   Code   RO         8469    .text.serial_is_tx_ongoing  BUILD/DISCO_L475VG_IOT01A/ARMC6/mbed-os/targets/TARGET_STM/serial_api.o
    0x08003fcc   0x00000024   Code   RO         7901    .text.serial_putc   BUILD/DISCO_L475VG_IOT01A/ARMC6/mbed-os/targets/TARGET_STM/TARGET_STM32L4/serial_device.o
    0x08003ff0   0x00000018   Code   RO         8463    .text.serial_writable  BUILD/DISCO_L475VG_IOT01A/ARMC6/mbed-os/targets/TARGET_STM/serial_api.o
    0x08004008   0x00000024   Code   RO         2061    .text.sleep_manager_lock_deep_sleep_internal  BUILD/DISCO_L475VG_IOT01A/ARMC6/mbed-os/platform/source/mbed_power_mgmt.o
    0x0800402c   0x00000020   Code   RO         2069    .text.sleep_manager_sleep_auto  BUILD/DISCO_L475VG_IOT01A/ARMC6/mbed-os/platform/source/mbed_power_mgmt.o
    0x0800404c   0x00000030   Code   RO         2063    .text.sleep_manager_unlock_deep_sleep_internal  BUILD/DISCO_L475VG_IOT01A/ARMC6/mbed-os/platform/source/mbed_power_mgmt.o
    0x0800407c   0x0000003a   Code   RO         8324    .text.stm_pin_PullConfig  BUILD/DISCO_L475VG_IOT01A/ARMC6/mbed-os/targets/TARGET_STM/pinmap.o
    0x080040b6   0x00000004   Code   RO         1943    .text.system_reset  BUILD/DISCO_L475VG_IOT01A/ARMC6/mbed-os/platform/source/mbed_error.o
    0x080040ba   0x00000008   Code   RO         2289    .text.thread_sleep_for  BUILD/DISCO_L475VG_IOT01A/ARMC6/mbed-os/platform/source/mbed_thread.o
    0x080040c2   0x00000024   Code   RO         1233    .text.ticker_insert_event_us  BUILD/DISCO_L475VG_IOT01A/ARMC6/mbed-os/hal/source/mbed_ticker_api.o
    0x080040e6   0x0000005e   Code   RO         1223    .text.ticker_irq_handler  BUILD/DISCO_L475VG_IOT01A/ARMC6/mbed-os/hal/source/mbed_ticker_api.o
    0x08004144   0x00000020   Code   RO         1239    .text.ticker_read_us  BUILD/DISCO_L475VG_IOT01A/ARMC6/mbed-os/hal/source/mbed_ticker_api.o
    0x08004164   0x00000030   Code   RO         1235    .text.ticker_remove_event  BUILD/DISCO_L475VG_IOT01A/ARMC6/mbed-os/hal/source/mbed_ticker_api.o
    0x08004194   0x0000001a   Code   RO         1219    .text.ticker_set_handler  BUILD/DISCO_L475VG_IOT01A/ARMC6/mbed-os/hal/source/mbed_ticker_api.o
    0x080041ae   0x00000002   PAD
    0x080041b0   0x00000024   Code   RO         8574    .text.timer_irq_handler  BUILD/DISCO_L475VG_IOT01A/ARMC6/mbed-os/targets/TARGET_STM/us_ticker.o
    0x080041d4   0x0000007c   Code   RO         1225    .text.update_present_time  BUILD/DISCO_L475VG_IOT01A/ARMC6/mbed-os/hal/source/mbed_ticker_api.o
    0x08004250   0x0000000c   Code   RO         8588    .text.us_ticker_clear_interrupt  BUILD/DISCO_L475VG_IOT01A/ARMC6/mbed-os/targets/TARGET_STM/us_ticker.o
    0x0800425c   0x00000010   Code   RO         8586    .text.us_ticker_disable_interrupt  BUILD/DISCO_L475VG_IOT01A/ARMC6/mbed-os/targets/TARGET_STM/us_ticker.o
    0x0800426c   0x0000001c   Code   RO         8584    .text.us_ticker_fire_interrupt  BUILD/DISCO_L475VG_IOT01A/ARMC6/mbed-os/targets/TARGET_STM/us_ticker.o
    0x08004288   0x00000008   Code   RO         8572    .text.us_ticker_get_info  BUILD/DISCO_L475VG_IOT01A/ARMC6/mbed-os/targets/TARGET_STM/us_ticker.o
    0x08004290   0x00000014   Code   RO         8578    .text.us_ticker_init  BUILD/DISCO_L475VG_IOT01A/ARMC6/mbed-os/targets/TARGET_STM/us_ticker.o
    0x080042a4   0x00000014   Code   RO         1263    .text.us_ticker_irq_handler  BUILD/DISCO_L475VG_IOT01A/ARMC6/mbed-os/hal/source/mbed_us_ticker_api.o
    0x080042b8   0x0000000c   Code   RO         8580    .text.us_ticker_read  BUILD/DISCO_L475VG_IOT01A/ARMC6/mbed-os/targets/TARGET_STM/us_ticker.o
    0x080042c4   0x0000001c   Code   RO         8582    .text.us_ticker_set_interrupt  BUILD/DISCO_L475VG_IOT01A/ARMC6/mbed-os/targets/TARGET_STM/us_ticker.o
    0x080042e0   0x00000036   Code   RO         2100    .text.write         BUILD/DISCO_L475VG_IOT01A/ARMC6/mbed-os/platform/source/mbed_retarget.o
    0x08004316   0x00000002   PAD
    0x08004318   0x00000008   Code   RO         8747    i.__aeabi_errno_addr  c:\Users\oleel\AppData\Local\Mbed Studio\mbed-studio-tools\ac6\bin\..\lib\armlib\mc_w.l(errno.o)
    0x08004320   0x0000000e   Code   RO         8869    i.__scatterload_copy  c:\Users\oleel\AppData\Local\Mbed Studio\mbed-studio-tools\ac6\bin\..\lib\armlib\mc_w.l(handlers.o)
    0x0800432e   0x00000002   Code   RO         8870    i.__scatterload_null  c:\Users\oleel\AppData\Local\Mbed Studio\mbed-studio-tools\ac6\bin\..\lib\armlib\mc_w.l(handlers.o)
    0x08004330   0x0000000e   Code   RO         8871    i.__scatterload_zeroinit  c:\Users\oleel\AppData\Local\Mbed Studio\mbed-studio-tools\ac6\bin\..\lib\armlib\mc_w.l(handlers.o)
    0x0800433e   0x00000018   Code   RO         8672    i._fflush$full      c:\Users\oleel\AppData\Local\Mbed Studio\mbed-studio-tools\ac6\bin\..\lib\armlib\mc_w.l(fflush_f.o)
    0x08004356   0x00000002   PAD
    0x08004358   0x00000000   Data   RO         2270    .rodata             BUILD/DISCO_L475VG_IOT01A/ARMC6/mbed-os/platform/source/mbed_sdk_boot.o
    0x08004358   0x00000010   Data   RO         7793    .rodata.AHBPrescTable  BUILD/DISCO_L475VG_IOT01A/ARMC6/mbed-os/targets/TARGET_STM/TARGET_STM32L4/STM32Cube_FW/system_stm32l4xx.o
    0x08004368   0x00000008   Data   RO         7794    .rodata.APBPrescTable  BUILD/DISCO_L475VG_IOT01A/ARMC6/mbed-os/targets/TARGET_STM/TARGET_STM32L4/STM32Cube_FW/system_stm32l4xx.o
    0x08004370   0x00000030   Data   RO         7795    .rodata.MSIRangeTable  BUILD/DISCO_L475VG_IOT01A/ARMC6/mbed-os/targets/TARGET_STM/TARGET_STM32L4/STM32Cube_FW/system_stm32l4xx.o
    0x080043a0   0x0000000c   Data   RO          965    .rodata._ZTVN4mbed10TimerEventE  BUILD/DISCO_L475VG_IOT01A/ARMC6/mbed-os/drivers/source/TimerEvent.o
    0x080043ac   0x0000000c   Data   RO         1766    .rodata._ZTVN4mbed8internal8SysTimerINSt3__25ratioILx1ELx1000EEELb1EEE  BUILD/DISCO_L475VG_IOT01A/ARMC6/mbed-os/platform/source/SysTimer.o
    0x080043b8   0x00000018   Data   RO         2212    .rodata._ZZL14do_serial_initvE14console_pinmap  BUILD/DISCO_L475VG_IOT01A/ARMC6/mbed-os/platform/source/mbed_retarget.o
    0x080043d0   0x00000010   Data   RO         7075    .rodata.cst16       BUILD/DISCO_L475VG_IOT01A/ARMC6/mbed-os/targets/TARGET_STM/TARGET_STM32L4/STM32Cube_FW/STM32L4xx_HAL_Driver/stm32l4xx_hal_uart.o
    0x080043e0   0x00000040   Data   RO         8328    .rodata.ll_pin_defines  BUILD/DISCO_L475VG_IOT01A/ARMC6/mbed-os/targets/TARGET_STM/pinmap.o
    0x08004420   0x00000008   Data   RO         1167    .rodata.lp_data     BUILD/DISCO_L475VG_IOT01A/ARMC6/mbed-os/hal/source/mbed_lp_ticker_api.o
    0x08004428   0x00000024   Data   RO         1169    .rodata.lp_interface  BUILD/DISCO_L475VG_IOT01A/ARMC6/mbed-os/hal/source/mbed_lp_ticker_api.o
    0x0800444c   0x00000008   Data   RO         8301    .rodata.lp_ticker_get_info.info  BUILD/DISCO_L475VG_IOT01A/ARMC6/mbed-os/targets/TARGET_STM/lp_ticker.o
    0x08004454   0x00000044   Data   RO           10    .rodata.str1.1      BUILD/DISCO_L475VG_IOT01A/ARMC6/main.o
    0x08004498   0x000000c8   Data   RO         1778    .rodata.str1.1      BUILD/DISCO_L475VG_IOT01A/ARMC6/mbed-os/platform/source/TARGET_CORTEX_M/mbed_fault_handler.o
    0x08004560   0x00000008   Data   RO         1267    .rodata.us_data     BUILD/DISCO_L475VG_IOT01A/ARMC6/mbed-os/hal/source/mbed_us_ticker_api.o
    0x08004568   0x00000024   Data   RO         1269    .rodata.us_interface  BUILD/DISCO_L475VG_IOT01A/ARMC6/mbed-os/hal/source/mbed_us_ticker_api.o
    0x0800458c   0x00000008   Data   RO         8596    .rodata.us_ticker_get_info.info  BUILD/DISCO_L475VG_IOT01A/ARMC6/mbed-os/targets/TARGET_STM/us_ticker.o
    0x08004594   0x00000020   Data   RO         8868    Region$$Table       anon$$obj.o
    0x080045b4   0x00000004   Data   RO           11    .init_array         BUILD/DISCO_L475VG_IOT01A/ARMC6/main.o
    0x080045b8   0x00000000   Data   RO         8761    .init_array         c:\Users\oleel\AppData\Local\Mbed Studio\mbed-studio-tools\ac6\bin\..\lib\armlib\mc_w.l(cpp_init.o)


    Execution Region RW_m_crash_data (Base: 0x10000188, Size: 0x00000100, Max: 0x00000100, ABSOLUTE)

    Base Addr    Size         Type   Attr      Idx    E Section Name        Object

    0x10000188   0x00000100   Zero   RW            1    RW_m_crash_data.bss  anon$$obj.o


    Execution Region RW_IRAM2 (Base: 0x10000288, Size: 0x000005f4, Max: 0x00007d78, ABSOLUTE)

    Base Addr    Size         Type   Attr      Idx    E Section Name        Object

    0x10000288   0x00000004   Data   RW         8750    .data               c:\Users\oleel\AppData\Local\Mbed Studio\mbed-studio-tools\ac6\bin\..\lib\armlib\mc_w.l(errno.o)
    0x1000028c   0x00000008   Data   RW         3194    .data..L_MergedGlobals  BUILD/DISCO_L475VG_IOT01A/ARMC6/mbed-os/targets/TARGET_STM/TARGET_STM32L4/STM32Cube_FW/STM32L4xx_HAL_Driver/stm32l4xx_hal.o
    0x10000294   0x00000004   Data   RW         7792    .data.SystemCoreClock  BUILD/DISCO_L475VG_IOT01A/ARMC6/mbed-os/targets/TARGET_STM/TARGET_STM32L4/STM32Cube_FW/system_stm32l4xx.o
    0x10000298   0x00000004   Data   RW         1168    .data.irq_handler   BUILD/DISCO_L475VG_IOT01A/ARMC6/mbed-os/hal/source/mbed_lp_ticker_api.o
    0x1000029c   0x00000004   Data   RW         1268    .data.irq_handler   BUILD/DISCO_L475VG_IOT01A/ARMC6/mbed-os/hal/source/mbed_us_ticker_api.o
    0x100002a0   0x00000014   Zero   RW         8690    .bss                c:\Users\oleel\AppData\Local\Mbed Studio\mbed-studio-tools\ac6\bin\..\lib\armlib\mc_w.l(stdout_f.o)
    0x100002b4   0x00000014   Zero   RW         8691    .bss                c:\Users\oleel\AppData\Local\Mbed Studio\mbed-studio-tools\ac6\bin\..\lib\armlib\mc_w.l(stderr_f.o)
    0x100002c8   0x00000002   Zero   RW         1128    .bss..L_MergedGlobals  BUILD/DISCO_L475VG_IOT01A/ARMC6/mbed-os/hal/source/mbed_critical_section_api.o
    0x100002ca   0x00000002   PAD
    0x100002cc   0x0000004c   Zero   RW         1968    .bss..L_MergedGlobals  BUILD/DISCO_L475VG_IOT01A/ARMC6/mbed-os/platform/source/mbed_error.o
    0x10000318   0x00000050   Zero   RW         2030    .bss..L_MergedGlobals  BUILD/DISCO_L475VG_IOT01A/ARMC6/mbed-os/platform/source/mbed_os_timer.o
    0x10000368   0x00000008   Zero   RW         2271    .bss..L_MergedGlobals  BUILD/DISCO_L475VG_IOT01A/ARMC6/mbed-os/platform/source/mbed_sdk_boot.o
    0x10000370   0x00000008   Zero   RW         8113    .bss..L_MergedGlobals  BUILD/DISCO_L475VG_IOT01A/ARMC6/mbed-os/targets/TARGET_STM/can_api.o
    0x10000378   0x0000000c   Zero   RW         8172    .bss..L_MergedGlobals  BUILD/DISCO_L475VG_IOT01A/ARMC6/mbed-os/targets/TARGET_STM/hal_tick_overrides.o
    0x10000384   0x00000048   Zero   RW         8302    .bss..L_MergedGlobals  BUILD/DISCO_L475VG_IOT01A/ARMC6/mbed-os/targets/TARGET_STM/lp_ticker.o
    0x100003cc   0x00000050   Zero   RW         8473    .bss..L_MergedGlobals  BUILD/DISCO_L475VG_IOT01A/ARMC6/mbed-os/targets/TARGET_STM/serial_api.o
    0x1000041c   0x00000058   Zero   RW         8597    .bss..L_MergedGlobals  BUILD/DISCO_L475VG_IOT01A/ARMC6/mbed-os/targets/TARGET_STM/us_ticker.o
    0x10000474   0x00000003   Zero   RW         2206    .bss._ZL14stdio_out_prev  BUILD/DISCO_L475VG_IOT01A/ARMC6/mbed-os/platform/source/mbed_retarget.o
    0x10000477   0x00000001   PAD
    0x10000478   0x00000004   Zero   RW         2211    .bss._ZZL19do_serial_init_oncevE4once  BUILD/DISCO_L475VG_IOT01A/ARMC6/mbed-os/platform/source/mbed_retarget.o
    0x1000047c   0x00000004   Zero   RW         1916    .bss.critical_section_reentrancy_counter  BUILD/DISCO_L475VG_IOT01A/ARMC6/mbed-os/platform/source/mbed_critical.o
    0x10000480   0x00000002   Zero   RW         2073    .bss.deep_sleep_lock  BUILD/DISCO_L475VG_IOT01A/ARMC6/mbed-os/platform/source/mbed_power_mgmt.o
    0x10000482   0x00000006   PAD
    0x10000488   0x00000038   Zero   RW         1170    .bss.events         BUILD/DISCO_L475VG_IOT01A/ARMC6/mbed-os/hal/source/mbed_lp_ticker_api.o
    0x100004c0   0x00000038   Zero   RW         1270    .bss.events         BUILD/DISCO_L475VG_IOT01A/ARMC6/mbed-os/hal/source/mbed_us_ticker_api.o
    0x100004f8   0x00000001   Zero   RW         1967    .bss.halt_in_progress  BUILD/DISCO_L475VG_IOT01A/ARMC6/mbed-os/platform/source/mbed_error.o
    0x100004f9   0x00000001   Zero   RW         1965    .bss.is_reboot_error_valid  BUILD/DISCO_L475VG_IOT01A/ARMC6/mbed-os/platform/source/mbed_error.o
    0x100004fa   0x00000002   PAD
    0x100004fc   0x00000040   Zero   RW         1966    .bss.last_error_ctx  BUILD/DISCO_L475VG_IOT01A/ARMC6/mbed-os/platform/source/mbed_error.o
    0x1000053c   0x0000001c   Zero   RW            9    .bss.led1           BUILD/DISCO_L475VG_IOT01A/ARMC6/main.o
    0x10000558   0x00000004   Zero   RW         2203    .bss.mbed_heap_size  BUILD/DISCO_L475VG_IOT01A/ARMC6/mbed-os/platform/source/mbed_retarget.o
    0x1000055c   0x00000004   Zero   RW         2202    .bss.mbed_heap_start  BUILD/DISCO_L475VG_IOT01A/ARMC6/mbed-os/platform/source/mbed_retarget.o
    0x10000560   0x00000004   Zero   RW         8318    .bss.mbed_sdk_inited  BUILD/DISCO_L475VG_IOT01A/ARMC6/mbed-os/targets/TARGET_STM/mbed_overrides.o
    0x10000564   0x00000318   Zero   RW         7939    .bss.uart_handlers  BUILD/DISCO_L475VG_IOT01A/ARMC6/mbed-os/targets/TARGET_STM/TARGET_STM32L4/serial_device.o


    Execution Region RW_IRAM1 (Base: 0x20000000, Size: 0x00000000, Max: 0x00006000, ABSOLUTE)

    **** No section assigned to this execution region ****


    Execution Region ARM_LIB_HEAP (Base: 0x20000000, Size: 0x00017000, Max: 0x00017000, ABSOLUTE)

    Base Addr    Size         Type   Attr      Idx    E Section Name        Object

    0x20000000   0x00017000   Zero   RW            2    ARM_LIB_HEAP.bss    anon$$obj.o


    Execution Region ARM_LIB_STACK (Base: 0x20017000, Size: 0x00001000, Max: 0x00001000, ABSOLUTE)

    Base Addr    Size         Type   Attr      Idx    E Section Name        Object

    0x20017000   0x00001000   Zero   RW            3    ARM_LIB_STACK.bss   anon$$obj.o


==============================================================================

Image component sizes


      Code (inc. data)   RO Data    RW Data    ZI Data      Debug   

     16312       1448       1000         20     100020      23360   Object Totals
         0          0         32          0      98560          0   (incl. Generated)
        42          0          0          0         11          0   (incl. Padding)
       536         72          0          4         40       1012   Library Totals
         2          0          0          0          0          0   (incl. Padding)

==============================================================================


      Code (inc. data)   RO Data    RW Data    ZI Data      Debug   

     16848       1520       1000         24     100060      23120   Grand Totals
     16848       1520       1000         24     100060      23120   ELF Image Totals
     16848       1520       1000         24          0          0   ROM Totals

==============================================================================

    Total RO  Size (Code + RO Data)                17848 (  17.43kB)
    Total RW  Size (RW Data + ZI Data)            100084 (  97.74kB)
    Total ROM Size (Code + RO Data + RW Data)      17872 (  17.45kB)

==============================================================================

