Component: ARM Compiler 6.16 Tool: armlink [5dfeaa00]

==============================================================================

Memory Map of the image

  Image Entry point : 0x08000189

  Load Region LR_IROM1 (Base: 0x08000000, Size: 0x00007d38, Max: 0x00100000, ABSOLUTE)

    Execution Region ER_IROM1 (Base: 0x08000000, Size: 0x00007cdc, Max: 0x00100000, ABSOLUTE)

    Base Addr    Size         Type   Attr      Idx    E Section Name        Object

    0x08000000   0x00000188   Data   RO         8180    RESET               BUILD/DISCO_L475VG_IOT01A/ARMC6/mbed-os/targets/TARGET_STM/TARGET_STM32L4/TARGET_STM32L475xG/TOOLCHAIN_ARM/startup_stm32l475xx.o
    0x08000188   0x00000000   Code   RO         9021  * .ARM.Collect$$$$00000000  c:\Users\oleel\AppData\Local\Mbed Studio\mbed-studio-tools\ac6\bin\..\lib\armlib\mc_w.l(entry.o)
    0x08000188   0x00000004   Code   RO         9227    .ARM.Collect$$$$00000003  c:\Users\oleel\AppData\Local\Mbed Studio\mbed-studio-tools\ac6\bin\..\lib\armlib\mc_w.l(entry4.o)
    0x0800018c   0x00000004   Code   RO         9230    .ARM.Collect$$$$00000004  c:\Users\oleel\AppData\Local\Mbed Studio\mbed-studio-tools\ac6\bin\..\lib\armlib\mc_w.l(entry5.o)
    0x08000190   0x00000004   Code   RO         9023    .ARM.Collect$$$$00000006  c:\Users\oleel\AppData\Local\Mbed Studio\mbed-studio-tools\ac6\bin\..\lib\armlib\mc_w.l(entry6b.o)
    0x08000194   0x00000000   Code   RO         9232    .ARM.Collect$$$$00000008  c:\Users\oleel\AppData\Local\Mbed Studio\mbed-studio-tools\ac6\bin\..\lib\armlib\mc_w.l(entry7b.o)
    0x08000194   0x00000004   Code   RO         9233    .ARM.Collect$$$$00000009  c:\Users\oleel\AppData\Local\Mbed Studio\mbed-studio-tools\ac6\bin\..\lib\armlib\mc_w.l(entry8a.o)
    0x08000198   0x00000000   Code   RO         9234    .ARM.Collect$$$$0000000A  c:\Users\oleel\AppData\Local\Mbed Studio\mbed-studio-tools\ac6\bin\..\lib\armlib\mc_w.l(entry8b.o)
    0x08000198   0x00000008   Code   RO         9235    .ARM.Collect$$$$0000000B  c:\Users\oleel\AppData\Local\Mbed Studio\mbed-studio-tools\ac6\bin\..\lib\armlib\mc_w.l(entry9a.o)
    0x080001a0   0x00000000   Code   RO         9237    .ARM.Collect$$$$0000000D  c:\Users\oleel\AppData\Local\Mbed Studio\mbed-studio-tools\ac6\bin\..\lib\armlib\mc_w.l(entry10a.o)
    0x080001a0   0x00000000   Code   RO         9239    .ARM.Collect$$$$0000000F  c:\Users\oleel\AppData\Local\Mbed Studio\mbed-studio-tools\ac6\bin\..\lib\armlib\mc_w.l(entry11a.o)
    0x080001a0   0x00000004   Code   RO         9228    .ARM.Collect$$$$00002714  c:\Users\oleel\AppData\Local\Mbed Studio\mbed-studio-tools\ac6\bin\..\lib\armlib\mc_w.l(entry4.o)
    0x080001a4   0x0000005c   Code   RO         2081    .text               BUILD/DISCO_L475VG_IOT01A/ARMC6/mbed-os/platform/source/TARGET_CORTEX_M/TOOLCHAIN_ARM/except.o
    0x08000200   0x00000024   Code   RO         8181    .text               BUILD/DISCO_L475VG_IOT01A/ARMC6/mbed-os/targets/TARGET_STM/TARGET_STM32L4/TARGET_STM32L475xG/TOOLCHAIN_ARM/startup_stm32l475xx.o
    0x08000224   0x00000020   Code   RO         9079    .text               c:\Users\oleel\AppData\Local\Mbed Studio\mbed-studio-tools\ac6\bin\..\lib\armlib\mc_w.l(initio_oe.o)
    0x08000244   0x00000028   Code   RO         9087    .text               c:\Users\oleel\AppData\Local\Mbed Studio\mbed-studio-tools\ac6\bin\..\lib\armlib\mc_w.l(fputc_fp.o)
    0x0800026c   0x00000062   Code   RO         9107    .text               c:\Users\oleel\AppData\Local\Mbed Studio\mbed-studio-tools\ac6\bin\..\lib\armlib\mc_w.l(uldiv.o)
    0x080002ce   0x0000001e   Code   RO         9111    .text               c:\Users\oleel\AppData\Local\Mbed Studio\mbed-studio-tools\ac6\bin\..\lib\armlib\mc_w.l(llshl.o)
    0x080002ec   0x00000020   Code   RO         9113    .text               c:\Users\oleel\AppData\Local\Mbed Studio\mbed-studio-tools\ac6\bin\..\lib\armlib\mc_w.l(llushr.o)
    0x0800030c   0x00000024   Code   RO         9115    .text               c:\Users\oleel\AppData\Local\Mbed Studio\mbed-studio-tools\ac6\bin\..\lib\armlib\mc_w.l(memcpya.o)
    0x08000330   0x00000024   Code   RO         9117    .text               c:\Users\oleel\AppData\Local\Mbed Studio\mbed-studio-tools\ac6\bin\..\lib\armlib\mc_w.l(memseta.o)
    0x08000354   0x0000000e   Code   RO         9123    .text               c:\Users\oleel\AppData\Local\Mbed Studio\mbed-studio-tools\ac6\bin\..\lib\armlib\mc_w.l(strlen.o)
    0x08000362   0x0000001c   Code   RO         9125    .text               c:\Users\oleel\AppData\Local\Mbed Studio\mbed-studio-tools\ac6\bin\..\lib\armlib\mc_w.l(strcmp.o)
    0x0800037e   0x0000001a   Code   RO         9127    .text               c:\Users\oleel\AppData\Local\Mbed Studio\mbed-studio-tools\ac6\bin\..\lib\armlib\mc_w.l(memcmp.o)
    0x08000398   0x0000001c   Code   RO         9129    .text               c:\Users\oleel\AppData\Local\Mbed Studio\mbed-studio-tools\ac6\bin\..\lib\armlib\mc_w.l(strspn.o)
[...]
    0x08000fe0   0x0000000c   Code   RO         5304    .text.HAL_PWREx_GetVoltageRange  BUILD/DISCO_L475VG_IOT01A/ARMC6/mbed-os/targets/TARGET_STM/TARGET_STM32L4/STM32Cube_FW/STM32L4xx_HAL_Driver/stm32l4xx_hal_pwr_ex.o
    0x08000fec   0x00000010   Code   RO         5272    .text.HAL_PWR_EnableBkUpAccess  BUILD/DISCO_L475VG_IOT01A/ARMC6/mbed-os/targets/TARGET_STM/TARGET_STM32L4/STM32Cube_FW/STM32L4xx_HAL_Driver/stm32l4xx_hal_pwr.o
    0x08000ffc   0x00000044   Code   RO         5286    .text.HAL_PWR_EnterSLEEPMode  BUILD/DISCO_L475VG_IOT01A/ARMC6/mbed-os/targets/TARGET_STM/TARGET_STM32L4/STM32Cube_FW/STM32L4xx_HAL_Driver/stm32l4xx_hal_pwr.o
    0x08001040   0x00000010   Code   RO         5600    .text.HAL_RCCEx_EnableMSIPLLMode  BUILD/DISCO_L475VG_IOT01A/ARMC6/mbed-os/targets/TARGET_STM/TARGET_STM32L4/STM32Cube_FW/STM32L4xx_HAL_Driver/stm32l4xx_hal_rcc_ex.o
    0x08001050   0x00000304   Code   RO         5562    .text.HAL_RCCEx_PeriphCLKConfig  BUILD/DISCO_L475VG_IOT01A/ARMC6/mbed-os/targets/TARGET_STM/TARGET_STM32L4/STM32Cube_FW/STM32L4xx_HAL_Driver/stm32l4xx_hal_rcc_ex.o
    0x08001354   0x00000124   Code   RO         5528    .text.HAL_RCC_ClockConfig  BUILD/DISCO_L475VG_IOT01A/ARMC6/mbed-os/targets/TARGET_STM/TARGET_STM32L4/STM32Cube_FW/STM32L4xx_HAL_Driver/stm32l4xx_hal_rcc.o
    0x08001478   0x0000003c   Code   RO         5540    .text.HAL_RCC_GetClockConfig  BUILD/DISCO_L475VG_IOT01A/ARMC6/mbed-os/targets/TARGET_STM/TARGET_STM32L4/STM32Cube_FW/STM32L4xx_HAL_Driver/stm32l4xx_hal_rcc.o
    0x080014b4   0x000000c4   Code   RO         5538    .text.HAL_RCC_GetOscConfig  BUILD/DISCO_L475VG_IOT01A/ARMC6/mbed-os/targets/TARGET_STM/TARGET_STM32L4/STM32Cube_FW/STM32L4xx_HAL_Driver/stm32l4xx_hal_rcc.o
    0x08001578   0x00000014   Code   RO         5534    .text.HAL_RCC_GetPCLK1Freq  BUILD/DISCO_L475VG_IOT01A/ARMC6/mbed-os/targets/TARGET_STM/TARGET_STM32L4/STM32Cube_FW/STM32L4xx_HAL_Driver/stm32l4xx_hal_rcc.o
    0x0800158c   0x00000020   Code   RO         5536    .text.HAL_RCC_GetPCLK2Freq  BUILD/DISCO_L475VG_IOT01A/ARMC6/mbed-os/targets/TARGET_STM/TARGET_STM32L4/STM32Cube_FW/STM32L4xx_HAL_Driver/stm32l4xx_hal_rcc.o
    0x080015ac   0x000000a0   Code   RO         5526    .text.HAL_RCC_GetSysClockFreq  BUILD/DISCO_L475VG_IOT01A/ARMC6/mbed-os/targets/TARGET_STM/TARGET_STM32L4/STM32Cube_FW/STM32L4xx_HAL_Driver/stm32l4xx_hal_rcc.o
    0x0800164c   0x000004ec   Code   RO         5522    .text.HAL_RCC_OscConfig  BUILD/DISCO_L475VG_IOT01A/ARMC6/mbed-os/targets/TARGET_STM/TARGET_STM32L4/STM32Cube_FW/STM32L4xx_HAL_Driver/stm32l4xx_hal_rcc.o
    0x08001b38   0x0000001e   Code   RO         6669    .text.HAL_TIM_OC_Init  BUILD/DISCO_L475VG_IOT01A/ARMC6/mbed-os/targets/TARGET_STM/TARGET_STM32L4/STM32Cube_FW/STM32L4xx_HAL_Driver/stm32l4xx_hal_tim.o
    0x08001b56   0x00000002   PAD
    0x08001b58   0x00000124   Code   RO         6677    .text.HAL_TIM_OC_Start  BUILD/DISCO_L475VG_IOT01A/ARMC6/mbed-os/targets/TARGET_STM/TARGET_STM32L4/STM32Cube_FW/STM32L4xx_HAL_Driver/stm32l4xx_hal_tim.o
    0x08001c7c   0x00000020   Code   RO         7442    .text.HAL_UARTEx_DisableClockStopMode  BUILD/DISCO_L475VG_IOT01A/ARMC6/mbed-os/targets/TARGET_STM/TARGET_STM32L4/STM32Cube_FW/STM32L4xx_HAL_Driver/stm32l4xx_hal_uart_ex.o
    0x08001c9c   0x00000020   Code   RO         7450    .text.HAL_UARTEx_DisableStopMode  BUILD/DISCO_L475VG_IOT01A/ARMC6/mbed-os/targets/TARGET_STM/TARGET_STM32L4/STM32Cube_FW/STM32L4xx_HAL_Driver/stm32l4xx_hal_uart_ex.o
    0x08001cbc   0x00000020   Code   RO         7448    .text.HAL_UARTEx_EnableStopMode  BUILD/DISCO_L475VG_IOT01A/ARMC6/mbed-os/targets/TARGET_STM/TARGET_STM32L4/STM32Cube_FW/STM32L4xx_HAL_Driver/stm32l4xx_hal_uart_ex.o
    0x08001cdc   0x00000038   Code   RO         7253    .text.HAL_UART_Init  BUILD/DISCO_L475VG_IOT01A/ARMC6/mbed-os/targets/TARGET_STM/TARGET_STM32L4/STM32Cube_FW/STM32L4xx_HAL_Driver/stm32l4xx_hal_uart.o
    0x08001d14   0x00000002   Code   RO         7255    .text.HAL_UART_MspInit  BUILD/DISCO_L475VG_IOT01A/ARMC6/mbed-os/targets/TARGET_STM/TARGET_STM32L4/STM32Cube_FW/STM32L4xx_HAL_Driver/stm32l4xx_hal_uart.o
    0x08001d16   0x00000032   Code   RO          202    .text.HTS221_Activate  BUILD/DISCO_L475VG_IOT01A/ARMC6/HTS221/HTS221_driver.o
    0x08001d48   0x00000032   Code   RO          204    .text.HTS221_DeActivate  BUILD/DISCO_L475VG_IOT01A/ARMC6/HTS221/HTS221_driver.o
    0x08001d7a   0x00000014   Code   RO          178    .text.HTS221_Get_DeviceID  BUILD/DISCO_L475VG_IOT01A/ARMC6/HTS221/HTS221_driver.o
    0x08001d8e   0x00000002   PAD
    0x08001d90   0x000000d0   Code   RO          192    .text.HTS221_Get_Humidity  BUILD/DISCO_L475VG_IOT01A/ARMC6/HTS221/HTS221_driver.o
    0x08001e60   0x000000c6   Code   RO          190    .text.HTS221_Get_Temperature  BUILD/DISCO_L475VG_IOT01A/ARMC6/HTS221/HTS221_driver.o
    0x08001f26   0x00000002   PAD
    0x08001f28   0x00000044   Code   RO          216    .text.HTS221_Set_BduMode  BUILD/DISCO_L475VG_IOT01A/ARMC6/HTS221/HTS221_driver.o
    0x08001f6c   0x00000044   Code   RO          224    .text.HTS221_Set_Odr  BUILD/DISCO_L475VG_IOT01A/ARMC6/HTS221/HTS221_driver.o
    0x08001fb0   0x0000003c   Code   RO          182    .text.HTS221_assert_failed  BUILD/DISCO_L475VG_IOT01A/ARMC6/HTS221/HTS221_driver.o
    0x08001fec   0x00000010   Code   RO          141    .text.HTS221_io_read  BUILD/DISCO_L475VG_IOT01A/ARMC6/HTS221/HTS221Sensor.o
    0x08001ffc   0x00000010   Code   RO          139    .text.HTS221_io_write  BUILD/DISCO_L475VG_IOT01A/ARMC6/HTS221/HTS221Sensor.o
    0x0800200c   0x0000001c   Code   RO          172    .text.HTS221_read_reg  BUILD/DISCO_L475VG_IOT01A/ARMC6/HTS221/HTS221_driver.o
    0x08002028   0x0000001c   Code   RO          174    .text.HTS221_write_reg  BUILD/DISCO_L475VG_IOT01A/ARMC6/HTS221/HTS221_driver.o
    0x08002044   0x0000001a   Code   RO         4361    .text.I2C_ConvertOtherXferOptions  BUILD/DISCO_L475VG_IOT01A/ARMC6/mbed-os/targets/TARGET_STM/TARGET_STM32L4/STM32Cube_FW/STM32L4xx_HAL_Driver/stm32l4xx_hal_i2c.o
    0x0800205e   0x00000016   Code   RO         4373    .text.I2C_DMAAbort  BUILD/DISCO_L475VG_IOT01A/ARMC6/mbed-os/targets/TARGET_STM/TARGET_STM32L4/STM32Cube_FW/STM32L4xx_HAL_Driver/stm32l4xx_hal_i2c.o
    0x08002074   0x0000005a   Code   RO         4371    .text.I2C_Disable_IRQ  BUILD/DISCO_L475VG_IOT01A/ARMC6/mbed-os/targets/TARGET_STM/TARGET_STM32L4/STM32Cube_FW/STM32L4xx_HAL_Driver/stm32l4xx_hal_i2c.o
    0x080020ce   0x00000002   PAD
    0x080020d0   0x00000070   Code   RO         4309    .text.I2C_Enable_IRQ  BUILD/DISCO_L475VG_IOT01A/ARMC6/mbed-os/targets/TARGET_STM/TARGET_STM32L4/STM32Cube_FW/STM32L4xx_HAL_Driver/stm32l4xx_hal_i2c.o
    0x08002140   0x0000001c   Code   RO         4419    .text.I2C_Flush_TXDR  BUILD/DISCO_L475VG_IOT01A/ARMC6/mbed-os/targets/TARGET_STM/TARGET_STM32L4/STM32Cube_FW/STM32L4xx_HAL_Driver/stm32l4xx_hal_i2c.o
    0x0800215c   0x0000008a   Code   RO         4431    .text.I2C_ITAddrCplt  BUILD/DISCO_L475VG_IOT01A/ARMC6/mbed-os/targets/TARGET_STM/TARGET_STM32L4/STM32Cube_FW/STM32L4xx_HAL_Driver/stm32l4xx_hal_i2c.o
    0x080021e6   0x00000002   PAD
    0x080021e8   0x000000d0   Code   RO         4391    .text.I2C_ITError   BUILD/DISCO_L475VG_IOT01A/ARMC6/mbed-os/targets/TARGET_STM/TARGET_STM32L4/STM32Cube_FW/STM32L4xx_HAL_Driver/stm32l4xx_hal_i2c.o
    0x080022b8   0x0000004c   Code   RO         4427    .text.I2C_ITListenCplt  BUILD/DISCO_L475VG_IOT01A/ARMC6/mbed-os/targets/TARGET_STM/TARGET_STM32L4/STM32Cube_FW/STM32L4xx_HAL_Driver/stm32l4xx_hal_i2c.o
    0x08002304   0x000000ac   Code   RO         4423    .text.I2C_ITMasterCplt  BUILD/DISCO_L475VG_IOT01A/ARMC6/mbed-os/targets/TARGET_STM/TARGET_STM32L4/STM32Cube_FW/STM32L4xx_HAL_Driver/stm32l4xx_hal_i2c.o
    0x080023b0   0x0000004c   Code   RO         4421    .text.I2C_ITMasterSeqCplt  BUILD/DISCO_L475VG_IOT01A/ARMC6/mbed-os/targets/TARGET_STM/TARGET_STM32L4/STM32Cube_FW/STM32L4xx_HAL_Driver/stm32l4xx_hal_i2c.o
    0x080023fc   0x00000108   Code   RO         4425    .text.I2C_ITSlaveCplt  BUILD/DISCO_L475VG_IOT01A/ARMC6/mbed-os/targets/TARGET_STM/TARGET_STM32L4/STM32Cube_FW/STM32L4xx_HAL_Driver/stm32l4xx_hal_i2c.o
    0x08002504   0x00000070   Code   RO         4429    .text.I2C_ITSlaveSeqCplt  BUILD/DISCO_L475VG_IOT01A/ARMC6/mbed-os/targets/TARGET_STM/TARGET_STM32L4/STM32Cube_FW/STM32L4xx_HAL_Driver/stm32l4xx_hal_i2c.o
    0x08002574   0x000000f0   Code   RO         4321    .text.I2C_Master_ISR_DMA  BUILD/DISCO_L475VG_IOT01A/ARMC6/mbed-os/targets/TARGET_STM/TARGET_STM32L4/STM32Cube_FW/STM32L4xx_HAL_Driver/stm32l4xx_hal_i2c.o
    0x08002664   0x000000f6   Code   RO         4307    .text.I2C_Master_ISR_IT  BUILD/DISCO_L475VG_IOT01A/ARMC6/mbed-os/targets/TARGET_STM/TARGET_STM32L4/STM32Cube_FW/STM32L4xx_HAL_Driver/stm32l4xx_hal_i2c.o
    0x0800275a   0x00000002   PAD
    0x0800275c   0x00000110   Code   RO         4333    .text.I2C_Slave_ISR_DMA  BUILD/DISCO_L475VG_IOT01A/ARMC6/mbed-os/targets/TARGET_STM/TARGET_STM32L4/STM32Cube_FW/STM32L4xx_HAL_Driver/stm32l4xx_hal_i2c.o
    0x0800286c   0x000000cc   Code   RO         4315    .text.I2C_Slave_ISR_IT  BUILD/DISCO_L475VG_IOT01A/ARMC6/mbed-os/targets/TARGET_STM/TARGET_STM32L4/STM32Cube_FW/STM32L4xx_HAL_Driver/stm32l4xx_hal_i2c.o
    0x08002938   0x00000028   Code   RO         4291    .text.I2C_TransferConfig  BUILD/DISCO_L475VG_IOT01A/ARMC6/mbed-os/targets/TARGET_STM/TARGET_STM32L4/STM32Cube_FW/STM32L4xx_HAL_Driver/stm32l4xx_hal_i2c.o
    0x08002960   0x00000026   Code   RO         4433    .text.I2C_TreatErrorCallback  BUILD/DISCO_L475VG_IOT01A/ARMC6/mbed-os/targets/TARGET_STM/TARGET_STM32L4/STM32Cube_FW/STM32L4xx_HAL_Driver/stm32l4xx_hal_i2c.o
    0x08002986   0x00000002   PAD
    0x08002988   0x000000b0   Code   RO         8647    .text.LPTIM_IRQHandler  BUILD/DISCO_L475VG_IOT01A/ARMC6/mbed-os/targets/TARGET_STM/lp_ticker.o
    0x08002a38   0x00000038   Code   RO         4774    .text.LPTIM_WaitForFlag  BUILD/DISCO_L475VG_IOT01A/ARMC6/mbed-os/targets/TARGET_STM/TARGET_STM32L4/STM32Cube_FW/STM32L4xx_HAL_Driver/stm32l4xx_hal_lptim.o
    0x08002a70   0x00000006   Code   RO           89    .text.OUTLINED_FUNCTION_0  BUILD/DISCO_L475VG_IOT01A/ARMC6/DFRobot_RGBLCD.o
    0x08002a76   0x0000000a   Code   RO          143    .text.OUTLINED_FUNCTION_0  BUILD/DISCO_L475VG_IOT01A/ARMC6/HTS221/HTS221Sensor.o
    0x08002a80   0x0000000a   Code   RO          248    .text.OUTLINED_FUNCTION_0  BUILD/DISCO_L475VG_IOT01A/ARMC6/HTS221/HTS221_driver.o
    0x08002a8a   0x0000000c   Code   RO         1476    .text.OUTLINED_FUNCTION_0  BUILD/DISCO_L475VG_IOT01A/ARMC6/mbed-os/hal/source/mbed_pinmap_common.o
    0x08002a96   0x00000006   Code   RO         1535    .text.OUTLINED_FUNCTION_0  BUILD/DISCO_L475VG_IOT01A/ARMC6/mbed-os/hal/source/mbed_ticker_api.o
    0x08002a9c   0x00000008   Code   RO         1750    .text.OUTLINED_FUNCTION_0  BUILD/DISCO_L475VG_IOT01A/ARMC6/mbed-os/platform/source/FileBase.o
    0x08002aa4   0x00000032   Code   RO         1885    .text.OUTLINED_FUNCTION_0  BUILD/DISCO_L475VG_IOT01A/ARMC6/mbed-os/platform/source/SysTimer.o
    0x08002ad6   0x00000006   Code   RO         2275    .text.OUTLINED_FUNCTION_0  BUILD/DISCO_L475VG_IOT01A/ARMC6/mbed-os/platform/source/mbed_error.o
    0x08002adc   0x00000008   Code   RO         2554    .text.OUTLINED_FUNCTION_0  BUILD/DISCO_L475VG_IOT01A/ARMC6/mbed-os/platform/source/mbed_retarget.o
    0x08002ae4   0x00000010   Code   RO         2808    .text.OUTLINED_FUNCTION_0  BUILD/DISCO_L475VG_IOT01A/ARMC6/mbed-os/platform/source/minimal-printf/mbed_printf_implementation.o
    0x08002af4   0x00000018   Code   RO         4637    .text.OUTLINED_FUNCTION_0  BUILD/DISCO_L475VG_IOT01A/ARMC6/mbed-os/targets/TARGET_STM/TARGET_STM32L4/STM32Cube_FW/STM32L4xx_HAL_Driver/stm32l4xx_hal_i2c_ex.o
    0x08002b0c   0x00000016   Code   RO         4844    .text.OUTLINED_FUNCTION_0  BUILD/DISCO_L475VG_IOT01A/ARMC6/mbed-os/targets/TARGET_STM/TARGET_STM32L4/STM32Cube_FW/STM32L4xx_HAL_Driver/stm32l4xx_hal_lptim.o
    0x08002b22   0x0000000a   Code   RO         5382    .text.OUTLINED_FUNCTION_0  BUILD/DISCO_L475VG_IOT01A/ARMC6/mbed-os/targets/TARGET_STM/TARGET_STM32L4/STM32Cube_FW/STM32L4xx_HAL_Driver/stm32l4xx_hal_pwr_ex.o
    0x08002b2c   0x00000024   Code   RO         5548    .text.OUTLINED_FUNCTION_0  BUILD/DISCO_L475VG_IOT01A/ARMC6/mbed-os/targets/TARGET_STM/TARGET_STM32L4/STM32Cube_FW/STM32L4xx_HAL_Driver/stm32l4xx_hal_rcc.o
    0x08002b50   0x00000010   Code   RO         5604    .text.OUTLINED_FUNCTION_0  BUILD/DISCO_L475VG_IOT01A/ARMC6/mbed-os/targets/TARGET_STM/TARGET_STM32L4/STM32Cube_FW/STM32L4xx_HAL_Driver/stm32l4xx_hal_rcc_ex.o
    0x08002b60   0x00000014   Code   RO         7381    .text.OUTLINED_FUNCTION_0  BUILD/DISCO_L475VG_IOT01A/ARMC6/mbed-os/targets/TARGET_STM/TARGET_STM32L4/STM32Cube_FW/STM32L4xx_HAL_Driver/stm32l4xx_hal_uart.o
    0x08002b74   0x00000006   Code   RO         8468    .text.OUTLINED_FUNCTION_0  BUILD/DISCO_L475VG_IOT01A/ARMC6/mbed-os/targets/TARGET_STM/can_api.o
    0x08002b7a   0x00000006   Code   RO         8516    .text.OUTLINED_FUNCTION_0  BUILD/DISCO_L475VG_IOT01A/ARMC6/mbed-os/targets/TARGET_STM/gpio_irq_api.o
    0x08002b80   0x00000018   Code   RO         8625    .text.OUTLINED_FUNCTION_0  BUILD/DISCO_L475VG_IOT01A/ARMC6/mbed-os/targets/TARGET_STM/i2c_api.o
    0x08002b98   0x00000008   Code   RO           91    .text.OUTLINED_FUNCTION_1  BUILD/DISCO_L475VG_IOT01A/ARMC6/DFRobot_RGBLCD.o
    0x08002ba0   0x0000000a   Code   RO          145    .text.OUTLINED_FUNCTION_1  BUILD/DISCO_L475VG_IOT01A/ARMC6/HTS221/HTS221Sensor.o
    0x08002baa   0x00000008   Code   RO          694    .text.OUTLINED_FUNCTION_1  BUILD/DISCO_L475VG_IOT01A/ARMC6/mbed-os/drivers/source/I2C.o
    0x08002bb2   0x0000000c   Code   RO         1537    .text.OUTLINED_FUNCTION_1  BUILD/DISCO_L475VG_IOT01A/ARMC6/mbed-os/hal/source/mbed_ticker_api.o
    0x08002bbe   0x00000006   Code   RO         1752    .text.OUTLINED_FUNCTION_1  BUILD/DISCO_L475VG_IOT01A/ARMC6/mbed-os/platform/source/FileBase.o
    0x08002bc4   0x0000001e   Code   RO         1887    .text.OUTLINED_FUNCTION_1  BUILD/DISCO_L475VG_IOT01A/ARMC6/mbed-os/platform/source/SysTimer.o
    0x08002be2   0x00000008   Code   RO         2556    .text.OUTLINED_FUNCTION_1  BUILD/DISCO_L475VG_IOT01A/ARMC6/mbed-os/platform/source/mbed_retarget.o
    0x08002bea   0x0000000a   Code   RO         4439    .text.OUTLINED_FUNCTION_1  BUILD/DISCO_L475VG_IOT01A/ARMC6/mbed-os/targets/TARGET_STM/TARGET_STM32L4/STM32Cube_FW/STM32L4xx_HAL_Driver/stm32l4xx_hal_i2c.o
    0x08002bf4   0x00000014   Code   RO         5550    .text.OUTLINED_FUNCTION_1  BUILD/DISCO_L475VG_IOT01A/ARMC6/mbed-os/targets/TARGET_STM/TARGET_STM32L4/STM32Cube_FW/STM32L4xx_HAL_Driver/stm32l4xx_hal_rcc.o
    0x08002c08   0x00000018   Code   RO         5606    .text.OUTLINED_FUNCTION_1  BUILD/DISCO_L475VG_IOT01A/ARMC6/mbed-os/targets/TARGET_STM/TARGET_STM32L4/STM32Cube_FW/STM32L4xx_HAL_Driver/stm32l4xx_hal_rcc_ex.o
    0x08002c20   0x00000036   Code   RO         6879    .text.OUTLINED_FUNCTION_1  BUILD/DISCO_L475VG_IOT01A/ARMC6/mbed-os/targets/TARGET_STM/TARGET_STM32L4/STM32Cube_FW/STM32L4xx_HAL_Driver/stm32l4xx_hal_tim.o
    0x08002c56   0x0000000c   Code   RO         7383    .text.OUTLINED_FUNCTION_1  BUILD/DISCO_L475VG_IOT01A/ARMC6/mbed-os/targets/TARGET_STM/TARGET_STM32L4/STM32Cube_FW/STM32L4xx_HAL_Driver/stm32l4xx_hal_uart.o
    0x08002c62   0x00000012   Code   RO         8627    .text.OUTLINED_FUNCTION_1  BUILD/DISCO_L475VG_IOT01A/ARMC6/mbed-os/targets/TARGET_STM/i2c_api.o
    0x08002c74   0x0000000e   Code   RO         5624    .text.OUTLINED_FUNCTION_10  BUILD/DISCO_L475VG_IOT01A/ARMC6/mbed-os/targets/TARGET_STM/TARGET_STM32L4/STM32Cube_FW/STM32L4xx_HAL_Driver/stm32l4xx_hal_rcc_ex.o
    0x08002c82   0x0000000e   Code   RO         6897    .text.OUTLINED_FUNCTION_10  BUILD/DISCO_L475VG_IOT01A/ARMC6/mbed-os/targets/TARGET_STM/TARGET_STM32L4/STM32Cube_FW/STM32L4xx_HAL_Driver/stm32l4xx_hal_tim.o
    0x08002c90   0x00000010   Code   RO         1907    .text.OUTLINED_FUNCTION_11  BUILD/DISCO_L475VG_IOT01A/ARMC6/mbed-os/platform/source/SysTimer.o
    0x08002ca0   0x0000002a   Code   RO         4459    .text.OUTLINED_FUNCTION_11  BUILD/DISCO_L475VG_IOT01A/ARMC6/mbed-os/targets/TARGET_STM/TARGET_STM32L4/STM32Cube_FW/STM32L4xx_HAL_Driver/stm32l4xx_hal_i2c.o
    0x08002cca   0x0000000c   Code   RO         6899    .text.OUTLINED_FUNCTION_11  BUILD/DISCO_L475VG_IOT01A/ARMC6/mbed-os/targets/TARGET_STM/TARGET_STM32L4/STM32Cube_FW/STM32L4xx_HAL_Driver/stm32l4xx_hal_tim.o
    0x08002cd6   0x00000014   Code   RO         7403    .text.OUTLINED_FUNCTION_11  BUILD/DISCO_L475VG_IOT01A/ARMC6/mbed-os/targets/TARGET_STM/TARGET_STM32L4/STM32Cube_FW/STM32L4xx_HAL_Driver/stm32l4xx_hal_uart.o
    0x08002cea   0x0000000a   Code   RO         1909    .text.OUTLINED_FUNCTION_12  BUILD/DISCO_L475VG_IOT01A/ARMC6/mbed-os/platform/source/SysTimer.o
    0x08002cf4   0x0000000a   Code   RO         1911    .text.OUTLINED_FUNCTION_13  BUILD/DISCO_L475VG_IOT01A/ARMC6/mbed-os/platform/source/SysTimer.o
    0x08002cfe   0x00000008   Code   RO         6905    .text.OUTLINED_FUNCTION_14  BUILD/DISCO_L475VG_IOT01A/ARMC6/mbed-os/targets/TARGET_STM/TARGET_STM32L4/STM32Cube_FW/STM32L4xx_HAL_Driver/stm32l4xx_hal_tim.o
    0x08002d06   0x0000000c   Code   RO         7409    .text.OUTLINED_FUNCTION_14  BUILD/DISCO_L475VG_IOT01A/ARMC6/mbed-os/targets/TARGET_STM/TARGET_STM32L4/STM32Cube_FW/STM32L4xx_HAL_Driver/stm32l4xx_hal_uart.o
    0x08002d12   0x0000000c   Code   RO         1915    .text.OUTLINED_FUNCTION_15  BUILD/DISCO_L475VG_IOT01A/ARMC6/mbed-os/platform/source/SysTimer.o
    0x08002d1e   0x0000000c   Code   RO         1917    .text.OUTLINED_FUNCTION_16  BUILD/DISCO_L475VG_IOT01A/ARMC6/mbed-os/platform/source/SysTimer.o
    0x08002d2a   0x0000000c   Code   RO         1919    .text.OUTLINED_FUNCTION_17  BUILD/DISCO_L475VG_IOT01A/ARMC6/mbed-os/platform/source/SysTimer.o
    0x08002d36   0x00000012   Code   RO         1921    .text.OUTLINED_FUNCTION_18  BUILD/DISCO_L475VG_IOT01A/ARMC6/mbed-os/platform/source/SysTimer.o
    0x08002d48   0x00000006   Code   RO         1923    .text.OUTLINED_FUNCTION_19  BUILD/DISCO_L475VG_IOT01A/ARMC6/mbed-os/platform/source/SysTimer.o
    0x08002d4e   0x0000000e   Code   RO         4475    .text.OUTLINED_FUNCTION_19  BUILD/DISCO_L475VG_IOT01A/ARMC6/mbed-os/targets/TARGET_STM/TARGET_STM32L4/STM32Cube_FW/STM32L4xx_HAL_Driver/stm32l4xx_hal_i2c.o
    0x08002d5c   0x0000000a   Code   RO          147    .text.OUTLINED_FUNCTION_2  BUILD/DISCO_L475VG_IOT01A/ARMC6/HTS221/HTS221Sensor.o
    0x08002d66   0x0000000a   Code   RO          252    .text.OUTLINED_FUNCTION_2  BUILD/DISCO_L475VG_IOT01A/ARMC6/HTS221/HTS221_driver.o
    0x08002d70   0x00000010   Code   RO          696    .text.OUTLINED_FUNCTION_2  BUILD/DISCO_L475VG_IOT01A/ARMC6/mbed-os/drivers/source/I2C.o
    0x08002d80   0x00000008   Code   RO         1539    .text.OUTLINED_FUNCTION_2  BUILD/DISCO_L475VG_IOT01A/ARMC6/mbed-os/hal/source/mbed_ticker_api.o
    0x08002d88   0x0000000a   Code   RO         1889    .text.OUTLINED_FUNCTION_2  BUILD/DISCO_L475VG_IOT01A/ARMC6/mbed-os/platform/source/SysTimer.o
    0x08002d92   0x00000008   Code   RO         2558    .text.OUTLINED_FUNCTION_2  BUILD/DISCO_L475VG_IOT01A/ARMC6/mbed-os/platform/source/mbed_retarget.o
    0x08002d9a   0x0000001c   Code   RO         4441    .text.OUTLINED_FUNCTION_2  BUILD/DISCO_L475VG_IOT01A/ARMC6/mbed-os/targets/TARGET_STM/TARGET_STM32L4/STM32Cube_FW/STM32L4xx_HAL_Driver/stm32l4xx_hal_i2c.o
    0x08002db6   0x00000008   Code   RO         5552    .text.OUTLINED_FUNCTION_2  BUILD/DISCO_L475VG_IOT01A/ARMC6/mbed-os/targets/TARGET_STM/TARGET_STM32L4/STM32Cube_FW/STM32L4xx_HAL_Driver/stm32l4xx_hal_rcc.o
    0x08002dbe   0x00000016   Code   RO         5608    .text.OUTLINED_FUNCTION_2  BUILD/DISCO_L475VG_IOT01A/ARMC6/mbed-os/targets/TARGET_STM/TARGET_STM32L4/STM32Cube_FW/STM32L4xx_HAL_Driver/stm32l4xx_hal_rcc_ex.o
    0x08002dd4   0x0000000a   Code   RO         8293    .text.OUTLINED_FUNCTION_2  BUILD/DISCO_L475VG_IOT01A/ARMC6/mbed-os/targets/TARGET_STM/TARGET_STM32L4/serial_device.o
    0x08002dde   0x0000001a   Code   RO         8629    .text.OUTLINED_FUNCTION_2  BUILD/DISCO_L475VG_IOT01A/ARMC6/mbed-os/targets/TARGET_STM/i2c_api.o
    0x08002df8   0x00000008   Code   RO         1925    .text.OUTLINED_FUNCTION_20  BUILD/DISCO_L475VG_IOT01A/ARMC6/mbed-os/platform/source/SysTimer.o
    0x08002e00   0x00000008   Code   RO         4477    .text.OUTLINED_FUNCTION_20  BUILD/DISCO_L475VG_IOT01A/ARMC6/mbed-os/targets/TARGET_STM/TARGET_STM32L4/STM32Cube_FW/STM32L4xx_HAL_Driver/stm32l4xx_hal_i2c.o
    0x08002e08   0x00000008   Code   RO         1927    .text.OUTLINED_FUNCTION_21  BUILD/DISCO_L475VG_IOT01A/ARMC6/mbed-os/platform/source/SysTimer.o
    0x08002e10   0x0000001c   Code   RO         4481    .text.OUTLINED_FUNCTION_22  BUILD/DISCO_L475VG_IOT01A/ARMC6/mbed-os/targets/TARGET_STM/TARGET_STM32L4/STM32Cube_FW/STM32L4xx_HAL_Driver/stm32l4xx_hal_i2c.o
    0x08002e2c   0x0000000e   Code   RO         7425    .text.OUTLINED_FUNCTION_22  BUILD/DISCO_L475VG_IOT01A/ARMC6/mbed-os/targets/TARGET_STM/TARGET_STM32L4/STM32Cube_FW/STM32L4xx_HAL_Driver/stm32l4xx_hal_uart.o
    0x08002e3a   0x0000000a   Code   RO         1931    .text.OUTLINED_FUNCTION_23  BUILD/DISCO_L475VG_IOT01A/ARMC6/mbed-os/platform/source/SysTimer.o
    0x08002e44   0x0000000a   Code   RO         1933    .text.OUTLINED_FUNCTION_24  BUILD/DISCO_L475VG_IOT01A/ARMC6/mbed-os/platform/source/SysTimer.o
    0x08002e4e   0x00000006   Code   RO         7429    .text.OUTLINED_FUNCTION_24  BUILD/DISCO_L475VG_IOT01A/ARMC6/mbed-os/targets/TARGET_STM/TARGET_STM32L4/STM32Cube_FW/STM32L4xx_HAL_Driver/stm32l4xx_hal_uart.o
    0x08002e54   0x0000000a   Code   RO         6927    .text.OUTLINED_FUNCTION_25  BUILD/DISCO_L475VG_IOT01A/ARMC6/mbed-os/targets/TARGET_STM/TARGET_STM32L4/STM32Cube_FW/STM32L4xx_HAL_Driver/stm32l4xx_hal_tim.o
    0x08002e5e   0x0000000a   Code   RO         6929    .text.OUTLINED_FUNCTION_26  BUILD/DISCO_L475VG_IOT01A/ARMC6/mbed-os/targets/TARGET_STM/TARGET_STM32L4/STM32Cube_FW/STM32L4xx_HAL_Driver/stm32l4xx_hal_tim.o
    0x08002e68   0x0000000c   Code   RO         4491    .text.OUTLINED_FUNCTION_27  BUILD/DISCO_L475VG_IOT01A/ARMC6/mbed-os/targets/TARGET_STM/TARGET_STM32L4/STM32Cube_FW/STM32L4xx_HAL_Driver/stm32l4xx_hal_i2c.o
    0x08002e74   0x0000000a   Code   RO         6935    .text.OUTLINED_FUNCTION_29  BUILD/DISCO_L475VG_IOT01A/ARMC6/mbed-os/targets/TARGET_STM/TARGET_STM32L4/STM32Cube_FW/STM32L4xx_HAL_Driver/stm32l4xx_hal_tim.o
    0x08002e7e   0x00000012   Code   RO         1891    .text.OUTLINED_FUNCTION_3  BUILD/DISCO_L475VG_IOT01A/ARMC6/mbed-os/platform/source/SysTimer.o
    0x08002e90   0x00000006   Code   RO         5554    .text.OUTLINED_FUNCTION_3  BUILD/DISCO_L475VG_IOT01A/ARMC6/mbed-os/targets/TARGET_STM/TARGET_STM32L4/STM32Cube_FW/STM32L4xx_HAL_Driver/stm32l4xx_hal_rcc.o
    0x08002e96   0x00000008   Code   RO         5610    .text.OUTLINED_FUNCTION_3  BUILD/DISCO_L475VG_IOT01A/ARMC6/mbed-os/targets/TARGET_STM/TARGET_STM32L4/STM32Cube_FW/STM32L4xx_HAL_Driver/stm32l4xx_hal_rcc_ex.o
    0x08002e9e   0x0000000e   Code   RO         8631    .text.OUTLINED_FUNCTION_3  BUILD/DISCO_L475VG_IOT01A/ARMC6/mbed-os/targets/TARGET_STM/i2c_api.o
    0x08002eac   0x0000000e   Code   RO         4503    .text.OUTLINED_FUNCTION_33  BUILD/DISCO_L475VG_IOT01A/ARMC6/mbed-os/targets/TARGET_STM/TARGET_STM32L4/STM32Cube_FW/STM32L4xx_HAL_Driver/stm32l4xx_hal_i2c.o
    0x08002eba   0x00000008   Code   RO         6945    .text.OUTLINED_FUNCTION_34  BUILD/DISCO_L475VG_IOT01A/ARMC6/mbed-os/targets/TARGET_STM/TARGET_STM32L4/STM32Cube_FW/STM32L4xx_HAL_Driver/stm32l4xx_hal_tim.o
    0x08002ec2   0x00000006   Code   RO         4513    .text.OUTLINED_FUNCTION_38  BUILD/DISCO_L475VG_IOT01A/ARMC6/mbed-os/targets/TARGET_STM/TARGET_STM32L4/STM32Cube_FW/STM32L4xx_HAL_Driver/stm32l4xx_hal_i2c.o
    0x08002ec8   0x00000006   Code   RO          256    .text.OUTLINED_FUNCTION_4  BUILD/DISCO_L475VG_IOT01A/ARMC6/HTS221/HTS221_driver.o
    0x08002ece   0x00000014   Code   RO          700    .text.OUTLINED_FUNCTION_4  BUILD/DISCO_L475VG_IOT01A/ARMC6/mbed-os/drivers/source/I2C.o
    0x08002ee2   0x00000022   Code   RO         1893    .text.OUTLINED_FUNCTION_4  BUILD/DISCO_L475VG_IOT01A/ARMC6/mbed-os/platform/source/SysTimer.o
    0x08002f04   0x00000008   Code   RO         4445    .text.OUTLINED_FUNCTION_4  BUILD/DISCO_L475VG_IOT01A/ARMC6/mbed-os/targets/TARGET_STM/TARGET_STM32L4/STM32Cube_FW/STM32L4xx_HAL_Driver/stm32l4xx_hal_i2c.o
    0x08002f0c   0x0000000a   Code   RO         5556    .text.OUTLINED_FUNCTION_4  BUILD/DISCO_L475VG_IOT01A/ARMC6/mbed-os/targets/TARGET_STM/TARGET_STM32L4/STM32Cube_FW/STM32L4xx_HAL_Driver/stm32l4xx_hal_rcc.o
    0x08002f16   0x00000006   Code   RO         8633    .text.OUTLINED_FUNCTION_4  BUILD/DISCO_L475VG_IOT01A/ARMC6/mbed-os/targets/TARGET_STM/i2c_api.o
    0x08002f1c   0x00000010   Code   RO         4517    .text.OUTLINED_FUNCTION_40  BUILD/DISCO_L475VG_IOT01A/ARMC6/mbed-os/targets/TARGET_STM/TARGET_STM32L4/STM32Cube_FW/STM32L4xx_HAL_Driver/stm32l4xx_hal_i2c.o
    0x08002f2c   0x0000000a   Code   RO         4521    .text.OUTLINED_FUNCTION_42  BUILD/DISCO_L475VG_IOT01A/ARMC6/mbed-os/targets/TARGET_STM/TARGET_STM32L4/STM32Cube_FW/STM32L4xx_HAL_Driver/stm32l4xx_hal_i2c.o
    0x08002f36   0x00000014   Code   RO         4525    .text.OUTLINED_FUNCTION_44  BUILD/DISCO_L475VG_IOT01A/ARMC6/mbed-os/targets/TARGET_STM/TARGET_STM32L4/STM32Cube_FW/STM32L4xx_HAL_Driver/stm32l4xx_hal_i2c.o
    0x08002f4a   0x00000008   Code   RO         6965    .text.OUTLINED_FUNCTION_44  BUILD/DISCO_L475VG_IOT01A/ARMC6/mbed-os/targets/TARGET_STM/TARGET_STM32L4/STM32Cube_FW/STM32L4xx_HAL_Driver/stm32l4xx_hal_tim.o
    0x08002f52   0x00000008   Code   RO         6967    .text.OUTLINED_FUNCTION_45  BUILD/DISCO_L475VG_IOT01A/ARMC6/mbed-os/targets/TARGET_STM/TARGET_STM32L4/STM32Cube_FW/STM32L4xx_HAL_Driver/stm32l4xx_hal_tim.o
    0x08002f5a   0x00000008   Code   RO         6969    .text.OUTLINED_FUNCTION_46  BUILD/DISCO_L475VG_IOT01A/ARMC6/mbed-os/targets/TARGET_STM/TARGET_STM32L4/STM32Cube_FW/STM32L4xx_HAL_Driver/stm32l4xx_hal_tim.o
    0x08002f62   0x00000008   Code   RO         4531    .text.OUTLINED_FUNCTION_47  BUILD/DISCO_L475VG_IOT01A/ARMC6/mbed-os/targets/TARGET_STM/TARGET_STM32L4/STM32Cube_FW/STM32L4xx_HAL_Driver/stm32l4xx_hal_i2c.o
    0x08002f6a   0x00000008   Code   RO         6971    .text.OUTLINED_FUNCTION_47  BUILD/DISCO_L475VG_IOT01A/ARMC6/mbed-os/targets/TARGET_STM/TARGET_STM32L4/STM32Cube_FW/STM32L4xx_HAL_Driver/stm32l4xx_hal_tim.o
    0x08002f72   0x00000006   Code   RO          258    .text.OUTLINED_FUNCTION_5  BUILD/DISCO_L475VG_IOT01A/ARMC6/HTS221/HTS221_driver.o
    0x08002f78   0x0000000a   Code   RO          702    .text.OUTLINED_FUNCTION_5  BUILD/DISCO_L475VG_IOT01A/ARMC6/mbed-os/drivers/source/I2C.o
    0x08002f82   0x00000010   Code   RO         1895    .text.OUTLINED_FUNCTION_5  BUILD/DISCO_L475VG_IOT01A/ARMC6/mbed-os/platform/source/SysTimer.o
    0x08002f92   0x0000000a   Code   RO         4854    .text.OUTLINED_FUNCTION_5  BUILD/DISCO_L475VG_IOT01A/ARMC6/mbed-os/targets/TARGET_STM/TARGET_STM32L4/STM32Cube_FW/STM32L4xx_HAL_Driver/stm32l4xx_hal_lptim.o
    0x08002f9c   0x0000000e   Code   RO         5558    .text.OUTLINED_FUNCTION_5  BUILD/DISCO_L475VG_IOT01A/ARMC6/mbed-os/targets/TARGET_STM/TARGET_STM32L4/STM32Cube_FW/STM32L4xx_HAL_Driver/stm32l4xx_hal_rcc.o
    0x08002faa   0x0000000c   Code   RO         7391    .text.OUTLINED_FUNCTION_5  BUILD/DISCO_L475VG_IOT01A/ARMC6/mbed-os/targets/TARGET_STM/TARGET_STM32L4/STM32Cube_FW/STM32L4xx_HAL_Driver/stm32l4xx_hal_uart.o
    0x08002fb6   0x0000000e   Code   RO         8635    .text.OUTLINED_FUNCTION_5  BUILD/DISCO_L475VG_IOT01A/ARMC6/mbed-os/targets/TARGET_STM/i2c_api.o
    0x08002fc4   0x00000006   Code   RO         4539    .text.OUTLINED_FUNCTION_51  BUILD/DISCO_L475VG_IOT01A/ARMC6/mbed-os/targets/TARGET_STM/TARGET_STM32L4/STM32Cube_FW/STM32L4xx_HAL_Driver/stm32l4xx_hal_i2c.o
    0x08002fca   0x00000008   Code   RO         6979    .text.OUTLINED_FUNCTION_51  BUILD/DISCO_L475VG_IOT01A/ARMC6/mbed-os/targets/TARGET_STM/TARGET_STM32L4/STM32Cube_FW/STM32L4xx_HAL_Driver/stm32l4xx_hal_tim.o
    0x08002fd2   0x00000008   Code   RO         4541    .text.OUTLINED_FUNCTION_52  BUILD/DISCO_L475VG_IOT01A/ARMC6/mbed-os/targets/TARGET_STM/TARGET_STM32L4/STM32Cube_FW/STM32L4xx_HAL_Driver/stm32l4xx_hal_i2c.o
    0x08002fda   0x00000006   Code   RO         4543    .text.OUTLINED_FUNCTION_53  BUILD/DISCO_L475VG_IOT01A/ARMC6/mbed-os/targets/TARGET_STM/TARGET_STM32L4/STM32Cube_FW/STM32L4xx_HAL_Driver/stm32l4xx_hal_i2c.o
    0x08002fe0   0x00000008   Code   RO         6983    .text.OUTLINED_FUNCTION_53  BUILD/DISCO_L475VG_IOT01A/ARMC6/mbed-os/targets/TARGET_STM/TARGET_STM32L4/STM32Cube_FW/STM32L4xx_HAL_Driver/stm32l4xx_hal_tim.o
    0x08002fe8   0x00000012   Code   RO         4545    .text.OUTLINED_FUNCTION_54  BUILD/DISCO_L475VG_IOT01A/ARMC6/mbed-os/targets/TARGET_STM/TARGET_STM32L4/STM32Cube_FW/STM32L4xx_HAL_Driver/stm32l4xx_hal_i2c.o
    0x08002ffa   0x0000000a   Code   RO         6991    .text.OUTLINED_FUNCTION_57  BUILD/DISCO_L475VG_IOT01A/ARMC6/mbed-os/targets/TARGET_STM/TARGET_STM32L4/STM32Cube_FW/STM32L4xx_HAL_Driver/stm32l4xx_hal_tim.o
    0x08003004   0x00000012   Code   RO          260    .text.OUTLINED_FUNCTION_6  BUILD/DISCO_L475VG_IOT01A/ARMC6/HTS221/HTS221_driver.o
    0x08003016   0x0000000a   Code   RO         5616    .text.OUTLINED_FUNCTION_6  BUILD/DISCO_L475VG_IOT01A/ARMC6/mbed-os/targets/TARGET_STM/TARGET_STM32L4/STM32Cube_FW/STM32L4xx_HAL_Driver/stm32l4xx_hal_rcc_ex.o
    0x08003020   0x0000000e   Code   RO         4559    .text.OUTLINED_FUNCTION_61  BUILD/DISCO_L475VG_IOT01A/ARMC6/mbed-os/targets/TARGET_STM/TARGET_STM32L4/STM32Cube_FW/STM32L4xx_HAL_Driver/stm32l4xx_hal_i2c.o
    0x0800302e   0x0000000a   Code   RO         6999    .text.OUTLINED_FUNCTION_61  BUILD/DISCO_L475VG_IOT01A/ARMC6/mbed-os/targets/TARGET_STM/TARGET_STM32L4/STM32Cube_FW/STM32L4xx_HAL_Driver/stm32l4xx_hal_tim.o
    0x08003038   0x00000010   Code   RO         4563    .text.OUTLINED_FUNCTION_63  BUILD/DISCO_L475VG_IOT01A/ARMC6/mbed-os/targets/TARGET_STM/TARGET_STM32L4/STM32Cube_FW/STM32L4xx_HAL_Driver/stm32l4xx_hal_i2c.o
    0x08003048   0x00000010   Code   RO         4569    .text.OUTLINED_FUNCTION_66  BUILD/DISCO_L475VG_IOT01A/ARMC6/mbed-os/targets/TARGET_STM/TARGET_STM32L4/STM32Cube_FW/STM32L4xx_HAL_Driver/stm32l4xx_hal_i2c.o
    0x08003058   0x00000008   Code   RO         7009    .text.OUTLINED_FUNCTION_66  BUILD/DISCO_L475VG_IOT01A/ARMC6/mbed-os/targets/TARGET_STM/TARGET_STM32L4/STM32Cube_FW/STM32L4xx_HAL_Driver/stm32l4xx_hal_tim.o
    0x08003060   0x00000010   Code   RO         4573    .text.OUTLINED_FUNCTION_68  BUILD/DISCO_L475VG_IOT01A/ARMC6/mbed-os/targets/TARGET_STM/TARGET_STM32L4/STM32Cube_FW/STM32L4xx_HAL_Driver/stm32l4xx_hal_i2c.o
    0x08003070   0x00000006   Code   RO          262    .text.OUTLINED_FUNCTION_7  BUILD/DISCO_L475VG_IOT01A/ARMC6/HTS221/HTS221_driver.o
    0x08003076   0x00000012   Code   RO         1899    .text.OUTLINED_FUNCTION_7  BUILD/DISCO_L475VG_IOT01A/ARMC6/mbed-os/platform/source/SysTimer.o
    0x08003088   0x0000000a   Code   RO         5618    .text.OUTLINED_FUNCTION_7  BUILD/DISCO_L475VG_IOT01A/ARMC6/mbed-os/targets/TARGET_STM/TARGET_STM32L4/STM32Cube_FW/STM32L4xx_HAL_Driver/stm32l4xx_hal_rcc_ex.o
    0x08003092   0x00000008   Code   RO         4577    .text.OUTLINED_FUNCTION_70  BUILD/DISCO_L475VG_IOT01A/ARMC6/mbed-os/targets/TARGET_STM/TARGET_STM32L4/STM32Cube_FW/STM32L4xx_HAL_Driver/stm32l4xx_hal_i2c.o
    0x0800309a   0x0000000e   Code   RO         4591    .text.OUTLINED_FUNCTION_77  BUILD/DISCO_L475VG_IOT01A/ARMC6/mbed-os/targets/TARGET_STM/TARGET_STM32L4/STM32Cube_FW/STM32L4xx_HAL_Driver/stm32l4xx_hal_i2c.o
    0x080030a8   0x0000000e   Code   RO          264    .text.OUTLINED_FUNCTION_8  BUILD/DISCO_L475VG_IOT01A/ARMC6/HTS221/HTS221_driver.o
    0x080030b6   0x0000000a   Code   RO         4597    .text.OUTLINED_FUNCTION_80  BUILD/DISCO_L475VG_IOT01A/ARMC6/mbed-os/targets/TARGET_STM/TARGET_STM32L4/STM32Cube_FW/STM32L4xx_HAL_Driver/stm32l4xx_hal_i2c.o
    0x080030c0   0x0000000e   Code   RO         4603    .text.OUTLINED_FUNCTION_83  BUILD/DISCO_L475VG_IOT01A/ARMC6/mbed-os/targets/TARGET_STM/TARGET_STM32L4/STM32Cube_FW/STM32L4xx_HAL_Driver/stm32l4xx_hal_i2c.o
    0x080030ce   0x0000000e   Code   RO         4605    .text.OUTLINED_FUNCTION_84  BUILD/DISCO_L475VG_IOT01A/ARMC6/mbed-os/targets/TARGET_STM/TARGET_STM32L4/STM32Cube_FW/STM32L4xx_HAL_Driver/stm32l4xx_hal_i2c.o
    0x080030dc   0x0000000e   Code   RO         1903    .text.OUTLINED_FUNCTION_9  BUILD/DISCO_L475VG_IOT01A/ARMC6/mbed-os/platform/source/SysTimer.o
    0x080030ea   0x00000006   Code   RO         5622    .text.OUTLINED_FUNCTION_9  BUILD/DISCO_L475VG_IOT01A/ARMC6/mbed-os/targets/TARGET_STM/TARGET_STM32L4/STM32Cube_FW/STM32L4xx_HAL_Driver/stm32l4xx_hal_rcc_ex.o
    0x080030f0   0x0000000e   Code   RO         6895    .text.OUTLINED_FUNCTION_9  BUILD/DISCO_L475VG_IOT01A/ARMC6/mbed-os/targets/TARGET_STM/TARGET_STM32L4/STM32Cube_FW/STM32L4xx_HAL_Driver/stm32l4xx_hal_tim.o
    0x080030fe   0x0000000a   Code   RO         4617    .text.OUTLINED_FUNCTION_90  BUILD/DISCO_L475VG_IOT01A/ARMC6/mbed-os/targets/TARGET_STM/TARGET_STM32L4/STM32Cube_FW/STM32L4xx_HAL_Driver/stm32l4xx_hal_i2c.o
    0x08003108   0x0000000a   Code   RO         4619    .text.OUTLINED_FUNCTION_91  BUILD/DISCO_L475VG_IOT01A/ARMC6/mbed-os/targets/TARGET_STM/TARGET_STM32L4/STM32Cube_FW/STM32L4xx_HAL_Driver/stm32l4xx_hal_i2c.o
    0x08003112   0x0000000a   Code   RO         4621    .text.OUTLINED_FUNCTION_92  BUILD/DISCO_L475VG_IOT01A/ARMC6/mbed-os/targets/TARGET_STM/TARGET_STM32L4/STM32Cube_FW/STM32L4xx_HAL_Driver/stm32l4xx_hal_i2c.o
    0x0800311c   0x000000ec   Code   RO         5564    .text.RCCEx_PLLSAI1_Config  BUILD/DISCO_L475VG_IOT01A/ARMC6/mbed-os/targets/TARGET_STM/TARGET_STM32L4/STM32Cube_FW/STM32L4xx_HAL_Driver/stm32l4xx_hal_rcc_ex.o
    0x08003208   0x000000d4   Code   RO         5566    .text.RCCEx_PLLSAI2_Config  BUILD/DISCO_L475VG_IOT01A/ARMC6/mbed-os/targets/TARGET_STM/TARGET_STM32L4/STM32Cube_FW/STM32L4xx_HAL_Driver/stm32l4xx_hal_rcc_ex.o
    0x080032dc   0x00000084   Code   RO         5524    .text.RCC_SetFlashLatencyFromMSIRange  BUILD/DISCO_L475VG_IOT01A/ARMC6/mbed-os/targets/TARGET_STM/TARGET_STM32L4/STM32Cube_FW/STM32L4xx_HAL_Driver/stm32l4xx_hal_rcc.o
    0x08003360   0x00000024   Code   RO         8184    .text.SetSysClock   BUILD/DISCO_L475VG_IOT01A/ARMC6/mbed-os/targets/TARGET_STM/TARGET_STM32L4/TARGET_STM32L475xG/system_clock.o
    0x08003384   0x00000096   Code   RO         8186    .text.SetSysClock_PLL_MSI  BUILD/DISCO_L475VG_IOT01A/ARMC6/mbed-os/targets/TARGET_STM/TARGET_STM32L4/TARGET_STM32L475xG/system_clock.o
    0x0800341a   0x00000002   PAD
    0x0800341c   0x00000138   Code   RO         8474    .text.Set_GPIO_Clock  BUILD/DISCO_L475VG_IOT01A/ARMC6/mbed-os/targets/TARGET_STM/gpio_api.o
    0x08003554   0x00000098   Code   RO         8148    .text.SystemCoreClockUpdate  BUILD/DISCO_L475VG_IOT01A/ARMC6/mbed-os/targets/TARGET_STM/TARGET_STM32L4/STM32Cube_FW/system_stm32l4xx.o
    0x080035ec   0x0000004c   Code   RO         8146    .text.SystemInit    BUILD/DISCO_L475VG_IOT01A/ARMC6/mbed-os/targets/TARGET_STM/TARGET_STM32L4/STM32Cube_FW/system_stm32l4xx.o
    0x08003638   0x000000cc   Code   RO         6645    .text.TIM_Base_SetConfig  BUILD/DISCO_L475VG_IOT01A/ARMC6/mbed-os/targets/TARGET_STM/TARGET_STM32L4/STM32Cube_FW/STM32L4xx_HAL_Driver/stm32l4xx_hal_tim.o
    0x08003704   0x0000001e   Code   RO         6679    .text.TIM_CCxChannelCmd  BUILD/DISCO_L475VG_IOT01A/ARMC6/mbed-os/targets/TARGET_STM/TARGET_STM32L4/STM32Cube_FW/STM32L4xx_HAL_Driver/stm32l4xx_hal_tim.o
    0x08003722   0x000000a8   Code   RO         7259    .text.UART_AdvFeatureConfig  BUILD/DISCO_L475VG_IOT01A/ARMC6/mbed-os/targets/TARGET_STM/TARGET_STM32L4/STM32Cube_FW/STM32L4xx_HAL_Driver/stm32l4xx_hal_uart.o
    0x080037ca   0x00000050   Code   RO         7261    .text.UART_CheckIdleState  BUILD/DISCO_L475VG_IOT01A/ARMC6/mbed-os/targets/TARGET_STM/TARGET_STM32L4/STM32Cube_FW/STM32L4xx_HAL_Driver/stm32l4xx_hal_uart.o
    0x0800381a   0x00000002   PAD
    0x0800381c   0x000001d4   Code   RO         7257    .text.UART_SetConfig  BUILD/DISCO_L475VG_IOT01A/ARMC6/mbed-os/targets/TARGET_STM/TARGET_STM32L4/STM32Cube_FW/STM32L4xx_HAL_Driver/stm32l4xx_hal_uart.o
    0x080039f0   0x0000007c   Code   RO         7275    .text.UART_WaitOnFlagUntilTimeout  BUILD/DISCO_L475VG_IOT01A/ARMC6/mbed-os/targets/TARGET_STM/TARGET_STM32L4/STM32Cube_FW/STM32L4xx_HAL_Driver/stm32l4xx_hal_uart.o
    0x08003a6c   0x0000004c   Code   RO          285    .text._GLOBAL__sub_I_main.cpp  BUILD/DISCO_L475VG_IOT01A/ARMC6/main.o
    0x08003ab8   0x00000024   Code   RO          273    .text._Z4initv      BUILD/DISCO_L475VG_IOT01A/ARMC6/main.o
    0x08003adc   0x00000004   PAD
    0x08003ae0   0x000000e4   Code   RO          281    .text._Z5printRiRfS0_  BUILD/DISCO_L475VG_IOT01A/ARMC6/main.o
    0x08003bc4   0x00000034   Code   RO          275    .text._Z6getHumRf   BUILD/DISCO_L475VG_IOT01A/ARMC6/main.o
    0x08003bf8   0x00000038   Code   RO          277    .text._Z7getTempRf  BUILD/DISCO_L475VG_IOT01A/ARMC6/main.o
    0x08003c30   0x0000000e   Code   RO         2434    .text._ZL12convert_crlfi  BUILD/DISCO_L475VG_IOT01A/ARMC6/mbed-os/platform/source/mbed_retarget.o
    0x08003c3e   0x00000002   PAD
    0x08003c40   0x00000018   Code   RO         2426    .text._ZL18handle_open_errorsij  BUILD/DISCO_L475VG_IOT01A/ARMC6/mbed-os/platform/source/mbed_retarget.o
    0x08003c58   0x00000044   Code   RO         2412    .text._ZL18reserve_filehandlev  BUILD/DISCO_L475VG_IOT01A/ARMC6/mbed-os/platform/source/mbed_retarget.o
    0x08003c9c   0x00000010   Code   RO         1688    .text._ZN10CThunkBase11cthunk_freeEPFvvE  BUILD/DISCO_L475VG_IOT01A/ARMC6/mbed-os/platform/source/CThunkBase.o
    0x08003cac   0x00000030   Code   RO          165    .text._ZN10TempSensor14get_fahrenheitEPf  BUILD/DISCO_L475VG_IOT01A/ARMC6/HTS221/HTS221Sensor.o
    0x08003cdc   0x00000018   Code   RO         2396    .text._ZN12DirectSerial4readEPvj  BUILD/DISCO_L475VG_IOT01A/ARMC6/mbed-os/platform/source/mbed_retarget.o
    0x08003cf4   0x00000008   Code   RO         2579    .text._ZN12DirectSerial4seekEli  BUILD/DISCO_L475VG_IOT01A/ARMC6/mbed-os/platform/source/mbed_retarget.o
    0x08003cfc   0x00000006   Code   RO         2585    .text._ZN12DirectSerial4sizeEv  BUILD/DISCO_L475VG_IOT01A/ARMC6/mbed-os/platform/source/mbed_retarget.o
    0x08003d02   0x00000004   Code   RO         2581    .text._ZN12DirectSerial5closeEv  BUILD/DISCO_L475VG_IOT01A/ARMC6/mbed-os/platform/source/mbed_retarget.o
    0x08003d06   0x00000002   PAD
    0x08003d08   0x00000020   Code   RO         2394    .text._ZN12DirectSerial5writeEPKvj  BUILD/DISCO_L475VG_IOT01A/ARMC6/mbed-os/platform/source/mbed_retarget.o
    0x08003d28   0x00000004   Code   RO         2583    .text._ZN12DirectSerial6isattyEv  BUILD/DISCO_L475VG_IOT01A/ARMC6/mbed-os/platform/source/mbed_retarget.o
    0x08003d2c   0x00000034   Code   RO         2392    .text._ZN12DirectSerialC2ERK15serial_pinmap_ti  BUILD/DISCO_L475VG_IOT01A/ARMC6/mbed-os/platform/source/mbed_retarget.o
    0x08003d60   0x00000004   Code   RO         2577    .text._ZN12DirectSerialD0Ev  BUILD/DISCO_L475VG_IOT01A/ARMC6/mbed-os/platform/source/mbed_retarget.o
    0x08003d64   0x00000030   Code   RO          131    .text._ZN12HTS221Sensor12get_humidityEPf  BUILD/DISCO_L475VG_IOT01A/ARMC6/HTS221/HTS221Sensor.o
    0x08003d94   0x00000030   Code   RO          133    .text._ZN12HTS221Sensor15get_temperatureEPf  BUILD/DISCO_L475VG_IOT01A/ARMC6/HTS221/HTS221Sensor.o
    0x08003dc4   0x00000030   Code   RO          111    .text._ZN12HTS221Sensor4initEPv  BUILD/DISCO_L475VG_IOT01A/ARMC6/HTS221/HTS221Sensor.o
    0x08003df4   0x0000000a   Code   RO          117    .text._ZN12HTS221Sensor6enableEv  BUILD/DISCO_L475VG_IOT01A/ARMC6/HTS221/HTS221Sensor.o
    0x08003dfe   0x0000005e   Code   RO          155    .text._ZN12HTS221Sensor7io_readEPhht  BUILD/DISCO_L475VG_IOT01A/ARMC6/HTS221/HTS221Sensor.o
    0x08003e5c   0x00000010   Code   RO          121    .text._ZN12HTS221Sensor7read_idEPh  BUILD/DISCO_L475VG_IOT01A/ARMC6/HTS221/HTS221Sensor.o
    0x08003e6c   0x0000002c   Code   RO          113    .text._ZN12HTS221Sensor7set_odrEf  BUILD/DISCO_L475VG_IOT01A/ARMC6/HTS221/HTS221Sensor.o
    0x08003e98   0x00000066   Code   RO          153    .text._ZN12HTS221Sensor8io_writeEPhht  BUILD/DISCO_L475VG_IOT01A/ARMC6/HTS221/HTS221Sensor.o
    0x08003efe   0x00000002   PAD
    0x08003f00   0x00000030   Code   RO          109    .text._ZN12HTS221SensorC2EP6DevI2Ch7PinName  BUILD/DISCO_L475VG_IOT01A/ARMC6/HTS221/HTS221Sensor.o
    0x08003f30   0x0000000e   Code   RO          159    .text._ZN12HTS221SensorD0Ev  BUILD/DISCO_L475VG_IOT01A/ARMC6/HTS221/HTS221Sensor.o
    0x08003f3e   0x00000002   PAD
    0x08003f40   0x00000020   Code   RO          157    .text._ZN12HTS221SensorD2Ev  BUILD/DISCO_L475VG_IOT01A/ARMC6/HTS221/HTS221Sensor.o
    0x08003f60   0x0000000a   Code   RO          101    .text._ZN14DFRobot_RGBLCD13setColorWhiteEv  BUILD/DISCO_L475VG_IOT01A/ARMC6/DFRobot_RGBLCD.o
    0x08003f6a   0x0000000e   Code   RO            7    .text._ZN14DFRobot_RGBLCD4initEv  BUILD/DISCO_L475VG_IOT01A/ARMC6/DFRobot_RGBLCD.o
    0x08003f78   0x0000001c   Code   RO           41    .text._ZN14DFRobot_RGBLCD4sendEPhh  BUILD/DISCO_L475VG_IOT01A/ARMC6/DFRobot_RGBLCD.o
    0x08003f94   0x0000008c   Code   RO            9    .text._ZN14DFRobot_RGBLCD5beginEhhh  BUILD/DISCO_L475VG_IOT01A/ARMC6/DFRobot_RGBLCD.o
    0x08004020   0x00000012   Code   RO           11    .text._ZN14DFRobot_RGBLCD5clearEv  BUILD/DISCO_L475VG_IOT01A/ARMC6/DFRobot_RGBLCD.o
    0x08004032   0x00000020   Code   RO          103    .text._ZN14DFRobot_RGBLCD5writeEh  BUILD/DISCO_L475VG_IOT01A/ARMC6/DFRobot_RGBLCD.o
    0x08004052   0x00000002   PAD
    0x08004054   0x00000048   Code   RO           69    .text._ZN14DFRobot_RGBLCD6printfEPKcz  BUILD/DISCO_L475VG_IOT01A/ARMC6/DFRobot_RGBLCD.o
    0x0800409c   0x0000002c   Code   RO           45    .text._ZN14DFRobot_RGBLCD6setRGBEhhh  BUILD/DISCO_L475VG_IOT01A/ARMC6/DFRobot_RGBLCD.o
    0x080040c8   0x0000001e   Code   RO           47    .text._ZN14DFRobot_RGBLCD6setRegEhh  BUILD/DISCO_L475VG_IOT01A/ARMC6/DFRobot_RGBLCD.o
    0x080040e6   0x0000001e   Code   RO           99    .text._ZN14DFRobot_RGBLCD7commandEh  BUILD/DISCO_L475VG_IOT01A/ARMC6/DFRobot_RGBLCD.o
    0x08004104   0x00000010   Code   RO           17    .text._ZN14DFRobot_RGBLCD7displayEv  BUILD/DISCO_L475VG_IOT01A/ARMC6/DFRobot_RGBLCD.o
    0x08004114   0x0000002c   Code   RO           43    .text._ZN14DFRobot_RGBLCD9setCursorEhh  BUILD/DISCO_L475VG_IOT01A/ARMC6/DFRobot_RGBLCD.o
    0x08004140   0x00000030   Code   RO            5    .text._ZN14DFRobot_RGBLCDC2Ehh7PinNameS0_hh  BUILD/DISCO_L475VG_IOT01A/ARMC6/DFRobot_RGBLCD.o
    0x08004170   0x00000018   Code   RO          151    .text._ZN4mbed10DigitalOutC2E7PinName  BUILD/DISCO_L475VG_IOT01A/ARMC6/HTS221/HTS221Sensor.o
    0x08004188   0x00000006   Code   RO         1768    .text._ZN4mbed10FileHandle12enable_inputEb  BUILD/DISCO_L475VG_IOT01A/ARMC6/mbed-os/platform/source/FileHandle.o
    0x0800418e   0x00000002   PAD
    0x08004190   0x00000010   Code   RO         1307    .text._ZN4mbed10FileHandle12set_blockingEb  BUILD/DISCO_L475VG_IOT01A/ARMC6/mbed-os/drivers/source/UnbufferedSerial.o
    0x080041a0   0x00000006   Code   RO         1770    .text._ZN4mbed10FileHandle13enable_outputEb  BUILD/DISCO_L475VG_IOT01A/ARMC6/mbed-os/platform/source/FileHandle.o
    0x080041a6   0x00000004   Code   RO         1301    .text._ZN4mbed10FileHandle4syncEv  BUILD/DISCO_L475VG_IOT01A/ARMC6/mbed-os/drivers/source/UnbufferedSerial.o
    0x080041aa   0x0000000a   Code   RO          445    .text._ZN4mbed10FileHandle4tellEv  BUILD/DISCO_L475VG_IOT01A/ARMC6/mbed-os/drivers/source/BufferedSerial.o
    0x080041b4   0x00000002   Code   RO         1311    .text._ZN4mbed10FileHandle5sigioENS_8CallbackIFvvEEE  BUILD/DISCO_L475VG_IOT01A/ARMC6/mbed-os/drivers/source/UnbufferedSerial.o
    0x080041b6   0x0000000a   Code   RO          447    .text._ZN4mbed10FileHandle6rewindEv  BUILD/DISCO_L475VG_IOT01A/ARMC6/mbed-os/drivers/source/BufferedSerial.o
    0x080041c0   0x00000006   Code   RO          449    .text._ZN4mbed10FileHandle8truncateEl  BUILD/DISCO_L475VG_IOT01A/ARMC6/mbed-os/drivers/source/BufferedSerial.o
    0x080041c6   0x00000002   Code   RO         1762    .text._ZN4mbed10FileHandleD2Ev  BUILD/DISCO_L475VG_IOT01A/ARMC6/mbed-os/platform/source/FileHandle.o
    0x080041c8   0x00000014   Code   RO         1238    .text._ZN4mbed10TimerEvent15insert_absoluteENSt3__26chrono10time_pointINS_15TickerDataClockENS2_8durationIxNS1_5ratioILx1ELx1000000EEEEEEE  BUILD/DISCO_L475VG_IOT01A/ARMC6/mbed-os/drivers/source/TimerEvent.o
    0x080041dc   0x00000006   Code   RO         1228    .text._ZN4mbed10TimerEvent3irqEj  BUILD/DISCO_L475VG_IOT01A/ARMC6/mbed-os/drivers/source/TimerEvent.o
    0x080041e2   0x0000000e   Code   RO         1232    .text._ZN4mbed10TimerEvent6removeEv  BUILD/DISCO_L475VG_IOT01A/ARMC6/mbed-os/drivers/source/TimerEvent.o
    0x080041f0   0x0000002c   Code   RO         1226    .text._ZN4mbed10TimerEventC2EPK13ticker_data_t  BUILD/DISCO_L475VG_IOT01A/ARMC6/mbed-os/drivers/source/TimerEvent.o
    0x0800421c   0x0000001a   Code   RO          745    .text._ZN4mbed11InterruptIn12_irq_handlerEj14gpio_irq_event  BUILD/DISCO_L475VG_IOT01A/ARMC6/mbed-os/drivers/source/InterruptIn.o
    0x08004236   0x00000002   PAD
    0x08004238   0x00000010   Code   RO          741    .text._ZN4mbed11InterruptIn8irq_initE7PinName  BUILD/DISCO_L475VG_IOT01A/ARMC6/mbed-os/drivers/source/InterruptIn.o
    0x08004248   0x00000030   Code   RO          739    .text._ZN4mbed11InterruptInC2E7PinName  BUILD/DISCO_L475VG_IOT01A/ARMC6/mbed-os/drivers/source/InterruptIn.o
    0x08004278   0x0000000e   Code   RO          749    .text._ZN4mbed11InterruptInD0Ev  BUILD/DISCO_L475VG_IOT01A/ARMC6/mbed-os/drivers/source/InterruptIn.o
    0x08004286   0x00000002   PAD
    0x08004288   0x0000001c   Code   RO          747    .text._ZN4mbed11InterruptInD2Ev  BUILD/DISCO_L475VG_IOT01A/ARMC6/mbed-os/drivers/source/InterruptIn.o
    0x080042a4   0x0000001a   Code   RO          623    .text._ZN4mbed12DigitalInOut4modeE7PinMode  BUILD/DISCO_L475VG_IOT01A/ARMC6/mbed-os/drivers/source/DigitalInOut.o
    0x080042be   0x00000018   Code   RO          621    .text._ZN4mbed12DigitalInOut5inputEv  BUILD/DISCO_L475VG_IOT01A/ARMC6/mbed-os/drivers/source/DigitalInOut.o
    0x080042d6   0x00000018   Code   RO          619    .text._ZN4mbed12DigitalInOut6outputEv  BUILD/DISCO_L475VG_IOT01A/ARMC6/mbed-os/drivers/source/DigitalInOut.o
    0x080042ee   0x00000024   Code   RO          708    .text._ZN4mbed12DigitalInOutC2E7PinName12PinDirection7PinModei  BUILD/DISCO_L475VG_IOT01A/ARMC6/mbed-os/drivers/source/I2C.o
    0x08004312   0x00000006   Code   RO         1243    .text._ZN4mbed15TickerDataClock11set_handlerEPFvjE  BUILD/DISCO_L475VG_IOT01A/ARMC6/mbed-os/drivers/source/TimerEvent.o
    0x08004318   0x00000006   Code   RO         1245    .text._ZN4mbed15TickerDataClock12insert_eventEP14ticker_event_sNSt3__26chrono10time_pointIS0_NS4_8durationIxNS3_5ratioILx1ELx1000000EEEEEEEj  BUILD/DISCO_L475VG_IOT01A/ARMC6/mbed-os/drivers/source/TimerEvent.o
    0x0800431e   0x00000006   Code   RO         1247    .text._ZN4mbed15TickerDataClock12remove_eventEP14ticker_event_s  BUILD/DISCO_L475VG_IOT01A/ARMC6/mbed-os/drivers/source/TimerEvent.o
    0x08004324   0x00000074   Code   RO         2408    .text._ZN4mbed16mbed_file_handleEi  BUILD/DISCO_L475VG_IOT01A/ARMC6/mbed-os/platform/source/mbed_retarget.o
    0x08004398   0x0000000c   Code   RO         1710    .text._ZN4mbed19CriticalSectionLockC2Ev  BUILD/DISCO_L475VG_IOT01A/ARMC6/mbed-os/platform/source/CriticalSectionLock.o
    0x080043a4   0x0000000c   Code   RO         1712    .text._ZN4mbed19CriticalSectionLockD2Ev  BUILD/DISCO_L475VG_IOT01A/ARMC6/mbed-os/platform/source/CriticalSectionLock.o
    0x080043b0   0x00000006   Code   RO          678    .text._ZN4mbed3I2C4lockEv  BUILD/DISCO_L475VG_IOT01A/ARMC6/mbed-os/drivers/source/I2C.o
    0x080043b6   0x0000001a   Code   RO          670    .text._ZN4mbed3I2C4readEiPcib  BUILD/DISCO_L475VG_IOT01A/ARMC6/mbed-os/drivers/source/I2C.o
    0x080043d0   0x0000001a   Code   RO          666    .text._ZN4mbed3I2C5writeEiPKcib  BUILD/DISCO_L475VG_IOT01A/ARMC6/mbed-os/drivers/source/I2C.o
    0x080043ea   0x00000006   Code   RO          680    .text._ZN4mbed3I2C6unlockEv  BUILD/DISCO_L475VG_IOT01A/ARMC6/mbed-os/drivers/source/I2C.o
    0x080043f0   0x000000d8   Code   RO          660    .text._ZN4mbed3I2C7recoverE7PinNameS1_  BUILD/DISCO_L475VG_IOT01A/ARMC6/mbed-os/drivers/source/I2C.o
    0x080044c8   0x00000070   Code   RO          658    .text._ZN4mbed3I2CC2E7PinNameS1_  BUILD/DISCO_L475VG_IOT01A/ARMC6/mbed-os/drivers/source/I2C.o
    0x08004538   0x0000000e   Code   RO          712    .text._ZN4mbed3I2CD0Ev  BUILD/DISCO_L475VG_IOT01A/ARMC6/mbed-os/drivers/source/I2C.o
    0x08004546   0x00000002   PAD
    0x08004548   0x0000001c   Code   RO          298    .text._ZN4mbed3I2CD2Ev  BUILD/DISCO_L475VG_IOT01A/ARMC6/main.o
    0x08004564   0x00000026   Code   RO          781    .text._ZN4mbed4impl7MbedCRCILj79764919ELh32ELNS_7CrcModeE2EE20compute_partial_stopEPj  BUILD/DISCO_L475VG_IOT01A/ARMC6/mbed-os/drivers/source/MbedCRC.o
    0x0800458a   0x00000020   Code   RO          779    .text._ZN4mbed4impl7MbedCRCILj79764919ELh32ELNS_7CrcModeE2EE7computeEPKvjPj  BUILD/DISCO_L475VG_IOT01A/ARMC6/mbed-os/drivers/source/MbedCRC.o
    0x080045aa   0x00000002   PAD
    0x080045ac   0x0000006c   Code   RO         1744    .text._ZN4mbed8FileBase6lookupEPKcj  BUILD/DISCO_L475VG_IOT01A/ARMC6/mbed-os/platform/source/FileBase.o
    0x08004618   0x00000018   Code   RO         1781    .text._ZN4mbed8FilePath10fileSystemEv  BUILD/DISCO_L475VG_IOT01A/ARMC6/mbed-os/platform/source/FilePath.o
    0x08004630   0x00000018   Code   RO         1779    .text._ZN4mbed8FilePath12isFileSystemEv  BUILD/DISCO_L475VG_IOT01A/ARMC6/mbed-os/platform/source/FilePath.o
    0x08004648   0x00000018   Code   RO         1785    .text._ZN4mbed8FilePath4fileEv  BUILD/DISCO_L475VG_IOT01A/ARMC6/mbed-os/platform/source/FilePath.o
    0x08004660   0x0000000a   Code   RO         1787    .text._ZN4mbed8FilePath6existsEv  BUILD/DISCO_L475VG_IOT01A/ARMC6/mbed-os/platform/source/FilePath.o
    0x0800466a   0x00000016   Code   RO         1783    .text._ZN4mbed8FilePath6isFileEv  BUILD/DISCO_L475VG_IOT01A/ARMC6/mbed-os/platform/source/FilePath.o
    0x08004680   0x0000003c   Code   RO         1775    .text._ZN4mbed8FilePathC2EPKc  BUILD/DISCO_L475VG_IOT01A/ARMC6/mbed-os/platform/source/FilePath.o
    0x080046bc   0x0000001c   Code   RO         2334    .text._ZN4mbed8internal13init_os_timerEv  BUILD/DISCO_L475VG_IOT01A/ARMC6/mbed-os/platform/source/mbed_os_timer.o
    0x080046d8   0x00000054   Code   RO         2344    .text._ZN4mbed8internal18do_sleep_operationINS0_18timed_predicate_opEEEvRT_  BUILD/DISCO_L475VG_IOT01A/ARMC6/mbed-os/platform/source/mbed_os_timer.o
    0x0800472c   0x00000016   Code   RO         2356    .text._ZN4mbed8internal18timed_predicate_op13sleep_prepareEv  BUILD/DISCO_L475VG_IOT01A/ARMC6/mbed-os/platform/source/mbed_os_timer.o
    0x08004742   0x00000002   PAD
    0x08004744   0x00000010   Code   RO         2346    .text._ZN4mbed8internal18timed_predicate_opD2Ev  BUILD/DISCO_L475VG_IOT01A/ARMC6/mbed-os/platform/source/mbed_os_timer.o
    0x08004754   0x00000052   Code   RO         2340    .text._ZN4mbed8internal34do_timed_sleep_relative_or_foreverENSt3__26chrono8durationIjNS1_5ratioILx1ELx1000EEEEEPFbPvES7_  BUILD/DISCO_L475VG_IOT01A/ARMC6/mbed-os/platform/source/mbed_os_timer.o
    0x080047a6   0x00000002   PAD
    0x080047a8   0x0000000c   Code   RO         2358    .text._ZN4mbed8internal7OsClock13set_wake_timeENSt3__26chrono10time_pointIS1_NS3_8durationIxNS2_5ratioILx1ELx1000EEEEEEE  BUILD/DISCO_L475VG_IOT01A/ARMC6/mbed-os/platform/source/mbed_os_timer.o
    0x080047b4   0x0000001a   Code   RO         2352    .text._ZN4mbed8internal7OsClock3nowEv  BUILD/DISCO_L475VG_IOT01A/ARMC6/mbed-os/platform/source/mbed_os_timer.o
    0x080047ce   0x0000001a   Code   RO         1946    .text._ZN4mbed8internal8SysTimerINSt3__25ratioILx1ELx1000EEELb1EE11cancel_wakeEv  BUILD/DISCO_L475VG_IOT01A/ARMC6/mbed-os/platform/source/SysTimer.o
    0x080047e8   0x00000076   Code   RO         1950    .text._ZN4mbed8internal8SysTimerINSt3__25ratioILx1ELx1000EEELb1EE13set_wake_timeENS2_6chrono10time_pointIS5_NS6_8durationIyS4_EEEE  BUILD/DISCO_L475VG_IOT01A/ARMC6/mbed-os/platform/source/SysTimer.o
    0x0800485e   0x00000004   Code   RO         1964    .text._ZN4mbed8internal8SysTimerINSt3__25ratioILx1ELx1000EEELb1EE14_schedule_tickEv  BUILD/DISCO_L475VG_IOT01A/ARMC6/mbed-os/platform/source/SysTimer.o
    0x08004862   0x00000012   Code   RO         1952    .text._ZN4mbed8internal8SysTimerINSt3__25ratioILx1ELx1000EEELb1EE19update_and_get_tickEv  BUILD/DISCO_L475VG_IOT01A/ARMC6/mbed-os/platform/source/SysTimer.o
    0x08004874   0x00000038   Code   RO         1982    .text._ZN4mbed8internal8SysTimerINSt3__25ratioILx1ELx1000EEELb1EE7handlerEv  BUILD/DISCO_L475VG_IOT01A/ARMC6/mbed-os/platform/source/SysTimer.o
    0x080048ac   0x0000001c   Code   RO         1938    .text._ZN4mbed8internal8SysTimerINSt3__25ratioILx1ELx1000EEELb1EEC2EPK13ticker_data_t  BUILD/DISCO_L475VG_IOT01A/ARMC6/mbed-os/platform/source/SysTimer.o
    0x080048c8   0x0000001c   Code   RO          294    .text._ZN4mbed9DigitalInC2E7PinName7PinMode  BUILD/DISCO_L475VG_IOT01A/ARMC6/main.o
    0x080048e4   0x00000004   Code   RO         2940    .text._ZN4rtos10ThisThread9sleep_forENSt3__26chrono8durationIjNS1_5ratioILx1ELx1000EEEEE  BUILD/DISCO_L475VG_IOT01A/ARMC6/mbed-os/rtos/source/ThisThread.o
    0x080048e8   0x00000028   Code   RO          714    .text._ZN6CThunkIN4mbed3I2CEE10trampolineEP10CThunkBase  BUILD/DISCO_L475VG_IOT01A/ARMC6/mbed-os/drivers/source/I2C.o
    0x08004910   0x00000014   Code   RO          302    .text._ZN6CThunkIN4mbed3I2CEED2Ev  BUILD/DISCO_L475VG_IOT01A/ARMC6/main.o
    0x08004924   0x0000003a   Code   RO          169    .text._ZN6DevI2C8i2c_readEPhhht  BUILD/DISCO_L475VG_IOT01A/ARMC6/HTS221/HTS221Sensor.o
    0x0800495e   0x0000003e   Code   RO          167    .text._ZN6DevI2C9i2c_writeEPhhht  BUILD/DISCO_L475VG_IOT01A/ARMC6/HTS221/HTS221Sensor.o
    0x0800499c   0x00000014   Code   RO          296    .text._ZN6DevI2CC2E7PinNameS0_  BUILD/DISCO_L475VG_IOT01A/ARMC6/main.o
    0x080049b0   0x0000000e   Code   RO          300    .text._ZN6DevI2CD0Ev  BUILD/DISCO_L475VG_IOT01A/ARMC6/main.o
    0x080049be   0x00000002   PAD
    0x080049c0   0x00000034   Code   RO         2398    .text._ZNK12DirectSerial4pollEs  BUILD/DISCO_L475VG_IOT01A/ARMC6/mbed-os/platform/source/mbed_retarget.o
    0x080049f4   0x00000014   Code   RO          333    .text._ZNK12SingletonPtrIN4rtos5MutexEE3getEv  BUILD/DISCO_L475VG_IOT01A/ARMC6/mbed-os/drivers/source/AnalogIn.o
    0x08004a08   0x00000004   Code   RO         1309    .text._ZNK4mbed10FileHandle11is_blockingEv  BUILD/DISCO_L475VG_IOT01A/ARMC6/mbed-os/drivers/source/UnbufferedSerial.o
    0x08004a0c   0x00000010   Code   RO         1940    .text._ZNK4mbed15TickerDataClock3nowEv  BUILD/DISCO_L475VG_IOT01A/ARMC6/mbed-os/platform/source/SysTimer.o
    0x08004a1c   0x00000058   Code   RO          783    .text._ZNK4mbed4impl7MbedCRCILj79764919ELh32ELNS_7CrcModeE2EE18do_compute_partialILS2_2EEENSt3__29enable_ifIXeqT_LS2_2EEiE4typeEPKhjPj  BUILD/DISCO_L475VG_IOT01A/ARMC6/mbed-os/drivers/source/MbedCRC.o
    0x08004a74   0x00000024   Code   RO         2354    .text._ZNK4mbed8internal18timed_predicate_op14wake_conditionEv  BUILD/DISCO_L475VG_IOT01A/ARMC6/mbed-os/platform/source/mbed_os_timer.o
    0x08004a98   0x0000003a   Code   RO         1976    .text._ZNK4mbed8internal8SysTimerINSt3__25ratioILx1ELx1000EEELb1EE14_elapsed_ticksEv  BUILD/DISCO_L475VG_IOT01A/ARMC6/mbed-os/platform/source/SysTimer.o
    0x08004ad2   0x00000006   Code   RO          135    .text._ZThn4_N12HTS221Sensor15get_temperatureEPf  BUILD/DISCO_L475VG_IOT01A/ARMC6/HTS221/HTS221Sensor.o
    0x08004ad8   0x00000006   Code   RO          115    .text._ZThn4_N12HTS221Sensor4initEPv  BUILD/DISCO_L475VG_IOT01A/ARMC6/HTS221/HTS221Sensor.o
    0x08004ade   0x00000006   Code   RO          123    .text._ZThn4_N12HTS221Sensor7read_idEPh  BUILD/DISCO_L475VG_IOT01A/ARMC6/HTS221/HTS221Sensor.o
    0x08004ae4   0x00000006   Code   RO          163    .text._ZThn4_N12HTS221SensorD0Ev  BUILD/DISCO_L475VG_IOT01A/ARMC6/HTS221/HTS221Sensor.o
    0x08004aea   0x00000006   Code   RO          161    .text._ZThn4_N12HTS221SensorD1Ev  BUILD/DISCO_L475VG_IOT01A/ARMC6/HTS221/HTS221Sensor.o
    0x08004af0   0x00000004   Code   RO         2484    .text._ZdlPv        BUILD/DISCO_L475VG_IOT01A/ARMC6/mbed-os/platform/source/mbed_retarget.o
    0x08004af4   0x0000001c   Code   RO         8537    .text.__NVIC_EnableIRQ  BUILD/DISCO_L475VG_IOT01A/ARMC6/mbed-os/targets/TARGET_STM/i2c_api.o
    0x08004b10   0x00000024   Code   RO         8535    .text.__NVIC_SetPriority  BUILD/DISCO_L475VG_IOT01A/ARMC6/mbed-os/targets/TARGET_STM/i2c_api.o
    0x08004b34   0x00000024   Code   RO         2273    .text.__NVIC_SystemReset  BUILD/DISCO_L475VG_IOT01A/ARMC6/mbed-os/platform/source/mbed_error.o
    0x08004b58   0x00000022   Code   RO         2528    .text.__cxa_guard_acquire  BUILD/DISCO_L475VG_IOT01A/ARMC6/mbed-os/platform/source/mbed_retarget.o
    0x08004b7a   0x00000002   PAD
    0x08004b7c   0x00000028   Code   RO         9016    .text.__cxa_pure_virtual  c:\Users\oleel\AppData\Local\Mbed Studio\mbed-studio-tools\ac6\bin\..\lib\libcxx\libcppabi_w.l(cxa_virtual.cpp.o)
    0x08004ba4   0x00000004   Code   RO         2462    .text.__user_setup_stackheap  BUILD/DISCO_L475VG_IOT01A/ARMC6/mbed-os/platform/source/mbed_retarget.o
    0x08004ba8   0x00000026   Code   RO         1423    .text._gpio_init_in  BUILD/DISCO_L475VG_IOT01A/ARMC6/mbed-os/hal/source/mbed_gpio.o
    0x08004bce   0x00000036   Code   RO         1429    .text._gpio_init_out  BUILD/DISCO_L475VG_IOT01A/ARMC6/mbed-os/hal/source/mbed_gpio.o
    0x08004c04   0x0000002c   Code   RO         2460    .text._mbed_user_setup_stackheap  BUILD/DISCO_L475VG_IOT01A/ARMC6/mbed-os/platform/source/mbed_retarget.o
    0x08004c30   0x00000060   Code   RO         2422    .text._sys_open     BUILD/DISCO_L475VG_IOT01A/ARMC6/mbed-os/platform/source/mbed_retarget.o
    0x08004c90   0x00000006   Code   RO         2448    .text._sys_seek     BUILD/DISCO_L475VG_IOT01A/ARMC6/mbed-os/platform/source/mbed_retarget.o
    0x08004c96   0x00000002   PAD
    0x08004c98   0x000000c0   Code   RO         2432    .text._sys_write    BUILD/DISCO_L475VG_IOT01A/ARMC6/mbed-os/platform/source/mbed_retarget.o
    0x08004d58   0x00000014   Code   RO         2659    .text._wait_us_ticks  BUILD/DISCO_L475VG_IOT01A/ARMC6/mbed-os/platform/source/mbed_wait_api_no_rtos.o
    0x08004d6c   0x00000004   Code   RO         9224    .text.abort_message  c:\Users\oleel\AppData\Local\Mbed Studio\mbed-studio-tools\ac6\bin\..\lib\libcxx\libcppabi_w.l(abort_message.cpp.o)
    0x08004d70   0x00000002   Code   RO         1549    .text.block_us_ticker_free  BUILD/DISCO_L475VG_IOT01A/ARMC6/mbed-os/hal/source/mbed_us_ticker_api.o
    0x08004d72   0x00000002   PAD
    0x08004d74   0x000000e0   Code   RO         8456    .text.can_irq       BUILD/DISCO_L475VG_IOT01A/ARMC6/mbed-os/targets/TARGET_STM/can_api.o
    0x08004e54   0x0000000c   Code   RO         2218    .text.core_util_are_interrupts_enabled  BUILD/DISCO_L475VG_IOT01A/ARMC6/mbed-os/platform/source/mbed_critical.o
    0x08004e60   0x00000012   Code   RO         2121    .text.core_util_atomic_decr_u16  BUILD/DISCO_L475VG_IOT01A/ARMC6/mbed-os/platform/source/mbed_atomic_impl.o
    0x08004e72   0x00000010   Code   RO         2107    .text.core_util_atomic_exchange_u8  BUILD/DISCO_L475VG_IOT01A/ARMC6/mbed-os/platform/source/mbed_atomic_impl.o
    0x08004e82   0x00000014   Code   RO         2105    .text.core_util_atomic_flag_test_and_set  BUILD/DISCO_L475VG_IOT01A/ARMC6/mbed-os/platform/source/mbed_atomic_impl.o
    0x08004e96   0x00000012   Code   RO         2115    .text.core_util_atomic_incr_u16  BUILD/DISCO_L475VG_IOT01A/ARMC6/mbed-os/platform/source/mbed_atomic_impl.o
    0x08004ea8   0x00000016   Code   RO         2167    .text.core_util_atomic_load_u64  BUILD/DISCO_L475VG_IOT01A/ARMC6/mbed-os/platform/source/mbed_atomic_impl.o
    0x08004ebe   0x00000002   PAD
    0x08004ec0   0x00000010   Code   RO         2224    .text.core_util_critical_section_enter  BUILD/DISCO_L475VG_IOT01A/ARMC6/mbed-os/platform/source/mbed_critical.o
    0x08004ed0   0x00000018   Code   RO         2226    .text.core_util_critical_section_exit  BUILD/DISCO_L475VG_IOT01A/ARMC6/mbed-os/platform/source/mbed_critical.o
    0x08004ee8   0x0000000c   Code   RO         2220    .text.core_util_is_isr_active  BUILD/DISCO_L475VG_IOT01A/ARMC6/mbed-os/platform/source/mbed_critical.o
    0x08004ef4   0x00000024   Code   RO         2231    .text.error         BUILD/DISCO_L475VG_IOT01A/ARMC6/mbed-os/platform/source/mbed_error.o
    0x08004f18   0x0000001c   Code   RO         1533    .text.exact_log2    BUILD/DISCO_L475VG_IOT01A/ARMC6/mbed-os/hal/source/mbed_ticker_api.o
    0x08004f34   0x0000002c   Code   RO         2502    .text.exit          BUILD/DISCO_L475VG_IOT01A/ARMC6/mbed-os/platform/source/mbed_retarget.o
    0x08004f60   0x00000028   Code   RO         2456    .text.fsync         BUILD/DISCO_L475VG_IOT01A/ARMC6/mbed-os/platform/source/mbed_retarget.o
    0x08004f88   0x00000008   Code   RO         1445    .text.get_lp_ticker_data  BUILD/DISCO_L475VG_IOT01A/ARMC6/mbed-os/hal/source/mbed_lp_ticker_api.o
    0x08004f90   0x00000058   Code   RO         8799    .text.get_uart_index  BUILD/DISCO_L475VG_IOT01A/ARMC6/mbed-os/targets/TARGET_STM/serial_api.o
    0x08004fe8   0x0000002a   Code   RO         8482    .text.gpio_dir      BUILD/DISCO_L475VG_IOT01A/ARMC6/mbed-os/targets/TARGET_STM/gpio_api.o
    0x08005012   0x00000002   PAD
    0x08005014   0x00000048   Code   RO         8478    .text.gpio_init     BUILD/DISCO_L475VG_IOT01A/ARMC6/mbed-os/targets/TARGET_STM/gpio_api.o
    0x0800505c   0x00000006   Code   RO         1419    .text.gpio_init_in  BUILD/DISCO_L475VG_IOT01A/ARMC6/mbed-os/hal/source/mbed_gpio.o
    0x08005062   0x00000004   Code   RO         1421    .text.gpio_init_in_ex  BUILD/DISCO_L475VG_IOT01A/ARMC6/mbed-os/hal/source/mbed_gpio.o
    0x08005066   0x00000036   Code   RO         1431    .text.gpio_init_inout  BUILD/DISCO_L475VG_IOT01A/ARMC6/mbed-os/hal/source/mbed_gpio.o
    0x0800509c   0x00000006   Code   RO         1425    .text.gpio_init_out  BUILD/DISCO_L475VG_IOT01A/ARMC6/mbed-os/hal/source/mbed_gpio.o
    0x080050a2   0x00000008   Code   RO         1427    .text.gpio_init_out_ex  BUILD/DISCO_L475VG_IOT01A/ARMC6/mbed-os/hal/source/mbed_gpio.o
    0x080050aa   0x00000006   Code   RO         8492    .text.gpio_irq0     BUILD/DISCO_L475VG_IOT01A/ARMC6/mbed-os/targets/TARGET_STM/gpio_irq_api.o
    0x080050b0   0x00000006   Code   RO         8494    .text.gpio_irq1     BUILD/DISCO_L475VG_IOT01A/ARMC6/mbed-os/targets/TARGET_STM/gpio_irq_api.o
    0x080050b6   0x00000006   Code   RO         8496    .text.gpio_irq2     BUILD/DISCO_L475VG_IOT01A/ARMC6/mbed-os/targets/TARGET_STM/gpio_irq_api.o
    0x080050bc   0x00000006   Code   RO         8498    .text.gpio_irq3     BUILD/DISCO_L475VG_IOT01A/ARMC6/mbed-os/targets/TARGET_STM/gpio_irq_api.o
    0x080050c2   0x00000006   Code   RO         8500    .text.gpio_irq4     BUILD/DISCO_L475VG_IOT01A/ARMC6/mbed-os/targets/TARGET_STM/gpio_irq_api.o
    0x080050c8   0x00000008   Code   RO         8502    .text.gpio_irq5     BUILD/DISCO_L475VG_IOT01A/ARMC6/mbed-os/targets/TARGET_STM/gpio_irq_api.o
    0x080050d0   0x00000008   Code   RO         8504    .text.gpio_irq6     BUILD/DISCO_L475VG_IOT01A/ARMC6/mbed-os/targets/TARGET_STM/gpio_irq_api.o
    0x080050d8   0x000000a4   Code   RO         8510    .text.gpio_irq_disable  BUILD/DISCO_L475VG_IOT01A/ARMC6/mbed-os/targets/TARGET_STM/gpio_irq_api.o
    0x0800517c   0x00000094   Code   RO         8506    .text.gpio_irq_enable  BUILD/DISCO_L475VG_IOT01A/ARMC6/mbed-os/targets/TARGET_STM/gpio_irq_api.o
    0x08005210   0x00000064   Code   RO         8508    .text.gpio_irq_free  BUILD/DISCO_L475VG_IOT01A/ARMC6/mbed-os/targets/TARGET_STM/gpio_irq_api.o
    0x08005274   0x0000018c   Code   RO         8490    .text.gpio_irq_init  BUILD/DISCO_L475VG_IOT01A/ARMC6/mbed-os/targets/TARGET_STM/gpio_irq_api.o
    0x08005400   0x00000008   Code   RO         8480    .text.gpio_mode     BUILD/DISCO_L475VG_IOT01A/ARMC6/mbed-os/targets/TARGET_STM/gpio_api.o
    0x08005408   0x00000018   Code   RO         8476    .text.gpio_set      BUILD/DISCO_L475VG_IOT01A/ARMC6/mbed-os/targets/TARGET_STM/gpio_api.o
    0x08005420   0x00000018   Code   RO         1406    .text.hal_critical_section_enter  BUILD/DISCO_L475VG_IOT01A/ARMC6/mbed-os/hal/source/mbed_critical_section_api.o
    0x08005438   0x00000014   Code   RO         1408    .text.hal_critical_section_exit  BUILD/DISCO_L475VG_IOT01A/ARMC6/mbed-os/hal/source/mbed_critical_section_api.o
    0x0800544c   0x00000154   Code   RO         8836    .text.hal_deepsleep  BUILD/DISCO_L475VG_IOT01A/ARMC6/mbed-os/targets/TARGET_STM/sleep.o
    0x080055a0   0x00000020   Code   RO         8834    .text.hal_sleep     BUILD/DISCO_L475VG_IOT01A/ARMC6/mbed-os/targets/TARGET_STM/sleep.o
    0x080055c0   0x0000007c   Code   RO         2233    .text.handle_error  BUILD/DISCO_L475VG_IOT01A/ARMC6/mbed-os/platform/source/mbed_error.o
    0x0800563c   0x000000b4   Code   RO         8514    .text.handle_interrupt_in  BUILD/DISCO_L475VG_IOT01A/ARMC6/mbed-os/targets/TARGET_STM/gpio_irq_api.o
    0x080056f0   0x00000018   Code   RO         8543    .text.i2c1_irq      BUILD/DISCO_L475VG_IOT01A/ARMC6/mbed-os/targets/TARGET_STM/i2c_api.o
    0x08005708   0x00000018   Code   RO         8545    .text.i2c2_irq      BUILD/DISCO_L475VG_IOT01A/ARMC6/mbed-os/targets/TARGET_STM/i2c_api.o
    0x08005720   0x00000018   Code   RO         8547    .text.i2c3_irq      BUILD/DISCO_L475VG_IOT01A/ARMC6/mbed-os/targets/TARGET_STM/i2c_api.o
    0x08005738   0x00000018   Code   RO         8539    .text.i2c_ev_err_disable  BUILD/DISCO_L475VG_IOT01A/ARMC6/mbed-os/targets/TARGET_STM/i2c_api.o
    0x08005750   0x0000004c   Code   RO         8533    .text.i2c_ev_err_enable  BUILD/DISCO_L475VG_IOT01A/ARMC6/mbed-os/targets/TARGET_STM/i2c_api.o
    0x0800579c   0x000000d0   Code   RO         8555    .text.i2c_frequency  BUILD/DISCO_L475VG_IOT01A/ARMC6/mbed-os/targets/TARGET_STM/i2c_api.o
    0x0800586c   0x00000038   Code   RO         8541    .text.i2c_get_irq_handler  BUILD/DISCO_L475VG_IOT01A/ARMC6/mbed-os/targets/TARGET_STM/i2c_api.o
    0x080058a4   0x000000a0   Code   RO         8235    .text.i2c_get_pclk  BUILD/DISCO_L475VG_IOT01A/ARMC6/mbed-os/targets/TARGET_STM/TARGET_STM32L4/i2c_device.o
    0x08005944   0x000000bc   Code   RO         8565    .text.i2c_get_timing  BUILD/DISCO_L475VG_IOT01A/ARMC6/mbed-os/targets/TARGET_STM/i2c_api.o
    0x08005a00   0x0000006c   Code   RO         8549    .text.i2c_hw_reset  BUILD/DISCO_L475VG_IOT01A/ARMC6/mbed-os/targets/TARGET_STM/i2c_api.o
    0x08005a6c   0x00000068   Code   RO         8561    .text.i2c_init      BUILD/DISCO_L475VG_IOT01A/ARMC6/mbed-os/targets/TARGET_STM/i2c_api.o
    0x08005ad4   0x00000018   Code   RO         8559    .text.i2c_init_direct  BUILD/DISCO_L475VG_IOT01A/ARMC6/mbed-os/targets/TARGET_STM/i2c_api.o
    0x08005aec   0x00000114   Code   RO         8553    .text.i2c_init_internal  BUILD/DISCO_L475VG_IOT01A/ARMC6/mbed-os/targets/TARGET_STM/i2c_api.o
    0x08005c00   0x00000060   Code   RO         8583    .text.i2c_read      BUILD/DISCO_L475VG_IOT01A/ARMC6/mbed-os/targets/TARGET_STM/i2c_api.o
    0x08005c60   0x00000026   Code   RO         8593    .text.i2c_slave_address  BUILD/DISCO_L475VG_IOT01A/ARMC6/mbed-os/targets/TARGET_STM/i2c_api.o
    0x08005c86   0x00000002   PAD
    0x08005c88   0x00000068   Code   RO         8585    .text.i2c_write     BUILD/DISCO_L475VG_IOT01A/ARMC6/mbed-os/targets/TARGET_STM/i2c_api.o
    0x08005cf0   0x000000a8   Code   RO         8934    .text.init_32bit_timer  BUILD/DISCO_L475VG_IOT01A/ARMC6/mbed-os/targets/TARGET_STM/us_ticker.o
    0x08005d98   0x00000090   Code   RO         8801    .text.init_uart     BUILD/DISCO_L475VG_IOT01A/ARMC6/mbed-os/targets/TARGET_STM/serial_api.o
    0x08005e28   0x000000e4   Code   RO         1505    .text.initialize    BUILD/DISCO_L475VG_IOT01A/ARMC6/mbed-os/hal/source/mbed_ticker_api.o
    0x08005f0c   0x00000050   Code   RO         1515    .text.insert_event  BUILD/DISCO_L475VG_IOT01A/ARMC6/mbed-os/hal/source/mbed_ticker_api.o
    0x08005f5c   0x00000028   Code   RO         2416    .text.isatty        BUILD/DISCO_L475VG_IOT01A/ARMC6/mbed-os/platform/source/mbed_retarget.o
    0x08005f84   0x00000020   Code   RO         8653    .text.lp_ticker_clear_interrupt  BUILD/DISCO_L475VG_IOT01A/ARMC6/mbed-os/targets/TARGET_STM/lp_ticker.o
    0x08005fa4   0x0000004c   Code   RO         8645    .text.lp_ticker_disable_interrupt  BUILD/DISCO_L475VG_IOT01A/ARMC6/mbed-os/targets/TARGET_STM/lp_ticker.o
    0x08005ff0   0x00000024   Code   RO         8655    .text.lp_ticker_fire_interrupt  BUILD/DISCO_L475VG_IOT01A/ARMC6/mbed-os/targets/TARGET_STM/lp_ticker.o
    0x08006014   0x00000004   Code   RO         8657    .text.lp_ticker_free  BUILD/DISCO_L475VG_IOT01A/ARMC6/mbed-os/targets/TARGET_STM/lp_ticker.o
    0x08006018   0x00000008   Code   RO         8641    .text.lp_ticker_get_info  BUILD/DISCO_L475VG_IOT01A/ARMC6/mbed-os/targets/TARGET_STM/lp_ticker.o
    0x08006020   0x0000017c   Code   RO         8643    .text.lp_ticker_init  BUILD/DISCO_L475VG_IOT01A/ARMC6/mbed-os/targets/TARGET_STM/lp_ticker.o
    0x0800619c   0x00000014   Code   RO         1449    .text.lp_ticker_irq_handler  BUILD/DISCO_L475VG_IOT01A/ARMC6/mbed-os/hal/source/mbed_lp_ticker_api.o
    0x080061b0   0x00000010   Code   RO         8649    .text.lp_ticker_read  BUILD/DISCO_L475VG_IOT01A/ARMC6/mbed-os/targets/TARGET_STM/lp_ticker.o
    0x080061c0   0x000000ac   Code   RO         8651    .text.lp_ticker_set_interrupt  BUILD/DISCO_L475VG_IOT01A/ARMC6/mbed-os/targets/TARGET_STM/lp_ticker.o
    0x0800626c   0x0000002a   Code   RO         2450    .text.lseek         BUILD/DISCO_L475VG_IOT01A/ARMC6/mbed-os/platform/source/mbed_retarget.o
    0x08006296   0x00000002   PAD
    0x08006298   0x00000044   Code   RO          283    .text.main          BUILD/DISCO_L475VG_IOT01A/ARMC6/main.o
    0x080062dc   0x00000028   Code   RO         2618    .text.mbed_copy_nvic  BUILD/DISCO_L475VG_IOT01A/ARMC6/mbed-os/platform/source/mbed_sdk_boot.o
    0x08006304   0x00000060   Code   RO         2207    .text.mbed_die      BUILD/DISCO_L475VG_IOT01A/ARMC6/mbed-os/platform/source/mbed_board.o
    0x08006364   0x00000068   Code   RO         2253    .text.mbed_error    BUILD/DISCO_L475VG_IOT01A/ARMC6/mbed-os/platform/source/mbed_error.o
    0x080063cc   0x00000068   Code   RO         2241    .text.mbed_error_initialize  BUILD/DISCO_L475VG_IOT01A/ARMC6/mbed-os/platform/source/mbed_error.o
    0x08006434   0x00000018   Code   RO         2209    .text.mbed_error_printf  BUILD/DISCO_L475VG_IOT01A/ARMC6/mbed-os/platform/source/mbed_board.o
    0x0800644c   0x0000004c   Code   RO         2213    .text.mbed_error_puts  BUILD/DISCO_L475VG_IOT01A/ARMC6/mbed-os/platform/source/mbed_board.o
    0x08006498   0x00000034   Code   RO         2211    .text.mbed_error_vprintf  BUILD/DISCO_L475VG_IOT01A/ARMC6/mbed-os/platform/source/mbed_board.o
    0x080064cc   0x000000f4   Code   RO         2084    .text.mbed_fault_handler  BUILD/DISCO_L475VG_IOT01A/ARMC6/mbed-os/platform/source/TARGET_CORTEX_M/mbed_fault_handler.o
    0x080065c0   0x00000030   Code   RO         2235    .text.mbed_halt_system  BUILD/DISCO_L475VG_IOT01A/ARMC6/mbed-os/platform/source/mbed_error.o
    0x080065f0   0x00000012   Code   RO         2620    .text.mbed_init     BUILD/DISCO_L475VG_IOT01A/ARMC6/mbed-os/platform/source/mbed_sdk_boot.o
    0x08006602   0x00000006   PAD
    0x08006608   0x00000510   Code   RO         2800    .text.mbed_minimal_formatted_string  BUILD/DISCO_L475VG_IOT01A/ARMC6/mbed-os/platform/source/minimal-printf/mbed_printf_implementation.o
    0x08006b18   0x00000160   Code   RO         2804    .text.mbed_minimal_formatted_string_integer  BUILD/DISCO_L475VG_IOT01A/ARMC6/mbed-os/platform/source/minimal-printf/mbed_printf_implementation.o
    0x08006c78   0x0000003c   Code   RO         2806    .text.mbed_minimal_putchar  BUILD/DISCO_L475VG_IOT01A/ARMC6/mbed-os/platform/source/minimal-printf/mbed_printf_implementation.o
    0x08006cb4   0x0000003c   Code   RO         8674    .text.mbed_sdk_init  BUILD/DISCO_L475VG_IOT01A/ARMC6/mbed-os/targets/TARGET_STM/mbed_overrides.o
    0x08006cf0   0x0000001e   Code   RO          770    .text.mbed_tiny_compute_crc32  BUILD/DISCO_L475VG_IOT01A/ARMC6/mbed-os/drivers/source/MbedCRC.o
    0x08006d0e   0x00000002   PAD
    0x08006d10   0x00000084   Code   RO         2424    .text.open          BUILD/DISCO_L475VG_IOT01A/ARMC6/mbed-os/platform/source/mbed_retarget.o
    0x08006d94   0x00000024   Code   RO         2802    .text.parse_string_to_integer  BUILD/DISCO_L475VG_IOT01A/ARMC6/mbed-os/platform/source/minimal-printf/mbed_printf_implementation.o
    0x08006db8   0x000000f4   Code   RO         8680    .text.pin_function  BUILD/DISCO_L475VG_IOT01A/ARMC6/mbed-os/targets/TARGET_STM/pinmap.o
    0x08006eac   0x00000078   Code   RO         8684    .text.pin_mode      BUILD/DISCO_L475VG_IOT01A/ARMC6/mbed-os/targets/TARGET_STM/pinmap.o
    0x08006f24   0x00000022   Code   RO         1466    .text.pinmap_find_function  BUILD/DISCO_L475VG_IOT01A/ARMC6/mbed-os/hal/source/mbed_pinmap_common.o
    0x08006f46   0x00000022   Code   RO         1462    .text.pinmap_find_peripheral  BUILD/DISCO_L475VG_IOT01A/ARMC6/mbed-os/hal/source/mbed_pinmap_common.o
    0x08006f68   0x00000024   Code   RO         1460    .text.pinmap_merge  BUILD/DISCO_L475VG_IOT01A/ARMC6/mbed-os/hal/source/mbed_pinmap_common.o
    0x08006f8c   0x00000028   Code   RO         1464    .text.pinmap_peripheral  BUILD/DISCO_L475VG_IOT01A/ARMC6/mbed-os/hal/source/mbed_pinmap_common.o
    0x08006fb4   0x0000015c   Code   RO         2086    .text.print_context_info  BUILD/DISCO_L475VG_IOT01A/ARMC6/mbed-os/platform/source/TARGET_CORTEX_M/mbed_fault_handler.o
    0x08007110   0x00000014   Code   RO         8950    .text.restore_timer_ctx  BUILD/DISCO_L475VG_IOT01A/ARMC6/mbed-os/targets/TARGET_STM/us_ticker.o
    0x08007124   0x0000001c   Code   RO         8948    .text.save_timer_ctx  BUILD/DISCO_L475VG_IOT01A/ARMC6/mbed-os/targets/TARGET_STM/us_ticker.o
    0x08007140   0x000000ca   Code   RO         1511    .text.schedule_interrupt  BUILD/DISCO_L475VG_IOT01A/ARMC6/mbed-os/hal/source/mbed_ticker_api.o
    0x0800720a   0x00000002   PAD
    0x0800720c   0x0000007c   Code   RO         8807    .text.serial_baud   BUILD/DISCO_L475VG_IOT01A/ARMC6/mbed-os/targets/TARGET_STM/serial_api.o
    0x08007288   0x00000068   Code   RO         8257    .text.serial_getc   BUILD/DISCO_L475VG_IOT01A/ARMC6/mbed-os/targets/TARGET_STM/TARGET_STM32L4/serial_device.o
    0x080072f0   0x00000108   Code   RO         8797    .text.serial_init_direct  BUILD/DISCO_L475VG_IOT01A/ARMC6/mbed-os/targets/TARGET_STM/serial_api.o
    0x080073f8   0x00000084   Code   RO         8827    .text.serial_is_tx_ongoing  BUILD/DISCO_L475VG_IOT01A/ARMC6/mbed-os/targets/TARGET_STM/serial_api.o
    0x0800747c   0x00000024   Code   RO         8259    .text.serial_putc   BUILD/DISCO_L475VG_IOT01A/ARMC6/mbed-os/targets/TARGET_STM/TARGET_STM32L4/serial_device.o
    0x080074a0   0x00000020   Code   RO         8819    .text.serial_readable  BUILD/DISCO_L475VG_IOT01A/ARMC6/mbed-os/targets/TARGET_STM/serial_api.o
    0x080074c0   0x00000018   Code   RO         8821    .text.serial_writable  BUILD/DISCO_L475VG_IOT01A/ARMC6/mbed-os/targets/TARGET_STM/serial_api.o
    0x080074d8   0x00000024   Code   RO         2373    .text.sleep_manager_lock_deep_sleep_internal  BUILD/DISCO_L475VG_IOT01A/ARMC6/mbed-os/platform/source/mbed_power_mgmt.o
    0x080074fc   0x00000020   Code   RO         2381    .text.sleep_manager_sleep_auto  BUILD/DISCO_L475VG_IOT01A/ARMC6/mbed-os/platform/source/mbed_power_mgmt.o
    0x0800751c   0x00000030   Code   RO         2375    .text.sleep_manager_unlock_deep_sleep_internal  BUILD/DISCO_L475VG_IOT01A/ARMC6/mbed-os/platform/source/mbed_power_mgmt.o
    0x0800754c   0x0000003a   Code   RO         8682    .text.stm_pin_PullConfig  BUILD/DISCO_L475VG_IOT01A/ARMC6/mbed-os/targets/TARGET_STM/pinmap.o
    0x08007586   0x00000004   Code   RO         2255    .text.system_reset  BUILD/DISCO_L475VG_IOT01A/ARMC6/mbed-os/platform/source/mbed_error.o
    0x0800758a   0x00000008   Code   RO         2649    .text.thread_sleep_for  BUILD/DISCO_L475VG_IOT01A/ARMC6/mbed-os/platform/source/mbed_thread.o
    0x08007592   0x00000024   Code   RO         1517    .text.ticker_insert_event_us  BUILD/DISCO_L475VG_IOT01A/ARMC6/mbed-os/hal/source/mbed_ticker_api.o
    0x080075b6   0x0000005e   Code   RO         1507    .text.ticker_irq_handler  BUILD/DISCO_L475VG_IOT01A/ARMC6/mbed-os/hal/source/mbed_ticker_api.o
    0x08007614   0x00000020   Code   RO         1523    .text.ticker_read_us  BUILD/DISCO_L475VG_IOT01A/ARMC6/mbed-os/hal/source/mbed_ticker_api.o
    0x08007634   0x00000030   Code   RO         1519    .text.ticker_remove_event  BUILD/DISCO_L475VG_IOT01A/ARMC6/mbed-os/hal/source/mbed_ticker_api.o
    0x08007664   0x0000001a   Code   RO         1503    .text.ticker_set_handler  BUILD/DISCO_L475VG_IOT01A/ARMC6/mbed-os/hal/source/mbed_ticker_api.o
    0x0800767e   0x00000002   PAD
    0x08007680   0x00000024   Code   RO         8932    .text.timer_irq_handler  BUILD/DISCO_L475VG_IOT01A/ARMC6/mbed-os/targets/TARGET_STM/us_ticker.o
    0x080076a4   0x0000007c   Code   RO         1509    .text.update_present_time  BUILD/DISCO_L475VG_IOT01A/ARMC6/mbed-os/hal/source/mbed_ticker_api.o
    0x08007720   0x0000000c   Code   RO         8946    .text.us_ticker_clear_interrupt  BUILD/DISCO_L475VG_IOT01A/ARMC6/mbed-os/targets/TARGET_STM/us_ticker.o
    0x0800772c   0x00000010   Code   RO         8944    .text.us_ticker_disable_interrupt  BUILD/DISCO_L475VG_IOT01A/ARMC6/mbed-os/targets/TARGET_STM/us_ticker.o
    0x0800773c   0x0000001c   Code   RO         8942    .text.us_ticker_fire_interrupt  BUILD/DISCO_L475VG_IOT01A/ARMC6/mbed-os/targets/TARGET_STM/us_ticker.o
    0x08007758   0x00000008   Code   RO         8930    .text.us_ticker_get_info  BUILD/DISCO_L475VG_IOT01A/ARMC6/mbed-os/targets/TARGET_STM/us_ticker.o
    0x08007760   0x00000014   Code   RO         8936    .text.us_ticker_init  BUILD/DISCO_L475VG_IOT01A/ARMC6/mbed-os/targets/TARGET_STM/us_ticker.o
    0x08007774   0x00000014   Code   RO         1547    .text.us_ticker_irq_handler  BUILD/DISCO_L475VG_IOT01A/ARMC6/mbed-os/hal/source/mbed_us_ticker_api.o
    0x08007788   0x0000000c   Code   RO         8938    .text.us_ticker_read  BUILD/DISCO_L475VG_IOT01A/ARMC6/mbed-os/targets/TARGET_STM/us_ticker.o
    0x08007794   0x0000001c   Code   RO         8940    .text.us_ticker_set_interrupt  BUILD/DISCO_L475VG_IOT01A/ARMC6/mbed-os/targets/TARGET_STM/us_ticker.o
    0x080077b0   0x0000002a   Code   RO         2436    .text.write         BUILD/DISCO_L475VG_IOT01A/ARMC6/mbed-os/platform/source/mbed_retarget.o
    0x080077da   0x00000002   PAD
    0x080077dc   0x00000008   Code   RO         9162    i.__aeabi_errno_addr  c:\Users\oleel\AppData\Local\Mbed Studio\mbed-studio-tools\ac6\bin\..\lib\armlib\mc_w.l(errno.o)
    0x080077e4   0x00000050   Code   RO         9147    i.__free$memalign$2region  c:\Users\oleel\AppData\Local\Mbed Studio\mbed-studio-tools\ac6\bin\..\lib\armlib\mc_w.l(malloca2.o)
    0x08007834   0x0000000e   Code   RO         9308    i.__scatterload_copy  c:\Users\oleel\AppData\Local\Mbed Studio\mbed-studio-tools\ac6\bin\..\lib\armlib\mc_w.l(handlers.o)
    0x08007842   0x00000002   Code   RO         9309    i.__scatterload_null  c:\Users\oleel\AppData\Local\Mbed Studio\mbed-studio-tools\ac6\bin\..\lib\armlib\mc_w.l(handlers.o)
    0x08007844   0x0000000e   Code   RO         9310    i.__scatterload_zeroinit  c:\Users\oleel\AppData\Local\Mbed Studio\mbed-studio-tools\ac6\bin\..\lib\armlib\mc_w.l(handlers.o)
    0x08007852   0x00000018   Code   RO         9075    i._fflush$full      c:\Users\oleel\AppData\Local\Mbed Studio\mbed-studio-tools\ac6\bin\..\lib\armlib\mc_w.l(fflush_f.o)
    0x0800786a   0x00000002   PAD
    0x0800786c   0x00000000   Data   RO         2630    .rodata             BUILD/DISCO_L475VG_IOT01A/ARMC6/mbed-os/platform/source/mbed_sdk_boot.o
    0x0800786c   0x00000010   Data   RO         8151    .rodata.AHBPrescTable  BUILD/DISCO_L475VG_IOT01A/ARMC6/mbed-os/targets/TARGET_STM/TARGET_STM32L4/STM32Cube_FW/system_stm32l4xx.o
    0x0800787c   0x00000008   Data   RO         8152    .rodata.APBPrescTable  BUILD/DISCO_L475VG_IOT01A/ARMC6/mbed-os/targets/TARGET_STM/TARGET_STM32L4/STM32Cube_FW/system_stm32l4xx.o
    0x08007884   0x00000030   Data   RO         8153    .rodata.MSIRangeTable  BUILD/DISCO_L475VG_IOT01A/ARMC6/mbed-os/targets/TARGET_STM/TARGET_STM32L4/STM32Cube_FW/system_stm32l4xx.o
    0x080078b4   0x0000003c   Data   RO         8161    .rodata.PinMap_I2C_SCL  BUILD/DISCO_L475VG_IOT01A/ARMC6/mbed-os/targets/TARGET_STM/TARGET_STM32L4/TARGET_STM32L475xG/TARGET_DISCO_L475VG_IOT01A/PeripheralPins.o
    0x080078f0   0x0000003c   Data   RO         8160    .rodata.PinMap_I2C_SDA  BUILD/DISCO_L475VG_IOT01A/ARMC6/mbed-os/targets/TARGET_STM/TARGET_STM32L4/TARGET_STM32L475xG/TARGET_DISCO_L475VG_IOT01A/PeripheralPins.o
    0x0800792c   0x00000050   Data   RO         2566    .rodata._ZTV12DirectSerial  BUILD/DISCO_L475VG_IOT01A/ARMC6/mbed-os/platform/source/mbed_retarget.o
    0x0800797c   0x00000040   Data   RO          149    .rodata._ZTV12HTS221Sensor  BUILD/DISCO_L475VG_IOT01A/ARMC6/HTS221/HTS221Sensor.o
    0x080079bc   0x0000000c   Data   RO          105    .rodata._ZTV14DFRobot_RGBLCD  BUILD/DISCO_L475VG_IOT01A/ARMC6/DFRobot_RGBLCD.o
    0x080079c8   0x00000018   Data   RO          304    .rodata._ZTV6DevI2C  BUILD/DISCO_L475VG_IOT01A/ARMC6/main.o
    0x080079e0   0x0000000c   Data   RO         1249    .rodata._ZTVN4mbed10TimerEventE  BUILD/DISCO_L475VG_IOT01A/ARMC6/mbed-os/drivers/source/TimerEvent.o
    0x080079ec   0x00000010   Data   RO          767    .rodata._ZTVN4mbed11InterruptInE  BUILD/DISCO_L475VG_IOT01A/ARMC6/mbed-os/drivers/source/InterruptIn.o
    0x080079fc   0x00000018   Data   RO          706    .rodata._ZTVN4mbed3I2CE  BUILD/DISCO_L475VG_IOT01A/ARMC6/mbed-os/drivers/source/I2C.o
    0x08007a14   0x0000000c   Data   RO         2078    .rodata._ZTVN4mbed8internal8SysTimerINSt3__25ratioILx1ELx1000EEELb1EEE  BUILD/DISCO_L475VG_IOT01A/ARMC6/mbed-os/platform/source/SysTimer.o
    0x08007a20   0x00000018   Data   RO         2573    .rodata._ZZL15default_consolevE14console_pinmap  BUILD/DISCO_L475VG_IOT01A/ARMC6/mbed-os/platform/source/mbed_retarget.o
    0x08007a38   0x00000010   Data   RO         7433    .rodata.cst16       BUILD/DISCO_L475VG_IOT01A/ARMC6/mbed-os/targets/TARGET_STM/TARGET_STM32L4/STM32Cube_FW/STM32L4xx_HAL_Driver/stm32l4xx_hal_uart.o
    0x08007a48   0x00000040   Data   RO         8686    .rodata.ll_pin_defines  BUILD/DISCO_L475VG_IOT01A/ARMC6/mbed-os/targets/TARGET_STM/pinmap.o
    0x08007a88   0x00000008   Data   RO         1451    .rodata.lp_data     BUILD/DISCO_L475VG_IOT01A/ARMC6/mbed-os/hal/source/mbed_lp_ticker_api.o
    0x08007a90   0x00000024   Data   RO         1453    .rodata.lp_interface  BUILD/DISCO_L475VG_IOT01A/ARMC6/mbed-os/hal/source/mbed_lp_ticker_api.o
    0x08007ab4   0x00000008   Data   RO         8659    .rodata.lp_ticker_get_info.info  BUILD/DISCO_L475VG_IOT01A/ARMC6/mbed-os/targets/TARGET_STM/lp_ticker.o
    0x08007abc   0x000000c0   Data   RO         8233    .rodata.pin_lines_desc  BUILD/DISCO_L475VG_IOT01A/ARMC6/mbed-os/targets/TARGET_STM/TARGET_STM32L4/gpio_irq_device.o
    0x08007b7c   0x00000019   Data   RO          270    .rodata.str1.1      BUILD/DISCO_L475VG_IOT01A/ARMC6/HTS221/HTS221_driver.o
    0x08007b95   0x000000c8   Data   RO         2090    .rodata.str1.1      BUILD/DISCO_L475VG_IOT01A/ARMC6/mbed-os/platform/source/TARGET_CORTEX_M/mbed_fault_handler.o
    0x08007c5d   0x00000026   Data   RO         8638    .rodata.str1.1      BUILD/DISCO_L475VG_IOT01A/ARMC6/mbed-os/targets/TARGET_STM/i2c_api.o
    0x08007c83   0x00000001   PAD
    0x08007c84   0x00000008   Data   RO         1551    .rodata.us_data     BUILD/DISCO_L475VG_IOT01A/ARMC6/mbed-os/hal/source/mbed_us_ticker_api.o
    0x08007c8c   0x00000024   Data   RO         1553    .rodata.us_interface  BUILD/DISCO_L475VG_IOT01A/ARMC6/mbed-os/hal/source/mbed_us_ticker_api.o
    0x08007cb0   0x00000008   Data   RO         8954    .rodata.us_ticker_get_info.info  BUILD/DISCO_L475VG_IOT01A/ARMC6/mbed-os/targets/TARGET_STM/us_ticker.o
    0x08007cb8   0x00000020   Data   RO         9307    Region$$Table       anon$$obj.o
    0x08007cd8   0x00000004   Data   RO          291    .init_array         BUILD/DISCO_L475VG_IOT01A/ARMC6/main.o
    0x08007cdc   0x00000000   Data   RO         9178    .init_array         c:\Users\oleel\AppData\Local\Mbed Studio\mbed-studio-tools\ac6\bin\..\lib\armlib\mc_w.l(cpp_init.o)


    Execution Region RW_m_crash_data (Base: 0x10000188, Size: 0x00000100, Max: 0x00000100, ABSOLUTE)

    Base Addr    Size         Type   Attr      Idx    E Section Name        Object

    0x10000188   0x00000100   Zero   RW            1    RW_m_crash_data.bss  anon$$obj.o


    Execution Region RW_IRAM2 (Base: 0x10000288, Size: 0x00000b60, Max: 0x00007d78, ABSOLUTE)

    Base Addr    Size         Type   Attr      Idx    E Section Name        Object

    0x10000288   0x00000004   Data   RW         9165    .data               c:\Users\oleel\AppData\Local\Mbed Studio\mbed-studio-tools\ac6\bin\..\lib\armlib\mc_w.l(errno.o)
    0x1000028c   0x00000004   Data   RW         9254    .data               c:\Users\oleel\AppData\Local\Mbed Studio\mbed-studio-tools\ac6\bin\..\lib\armlib\mc_w.l(mvars.o)
    0x10000290   0x00000008   Data   RW         3552    .data..L_MergedGlobals  BUILD/DISCO_L475VG_IOT01A/ARMC6/mbed-os/targets/TARGET_STM/TARGET_STM32L4/STM32Cube_FW/STM32L4xx_HAL_Driver/stm32l4xx_hal.o
    0x10000298   0x00000004   Data   RW         8150    .data.SystemCoreClock  BUILD/DISCO_L475VG_IOT01A/ARMC6/mbed-os/targets/TARGET_STM/TARGET_STM32L4/STM32Cube_FW/system_stm32l4xx.o
    0x1000029c   0x00000040   Data   RW         2572    .data._ZL11filehandles  BUILD/DISCO_L475VG_IOT01A/ARMC6/mbed-os/platform/source/mbed_retarget.o
    0x100002dc   0x00000004   Data   RW         1452    .data.irq_handler   BUILD/DISCO_L475VG_IOT01A/ARMC6/mbed-os/hal/source/mbed_lp_ticker_api.o
    0x100002e0   0x00000004   Data   RW         1552    .data.irq_handler   BUILD/DISCO_L475VG_IOT01A/ARMC6/mbed-os/hal/source/mbed_us_ticker_api.o
    0x100002e4   0x00000014   Zero   RW         9105    .bss                c:\Users\oleel\AppData\Local\Mbed Studio\mbed-studio-tools\ac6\bin\..\lib\armlib\mc_w.l(stdout_f.o)
    0x100002f8   0x00000014   Zero   RW         9106    .bss                c:\Users\oleel\AppData\Local\Mbed Studio\mbed-studio-tools\ac6\bin\..\lib\armlib\mc_w.l(stderr_f.o)
    0x1000030c   0x00000002   Zero   RW         1412    .bss..L_MergedGlobals  BUILD/DISCO_L475VG_IOT01A/ARMC6/mbed-os/hal/source/mbed_critical_section_api.o
    0x1000030e   0x00000002   PAD
    0x10000310   0x00000024   Zero   RW         1691    .bss..L_MergedGlobals  BUILD/DISCO_L475VG_IOT01A/ARMC6/mbed-os/platform/source/CThunkBase.o
    0x10000334   0x00000010   Zero   RW         1755    .bss..L_MergedGlobals  BUILD/DISCO_L475VG_IOT01A/ARMC6/mbed-os/platform/source/FileBase.o
    0x10000344   0x0000004c   Zero   RW         2280    .bss..L_MergedGlobals  BUILD/DISCO_L475VG_IOT01A/ARMC6/mbed-os/platform/source/mbed_error.o
    0x10000390   0x00000050   Zero   RW         2342    .bss..L_MergedGlobals  BUILD/DISCO_L475VG_IOT01A/ARMC6/mbed-os/platform/source/mbed_os_timer.o
    0x100003e0   0x00000028   Zero   RW         2575    .bss..L_MergedGlobals  BUILD/DISCO_L475VG_IOT01A/ARMC6/mbed-os/platform/source/mbed_retarget.o
    0x10000408   0x00000008   Zero   RW         2631    .bss..L_MergedGlobals  BUILD/DISCO_L475VG_IOT01A/ARMC6/mbed-os/platform/source/mbed_sdk_boot.o
    0x10000410   0x00000008   Zero   RW         8471    .bss..L_MergedGlobals  BUILD/DISCO_L475VG_IOT01A/ARMC6/mbed-os/targets/TARGET_STM/can_api.o
    0x10000418   0x00000008   Zero   RW         8519    .bss..L_MergedGlobals  BUILD/DISCO_L475VG_IOT01A/ARMC6/mbed-os/targets/TARGET_STM/gpio_irq_api.o
    0x10000420   0x0000000c   Zero   RW         8530    .bss..L_MergedGlobals  BUILD/DISCO_L475VG_IOT01A/ARMC6/mbed-os/targets/TARGET_STM/hal_tick_overrides.o
    0x1000042c   0x00000048   Zero   RW         8660    .bss..L_MergedGlobals  BUILD/DISCO_L475VG_IOT01A/ARMC6/mbed-os/targets/TARGET_STM/lp_ticker.o
    0x10000474   0x00000050   Zero   RW         8831    .bss..L_MergedGlobals  BUILD/DISCO_L475VG_IOT01A/ARMC6/mbed-os/targets/TARGET_STM/serial_api.o
    0x100004c4   0x00000058   Zero   RW         8955    .bss..L_MergedGlobals  BUILD/DISCO_L475VG_IOT01A/ARMC6/mbed-os/targets/TARGET_STM/us_ticker.o
    0x1000051c   0x00000008   Zero   RW         2571    .bss._ZL16filehandle_mutex  BUILD/DISCO_L475VG_IOT01A/ARMC6/mbed-os/platform/source/mbed_retarget.o
    0x10000524   0x00000032   Zero   RW           96    .bss._ZZN14DFRobot_RGBLCD6printfEPKczE6buffer  BUILD/DISCO_L475VG_IOT01A/ARMC6/DFRobot_RGBLCD.o
    0x10000556   0x00000002   PAD
    0x10000558   0x0000001c   Zero   RW          287    .bss.button         BUILD/DISCO_L475VG_IOT01A/ARMC6/main.o
    0x10000574   0x00000214   Zero   RW         8518    .bss.channels       BUILD/DISCO_L475VG_IOT01A/ARMC6/mbed-os/targets/TARGET_STM/gpio_irq_api.o
    0x10000788   0x00000004   Zero   RW         2228    .bss.critical_section_reentrancy_counter  BUILD/DISCO_L475VG_IOT01A/ARMC6/mbed-os/platform/source/mbed_critical.o
    0x1000078c   0x00000002   Zero   RW         2385    .bss.deep_sleep_lock  BUILD/DISCO_L475VG_IOT01A/ARMC6/mbed-os/platform/source/mbed_power_mgmt.o
    0x1000078e   0x00000002   PAD
    0x10000790   0x00000038   Zero   RW         1454    .bss.events         BUILD/DISCO_L475VG_IOT01A/ARMC6/mbed-os/hal/source/mbed_lp_ticker_api.o
    0x100007c8   0x00000038   Zero   RW         1554    .bss.events         BUILD/DISCO_L475VG_IOT01A/ARMC6/mbed-os/hal/source/mbed_us_ticker_api.o
    0x10000800   0x00000001   Zero   RW         2279    .bss.halt_in_progress  BUILD/DISCO_L475VG_IOT01A/ARMC6/mbed-os/platform/source/mbed_error.o
    0x10000801   0x00000003   PAD
    0x10000804   0x000000ec   Zero   RW          289    .bss.i2c            BUILD/DISCO_L475VG_IOT01A/ARMC6/main.o
    0x100008f0   0x00000014   Zero   RW         8637    .bss.i2c_handles    BUILD/DISCO_L475VG_IOT01A/ARMC6/mbed-os/targets/TARGET_STM/i2c_api.o
    0x10000904   0x00000001   Zero   RW         2277    .bss.is_reboot_error_valid  BUILD/DISCO_L475VG_IOT01A/ARMC6/mbed-os/platform/source/mbed_error.o
    0x10000905   0x00000003   PAD
    0x10000908   0x00000040   Zero   RW         2278    .bss.last_error_ctx  BUILD/DISCO_L475VG_IOT01A/ARMC6/mbed-os/platform/source/mbed_error.o
    0x10000948   0x000000fc   Zero   RW          288    .bss.lcd            BUILD/DISCO_L475VG_IOT01A/ARMC6/main.o
    0x10000a44   0x00000004   Zero   RW         2565    .bss.mbed_heap_size  BUILD/DISCO_L475VG_IOT01A/ARMC6/mbed-os/platform/source/mbed_retarget.o
    0x10000a48   0x00000004   Zero   RW         2564    .bss.mbed_heap_start  BUILD/DISCO_L475VG_IOT01A/ARMC6/mbed-os/platform/source/mbed_retarget.o
    0x10000a4c   0x00000004   Zero   RW         8676    .bss.mbed_sdk_inited  BUILD/DISCO_L475VG_IOT01A/ARMC6/mbed-os/targets/TARGET_STM/mbed_overrides.o
    0x10000a50   0x00000080   Zero   RW          290    .bss.sensor         BUILD/DISCO_L475VG_IOT01A/ARMC6/main.o
    0x10000ad0   0x00000318   Zero   RW         8297    .bss.uart_handlers  BUILD/DISCO_L475VG_IOT01A/ARMC6/mbed-os/targets/TARGET_STM/TARGET_STM32L4/serial_device.o


    Execution Region RW_IRAM1 (Base: 0x20000000, Size: 0x00000000, Max: 0x00006000, ABSOLUTE)

    **** No section assigned to this execution region ****


    Execution Region ARM_LIB_HEAP (Base: 0x20000000, Size: 0x00017000, Max: 0x00017000, ABSOLUTE)

    Base Addr    Size         Type   Attr      Idx    E Section Name        Object

    0x20000000   0x00017000   Zero   RW            2    ARM_LIB_HEAP.bss    anon$$obj.o


    Execution Region ARM_LIB_STACK (Base: 0x20017000, Size: 0x00001000, Max: 0x00001000, ABSOLUTE)

    Base Addr    Size         Type   Attr      Idx    E Section Name        Object

    0x20017000   0x00001000   Zero   RW            3    ARM_LIB_STACK.bss   anon$$obj.o


==============================================================================

Image component sizes


      Code (inc. data)   RO Data    RW Data    ZI Data      Debug   

     28592       2262       1528         84     101340      38020   Object Totals
         0          0         32          0      98560          0   (incl. Generated)
        82          0          1          0         12          0   (incl. Padding)
      1844         76          0          8         40       2352   Library Totals
         2          0          0          0          0          0   (incl. Padding)

==============================================================================


      Code (inc. data)   RO Data    RW Data    ZI Data      Debug   

     30436       2338       1528         92     101380      37920   Grand Totals
     30436       2338       1528         92     101380      37920   ELF Image Totals
     30436       2338       1528         92          0          0   ROM Totals

==============================================================================

    Total RO  Size (Code + RO Data)                31964 (  31.21kB)
    Total RW  Size (RW Data + ZI Data)            101472 (  99.09kB)
    Total ROM Size (Code + RO Data + RW Data)      32056 (  31.30kB)

==============================================================================

