Component: ARM Compiler 6.16 Tool: armlink [5dfeaa00]

==============================================================================

Memory Map of the image

  Image Entry point : 0x08000189

  Load Region LR_IROM1 (Base: 0x08000000, Size: 0x00005d00, Max: 0x00100000, ABSOLUTE)

    Execution Region ER_IROM1 (Base: 0x08000000, Size: 0x00005ce4, Max: 0x00100000, ABSOLUTE)

    Base Addr    Size         Type   Attr      Idx    E Section Name        Object

    0x08000000   0x00000188   Data   RO         7823    RESET               BUILD/DISCO_L475VG_IOT01A/ARMC6/mbed-os/targets/TARGET_STM/TARGET_STM32L4/TARGET_STM32L475xG/TOOLCHAIN_ARM/startup_stm32l475xx.o
    0x08000188   0x00000000   Code   RO         8664  * .ARM.Collect$$$$00000000  c:\Users\oleel\AppData\Local\Mbed Studio\mbed-studio-tools\ac6\bin\..\lib\armlib\mc_w.l(entry.o)
    0x08000188   0x00000004   Code   RO         8799    .ARM.Collect$$$$00000003  c:\Users\oleel\AppData\Local\Mbed Studio\mbed-studio-tools\ac6\bin\..\lib\armlib\mc_w.l(entry4.o)
    0x0800018c   0x00000004   Code   RO         8802    .ARM.Collect$$$$00000004  c:\Users\oleel\AppData\Local\Mbed Studio\mbed-studio-tools\ac6\bin\..\lib\armlib\mc_w.l(entry5.o)
    0x08000190   0x00000004   Code   RO         8666    .ARM.Collect$$$$00000006  c:\Users\oleel\AppData\Local\Mbed Studio\mbed-studio-tools\ac6\bin\..\lib\armlib\mc_w.l(entry6b.o)
    0x08000194   0x00000000   Code   RO         8804    .ARM.Collect$$$$00000008  c:\Users\oleel\AppData\Local\Mbed Studio\mbed-studio-tools\ac6\bin\..\lib\armlib\mc_w.l(entry7b.o)
    0x08000194   0x00000004   Code   RO         8805    .ARM.Collect$$$$00000009  c:\Users\oleel\AppData\Local\Mbed Studio\mbed-studio-tools\ac6\bin\..\lib\armlib\mc_w.l(entry8a.o)
    0x08000198   0x00000000   Code   RO         8806    .ARM.Collect$$$$0000000A  c:\Users\oleel\AppData\Local\Mbed Studio\mbed-studio-tools\ac6\bin\..\lib\armlib\mc_w.l(entry8b.o)
    0x08000198   0x00000008   Code   RO         8807    .ARM.Collect$$$$0000000B  c:\Users\oleel\AppData\Local\Mbed Studio\mbed-studio-tools\ac6\bin\..\lib\armlib\mc_w.l(entry9a.o)
    0x080001a0   0x00000000   Code   RO         8809    .ARM.Collect$$$$0000000D  c:\Users\oleel\AppData\Local\Mbed Studio\mbed-studio-tools\ac6\bin\..\lib\armlib\mc_w.l(entry10a.o)
    0x080001a0   0x00000000   Code   RO         8811    .ARM.Collect$$$$0000000F  c:\Users\oleel\AppData\Local\Mbed Studio\mbed-studio-tools\ac6\bin\..\lib\armlib\mc_w.l(entry11a.o)
    0x080001a0   0x00000004   Code   RO         8800    .ARM.Collect$$$$00002714  c:\Users\oleel\AppData\Local\Mbed Studio\mbed-studio-tools\ac6\bin\..\lib\armlib\mc_w.l(entry4.o)
    0x080001a4   0x0000005c   Code   RO         1770    .text               BUILD/DISCO_L475VG_IOT01A/ARMC6/mbed-os/platform/source/TARGET_CORTEX_M/TOOLCHAIN_ARM/except.o
    0x08000200   0x00000024   Code   RO         7824    .text               BUILD/DISCO_L475VG_IOT01A/ARMC6/mbed-os/targets/TARGET_STM/TARGET_STM32L4/TARGET_STM32L475xG/TOOLCHAIN_ARM/startup_stm32l475xx.o
    0x08000224   0x00000028   Code   RO         8683    .text               c:\Users\oleel\AppData\Local\Mbed Studio\mbed-studio-tools\ac6\bin\..\lib\armlib\mc_w.l(fputc_fp.o)
    0x0800024c   0x00000062   Code   RO         8693    .text               c:\Users\oleel\AppData\Local\Mbed Studio\mbed-studio-tools\ac6\bin\..\lib\armlib\mc_w.l(uldiv.o)
    0x080002ae   0x0000001e   Code   RO         8697    .text               c:\Users\oleel\AppData\Local\Mbed Studio\mbed-studio-tools\ac6\bin\..\lib\armlib\mc_w.l(llshl.o)
    0x080002cc   0x00000020   Code   RO         8699    .text               c:\Users\oleel\AppData\Local\Mbed Studio\mbed-studio-tools\ac6\bin\..\lib\armlib\mc_w.l(llushr.o)
    0x080002ec   0x00000024   Code   RO         8701    .text               c:\Users\oleel\AppData\Local\Mbed Studio\mbed-studio-tools\ac6\bin\..\lib\armlib\mc_w.l(memcpya.o)
    0x08000310   0x00000024   Code   RO         8703    .text               c:\Users\oleel\AppData\Local\Mbed Studio\mbed-studio-tools\ac6\bin\..\lib\armlib\mc_w.l(memseta.o)
    0x08000334   0x0000001c   Code   RO         8711    .text               c:\Users\oleel\AppData\Local\Mbed Studio\mbed-studio-tools\ac6\bin\..\lib\armlib\mc_w.l(strcmp.o)
    0x08000350   0x00000020   Code   RO         8757    .text               c:\Users\oleel\AppData\Local\Mbed Studio\mbed-studio-tools\ac6\bin\..\lib\armlib\mc_w.l(__0scanf.o)
    0x08000370   0x0000014c   Code   RO         8761    .text               c:\Users\oleel\AppData\Local\Mbed Studio\mbed-studio-tools\ac6\bin\..\lib\armlib\mc_w.l(_scanf_int.o)
    0x080004bc   0x00000020   Code   RO         8766    .text               c:\Users\oleel\AppData\Local\Mbed Studio\mbed-studio-tools\ac6\bin\..\lib\armlib\mc_w.l(cpp_init.o)
    0x080004dc   0x00000030   Code   RO         8814    .text               c:\Users\oleel\AppData\Local\Mbed Studio\mbed-studio-tools\ac6\bin\..\lib\armlib\mc_w.l(initio_ioe.o)
    0x0800050c   0x0000001c   Code   RO         8826    .text               c:\Users\oleel\AppData\Local\Mbed Studio\mbed-studio-tools\ac6\bin\..\lib\armlib\mc_w.l(_chval.o)
    0x08000528   0x00000028   Code   RO         8836    .text               c:\Users\oleel\AppData\Local\Mbed Studio\mbed-studio-tools\ac6\bin\..\lib\armlib\mc_w.l(scanf_char.o)
    0x08000550   0x00000014   Code   RO         8840    .text               c:\Users\oleel\AppData\Local\Mbed Studio\mbed-studio-tools\ac6\bin\..\lib\armlib\mc_w.l(scanf_char_file.o)
    0x08000564   0x00000024   Code   RO         8860    .text               c:\Users\oleel\AppData\Local\Mbed Studio\mbed-studio-tools\ac6\bin\..\lib\armlib\mc_w.l(init.o)
    0x08000588   0x0000004e   Code   RO         8885    .text               c:\Users\oleel\AppData\Local\Mbed Studio\mbed-studio-tools\ac6\bin\..\lib\armlib\mc_w.l(fgetc_bpf.o)
    0x080005d6   0x0000000a   Code   RO         8891    .text               c:\Users\oleel\AppData\Local\Mbed Studio\mbed-studio-tools\ac6\bin\..\lib\armlib\mc_w.l(isspace_c.o)
    0x080005e0   0x0000032c   Code   RO         8893    .text               c:\Users\oleel\AppData\Local\Mbed Studio\mbed-studio-tools\ac6\bin\..\lib\armlib\mc_w.l(_scanf.o)
    0x0800090c   0x00000028   Code   RO         8903    .text               c:\Users\oleel\AppData\Local\Mbed Studio\mbed-studio-tools\ac6\bin\..\lib\armlib\mc_w.l(ctype_c.o)
    0x08000934   0x0000002c   Code   RO         2309    .text.$Sub$$__2printf  BUILD/DISCO_L475VG_IOT01A/ARMC6/mbed-os/platform/source/minimal-printf/mbed_printf_armlink_overrides.o
    0x08000960   0x00000002   Code   RO         2263    .text.$Sub$$__cpp_initialize__aeabi_  BUILD/DISCO_L475VG_IOT01A/ARMC6/mbed-os/platform/source/mbed_sdk_boot.o
    0x08000962   0x00000004   Code   RO         2363    .text.$Sub$$_printf_i  BUILD/DISCO_L475VG_IOT01A/ARMC6/mbed-os/platform/source/minimal-printf/mbed_printf_armlink_overrides.o
    0x08000966   0x00000004   Code   RO         2367    .text.$Sub$$_printf_int_dec  BUILD/DISCO_L475VG_IOT01A/ARMC6/mbed-os/platform/source/minimal-printf/mbed_printf_armlink_overrides.o
    0x0800096a   0x00000004   Code   RO         2413    .text.$Sub$$_printf_percent  BUILD/DISCO_L475VG_IOT01A/ARMC6/mbed-os/platform/source/minimal-printf/mbed_printf_armlink_overrides.o
    0x0800096e   0x00000002   PAD
    0x08000970   0x0000004c   Code   RO         2269    .text.$Sub$$main    BUILD/DISCO_L475VG_IOT01A/ARMC6/mbed-os/platform/source/mbed_sdk_boot.o
    0x080009bc   0x0000000c   Code   RO         2465    .text.$Sub$$vsnprintf  BUILD/DISCO_L475VG_IOT01A/ARMC6/mbed-os/platform/source/minimal-printf/mbed_printf_wrapper.o
    0x080009c8   0x00000004   Code   RO         8097    .text.CAN1_RX0_IRQHandler  BUILD/DISCO_L475VG_IOT01A/ARMC6/mbed-os/targets/TARGET_STM/can_api.o
    0x080009cc   0x00000004   Code   RO         8103    .text.CAN1_SCE_IRQHandler  BUILD/DISCO_L475VG_IOT01A/ARMC6/mbed-os/targets/TARGET_STM/can_api.o
    0x080009d0   0x00000004   Code   RO         8101    .text.CAN1_TX_IRQHandler  BUILD/DISCO_L475VG_IOT01A/ARMC6/mbed-os/targets/TARGET_STM/can_api.o
    0x080009d4   0x0000006c   Code   RO         8167    .text.HAL_GetTick   BUILD/DISCO_L475VG_IOT01A/ARMC6/mbed-os/targets/TARGET_STM/hal_tick_overrides.o
    0x08000a40   0x0000001c   Code   RO         3118    .text.HAL_Init      BUILD/DISCO_L475VG_IOT01A/ARMC6/mbed-os/targets/TARGET_STM/TARGET_STM32L4/STM32Cube_FW/STM32L4xx_HAL_Driver/stm32l4xx_hal.o
    0x08000a5c   0x0000000a   Code   RO         8165    .text.HAL_InitTick  BUILD/DISCO_L475VG_IOT01A/ARMC6/mbed-os/targets/TARGET_STM/hal_tick_overrides.o
    0x08000a66   0x0000003e   Code   RO         4457    .text.HAL_LPTIM_Counter_Start  BUILD/DISCO_L475VG_IOT01A/ARMC6/mbed-os/targets/TARGET_STM/TARGET_STM32L4/STM32Cube_FW/STM32L4xx_HAL_Driver/stm32l4xx_hal_lptim.o
    0x08000aa4   0x000000d0   Code   RO         4403    .text.HAL_LPTIM_Init  BUILD/DISCO_L475VG_IOT01A/ARMC6/mbed-os/targets/TARGET_STM/TARGET_STM32L4/STM32Cube_FW/STM32L4xx_HAL_Driver/stm32l4xx_hal_lptim.o
    0x08000b74   0x00000020   Code   RO         3408    .text.HAL_NVIC_SetPriorityGrouping  BUILD/DISCO_L475VG_IOT01A/ARMC6/mbed-os/targets/TARGET_STM/TARGET_STM32L4/STM32Cube_FW/STM32L4xx_HAL_Driver/stm32l4xx_hal_cortex.o
    0x08000b94   0x00000040   Code   RO         5005    .text.HAL_PWREx_DisableLowPowerRunMode  BUILD/DISCO_L475VG_IOT01A/ARMC6/mbed-os/targets/TARGET_STM/TARGET_STM32L4/STM32Cube_FW/STM32L4xx_HAL_Driver/stm32l4xx_hal_pwr_ex.o
    0x08000bd4   0x0000000c   Code   RO         5003    .text.HAL_PWREx_EnableLowPowerRunMode  BUILD/DISCO_L475VG_IOT01A/ARMC6/mbed-os/targets/TARGET_STM/TARGET_STM32L4/STM32Cube_FW/STM32L4xx_HAL_Driver/stm32l4xx_hal_pwr_ex.o
    0x08000be0   0x00000010   Code   RO         4959    .text.HAL_PWREx_EnableVddIO2  BUILD/DISCO_L475VG_IOT01A/ARMC6/mbed-os/targets/TARGET_STM/TARGET_STM32L4/STM32Cube_FW/STM32L4xx_HAL_Driver/stm32l4xx_hal_pwr_ex.o
    0x08000bf0   0x00000028   Code   RO         5011    .text.HAL_PWREx_EnterSTOP2Mode  BUILD/DISCO_L475VG_IOT01A/ARMC6/mbed-os/targets/TARGET_STM/TARGET_STM32L4/STM32Cube_FW/STM32L4xx_HAL_Driver/stm32l4xx_hal_pwr_ex.o
    0x08000c18   0x0000000c   Code   RO         4947    .text.HAL_PWREx_GetVoltageRange  BUILD/DISCO_L475VG_IOT01A/ARMC6/mbed-os/targets/TARGET_STM/TARGET_STM32L4/STM32Cube_FW/STM32L4xx_HAL_Driver/stm32l4xx_hal_pwr_ex.o
    0x08000c24   0x00000010   Code   RO         4915    .text.HAL_PWR_EnableBkUpAccess  BUILD/DISCO_L475VG_IOT01A/ARMC6/mbed-os/targets/TARGET_STM/TARGET_STM32L4/STM32Cube_FW/STM32L4xx_HAL_Driver/stm32l4xx_hal_pwr.o
    0x08000c34   0x00000044   Code   RO         4929    .text.HAL_PWR_EnterSLEEPMode  BUILD/DISCO_L475VG_IOT01A/ARMC6/mbed-os/targets/TARGET_STM/TARGET_STM32L4/STM32Cube_FW/STM32L4xx_HAL_Driver/stm32l4xx_hal_pwr.o
    0x08000c78   0x00000010   Code   RO         5243    .text.HAL_RCCEx_EnableMSIPLLMode  BUILD/DISCO_L475VG_IOT01A/ARMC6/mbed-os/targets/TARGET_STM/TARGET_STM32L4/STM32Cube_FW/STM32L4xx_HAL_Driver/stm32l4xx_hal_rcc_ex.o
    0x08000c88   0x00000304   Code   RO         5205    .text.HAL_RCCEx_PeriphCLKConfig  BUILD/DISCO_L475VG_IOT01A/ARMC6/mbed-os/targets/TARGET_STM/TARGET_STM32L4/STM32Cube_FW/STM32L4xx_HAL_Driver/stm32l4xx_hal_rcc_ex.o
    0x08000f8c   0x00000124   Code   RO         5171    .text.HAL_RCC_ClockConfig  BUILD/DISCO_L475VG_IOT01A/ARMC6/mbed-os/targets/TARGET_STM/TARGET_STM32L4/STM32Cube_FW/STM32L4xx_HAL_Driver/stm32l4xx_hal_rcc.o
    0x080010b0   0x0000003c   Code   RO         5183    .text.HAL_RCC_GetClockConfig  BUILD/DISCO_L475VG_IOT01A/ARMC6/mbed-os/targets/TARGET_STM/TARGET_STM32L4/STM32Cube_FW/STM32L4xx_HAL_Driver/stm32l4xx_hal_rcc.o
    0x080010ec   0x000000c4   Code   RO         5181    .text.HAL_RCC_GetOscConfig  BUILD/DISCO_L475VG_IOT01A/ARMC6/mbed-os/targets/TARGET_STM/TARGET_STM32L4/STM32Cube_FW/STM32L4xx_HAL_Driver/stm32l4xx_hal_rcc.o
    0x080011b0   0x00000014   Code   RO         5177    .text.HAL_RCC_GetPCLK1Freq  BUILD/DISCO_L475VG_IOT01A/ARMC6/mbed-os/targets/TARGET_STM/TARGET_STM32L4/STM32Cube_FW/STM32L4xx_HAL_Driver/stm32l4xx_hal_rcc.o
    0x080011c4   0x00000020   Code   RO         5179    .text.HAL_RCC_GetPCLK2Freq  BUILD/DISCO_L475VG_IOT01A/ARMC6/mbed-os/targets/TARGET_STM/TARGET_STM32L4/STM32Cube_FW/STM32L4xx_HAL_Driver/stm32l4xx_hal_rcc.o
    0x080011e4   0x000000a0   Code   RO         5169    .text.HAL_RCC_GetSysClockFreq  BUILD/DISCO_L475VG_IOT01A/ARMC6/mbed-os/targets/TARGET_STM/TARGET_STM32L4/STM32Cube_FW/STM32L4xx_HAL_Driver/stm32l4xx_hal_rcc.o
    0x08001284   0x000004ec   Code   RO         5165    .text.HAL_RCC_OscConfig  BUILD/DISCO_L475VG_IOT01A/ARMC6/mbed-os/targets/TARGET_STM/TARGET_STM32L4/STM32Cube_FW/STM32L4xx_HAL_Driver/stm32l4xx_hal_rcc.o
    0x08001770   0x0000001e   Code   RO         6312    .text.HAL_TIM_OC_Init  BUILD/DISCO_L475VG_IOT01A/ARMC6/mbed-os/targets/TARGET_STM/TARGET_STM32L4/STM32Cube_FW/STM32L4xx_HAL_Driver/stm32l4xx_hal_tim.o
    0x0800178e   0x00000002   PAD
    0x08001790   0x00000124   Code   RO         6320    .text.HAL_TIM_OC_Start  BUILD/DISCO_L475VG_IOT01A/ARMC6/mbed-os/targets/TARGET_STM/TARGET_STM32L4/STM32Cube_FW/STM32L4xx_HAL_Driver/stm32l4xx_hal_tim.o
    0x080018b4   0x00000020   Code   RO         7085    .text.HAL_UARTEx_DisableClockStopMode  BUILD/DISCO_L475VG_IOT01A/ARMC6/mbed-os/targets/TARGET_STM/TARGET_STM32L4/STM32Cube_FW/STM32L4xx_HAL_Driver/stm32l4xx_hal_uart_ex.o
    0x080018d4   0x00000020   Code   RO         7093    .text.HAL_UARTEx_DisableStopMode  BUILD/DISCO_L475VG_IOT01A/ARMC6/mbed-os/targets/TARGET_STM/TARGET_STM32L4/STM32Cube_FW/STM32L4xx_HAL_Driver/stm32l4xx_hal_uart_ex.o
    0x080018f4   0x00000020   Code   RO         7091    .text.HAL_UARTEx_EnableStopMode  BUILD/DISCO_L475VG_IOT01A/ARMC6/mbed-os/targets/TARGET_STM/TARGET_STM32L4/STM32Cube_FW/STM32L4xx_HAL_Driver/stm32l4xx_hal_uart_ex.o
    0x08001914   0x00000038   Code   RO         6896    .text.HAL_UART_Init  BUILD/DISCO_L475VG_IOT01A/ARMC6/mbed-os/targets/TARGET_STM/TARGET_STM32L4/STM32Cube_FW/STM32L4xx_HAL_Driver/stm32l4xx_hal_uart.o
    0x0800194c   0x00000002   Code   RO         6898    .text.HAL_UART_MspInit  BUILD/DISCO_L475VG_IOT01A/ARMC6/mbed-os/targets/TARGET_STM/TARGET_STM32L4/STM32Cube_FW/STM32L4xx_HAL_Driver/stm32l4xx_hal_uart.o
    0x0800194e   0x00000002   PAD
    0x08001950   0x000000b0   Code   RO         8290    .text.LPTIM_IRQHandler  BUILD/DISCO_L475VG_IOT01A/ARMC6/mbed-os/targets/TARGET_STM/lp_ticker.o
    0x08001a00   0x00000038   Code   RO         4417    .text.LPTIM_WaitForFlag  BUILD/DISCO_L475VG_IOT01A/ARMC6/mbed-os/targets/TARGET_STM/TARGET_STM32L4/STM32Cube_FW/STM32L4xx_HAL_Driver/stm32l4xx_hal_lptim.o
    0x08001a38   0x00000022   Code   RO          142    .text.OUTLINED_FUNCTION_0  BUILD/DISCO_L475VG_IOT01A/ARMC6/mbed-os/drivers/source/BufferedSerial.o
    0x08001a5a   0x0000000c   Code   RO         1193    .text.OUTLINED_FUNCTION_0  BUILD/DISCO_L475VG_IOT01A/ARMC6/mbed-os/hal/source/mbed_pinmap_common.o
    0x08001a66   0x00000006   Code   RO         1252    .text.OUTLINED_FUNCTION_0  BUILD/DISCO_L475VG_IOT01A/ARMC6/mbed-os/hal/source/mbed_ticker_api.o
    0x08001a6c   0x00000032   Code   RO         1574    .text.OUTLINED_FUNCTION_0  BUILD/DISCO_L475VG_IOT01A/ARMC6/mbed-os/platform/source/SysTimer.o
    0x08001a9e   0x00000006   Code   RO         1964    .text.OUTLINED_FUNCTION_0  BUILD/DISCO_L475VG_IOT01A/ARMC6/mbed-os/platform/source/mbed_error.o
    0x08001aa4   0x00000010   Code   RO         2449    .text.OUTLINED_FUNCTION_0  BUILD/DISCO_L475VG_IOT01A/ARMC6/mbed-os/platform/source/minimal-printf/mbed_printf_implementation.o
    0x08001ab4   0x00000016   Code   RO         4487    .text.OUTLINED_FUNCTION_0  BUILD/DISCO_L475VG_IOT01A/ARMC6/mbed-os/targets/TARGET_STM/TARGET_STM32L4/STM32Cube_FW/STM32L4xx_HAL_Driver/stm32l4xx_hal_lptim.o
    0x08001aca   0x0000000a   Code   RO         5025    .text.OUTLINED_FUNCTION_0  BUILD/DISCO_L475VG_IOT01A/ARMC6/mbed-os/targets/TARGET_STM/TARGET_STM32L4/STM32Cube_FW/STM32L4xx_HAL_Driver/stm32l4xx_hal_pwr_ex.o
    0x08001ad4   0x00000024   Code   RO         5191    .text.OUTLINED_FUNCTION_0  BUILD/DISCO_L475VG_IOT01A/ARMC6/mbed-os/targets/TARGET_STM/TARGET_STM32L4/STM32Cube_FW/STM32L4xx_HAL_Driver/stm32l4xx_hal_rcc.o
    0x08001af8   0x00000010   Code   RO         5247    .text.OUTLINED_FUNCTION_0  BUILD/DISCO_L475VG_IOT01A/ARMC6/mbed-os/targets/TARGET_STM/TARGET_STM32L4/STM32Cube_FW/STM32L4xx_HAL_Driver/stm32l4xx_hal_rcc_ex.o
    0x08001b08   0x00000014   Code   RO         7024    .text.OUTLINED_FUNCTION_0  BUILD/DISCO_L475VG_IOT01A/ARMC6/mbed-os/targets/TARGET_STM/TARGET_STM32L4/STM32Cube_FW/STM32L4xx_HAL_Driver/stm32l4xx_hal_uart.o
    0x08001b1c   0x00000006   Code   RO         8111    .text.OUTLINED_FUNCTION_0  BUILD/DISCO_L475VG_IOT01A/ARMC6/mbed-os/targets/TARGET_STM/can_api.o
    0x08001b22   0x00000008   Code   RO         8472    .text.OUTLINED_FUNCTION_0  BUILD/DISCO_L475VG_IOT01A/ARMC6/mbed-os/targets/TARGET_STM/serial_api.o
    0x08001b2a   0x00000016   Code   RO          144    .text.OUTLINED_FUNCTION_1  BUILD/DISCO_L475VG_IOT01A/ARMC6/mbed-os/drivers/source/BufferedSerial.o
    0x08001b40   0x0000000a   Code   RO          816    .text.OUTLINED_FUNCTION_1  BUILD/DISCO_L475VG_IOT01A/ARMC6/mbed-os/drivers/source/SerialBase.o
    0x08001b4a   0x0000000c   Code   RO         1254    .text.OUTLINED_FUNCTION_1  BUILD/DISCO_L475VG_IOT01A/ARMC6/mbed-os/hal/source/mbed_ticker_api.o
    0x08001b56   0x0000001e   Code   RO         1576    .text.OUTLINED_FUNCTION_1  BUILD/DISCO_L475VG_IOT01A/ARMC6/mbed-os/platform/source/SysTimer.o
    0x08001b74   0x00000012   Code   RO         2451    .text.OUTLINED_FUNCTION_1  BUILD/DISCO_L475VG_IOT01A/ARMC6/mbed-os/platform/source/minimal-printf/mbed_printf_implementation.o
    0x08001b86   0x00000014   Code   RO         5193    .text.OUTLINED_FUNCTION_1  BUILD/DISCO_L475VG_IOT01A/ARMC6/mbed-os/targets/TARGET_STM/TARGET_STM32L4/STM32Cube_FW/STM32L4xx_HAL_Driver/stm32l4xx_hal_rcc.o
    0x08001b9a   0x00000018   Code   RO         5249    .text.OUTLINED_FUNCTION_1  BUILD/DISCO_L475VG_IOT01A/ARMC6/mbed-os/targets/TARGET_STM/TARGET_STM32L4/STM32Cube_FW/STM32L4xx_HAL_Driver/stm32l4xx_hal_rcc_ex.o
    0x08001bb2   0x00000036   Code   RO         6522    .text.OUTLINED_FUNCTION_1  BUILD/DISCO_L475VG_IOT01A/ARMC6/mbed-os/targets/TARGET_STM/TARGET_STM32L4/STM32Cube_FW/STM32L4xx_HAL_Driver/stm32l4xx_hal_tim.o
    0x08001be8   0x0000000c   Code   RO         7026    .text.OUTLINED_FUNCTION_1  BUILD/DISCO_L475VG_IOT01A/ARMC6/mbed-os/targets/TARGET_STM/TARGET_STM32L4/STM32Cube_FW/STM32L4xx_HAL_Driver/stm32l4xx_hal_uart.o
    0x08001bf4   0x0000000e   Code   RO         5267    .text.OUTLINED_FUNCTION_10  BUILD/DISCO_L475VG_IOT01A/ARMC6/mbed-os/targets/TARGET_STM/TARGET_STM32L4/STM32Cube_FW/STM32L4xx_HAL_Driver/stm32l4xx_hal_rcc_ex.o
    0x08001c02   0x0000000e   Code   RO         6540    .text.OUTLINED_FUNCTION_10  BUILD/DISCO_L475VG_IOT01A/ARMC6/mbed-os/targets/TARGET_STM/TARGET_STM32L4/STM32Cube_FW/STM32L4xx_HAL_Driver/stm32l4xx_hal_tim.o
    0x08001c10   0x00000010   Code   RO         1596    .text.OUTLINED_FUNCTION_11  BUILD/DISCO_L475VG_IOT01A/ARMC6/mbed-os/platform/source/SysTimer.o
    0x08001c20   0x0000000c   Code   RO         6542    .text.OUTLINED_FUNCTION_11  BUILD/DISCO_L475VG_IOT01A/ARMC6/mbed-os/targets/TARGET_STM/TARGET_STM32L4/STM32Cube_FW/STM32L4xx_HAL_Driver/stm32l4xx_hal_tim.o
    0x08001c2c   0x00000014   Code   RO         7046    .text.OUTLINED_FUNCTION_11  BUILD/DISCO_L475VG_IOT01A/ARMC6/mbed-os/targets/TARGET_STM/TARGET_STM32L4/STM32Cube_FW/STM32L4xx_HAL_Driver/stm32l4xx_hal_uart.o
    0x08001c40   0x0000000a   Code   RO          838    .text.OUTLINED_FUNCTION_12  BUILD/DISCO_L475VG_IOT01A/ARMC6/mbed-os/drivers/source/SerialBase.o
    0x08001c4a   0x0000000a   Code   RO         1598    .text.OUTLINED_FUNCTION_12  BUILD/DISCO_L475VG_IOT01A/ARMC6/mbed-os/platform/source/SysTimer.o
    0x08001c54   0x0000000a   Code   RO         1600    .text.OUTLINED_FUNCTION_13  BUILD/DISCO_L475VG_IOT01A/ARMC6/mbed-os/platform/source/SysTimer.o
    0x08001c5e   0x00000008   Code   RO         6548    .text.OUTLINED_FUNCTION_14  BUILD/DISCO_L475VG_IOT01A/ARMC6/mbed-os/targets/TARGET_STM/TARGET_STM32L4/STM32Cube_FW/STM32L4xx_HAL_Driver/stm32l4xx_hal_tim.o
    0x08001c66   0x0000000c   Code   RO         7052    .text.OUTLINED_FUNCTION_14  BUILD/DISCO_L475VG_IOT01A/ARMC6/mbed-os/targets/TARGET_STM/TARGET_STM32L4/STM32Cube_FW/STM32L4xx_HAL_Driver/stm32l4xx_hal_uart.o
    0x08001c72   0x0000000c   Code   RO         1604    .text.OUTLINED_FUNCTION_15  BUILD/DISCO_L475VG_IOT01A/ARMC6/mbed-os/platform/source/SysTimer.o
    0x08001c7e   0x0000000c   Code   RO         1606    .text.OUTLINED_FUNCTION_16  BUILD/DISCO_L475VG_IOT01A/ARMC6/mbed-os/platform/source/SysTimer.o
    0x08001c8a   0x0000000c   Code   RO         1608    .text.OUTLINED_FUNCTION_17  BUILD/DISCO_L475VG_IOT01A/ARMC6/mbed-os/platform/source/SysTimer.o
    0x08001c96   0x00000012   Code   RO         1610    .text.OUTLINED_FUNCTION_18  BUILD/DISCO_L475VG_IOT01A/ARMC6/mbed-os/platform/source/SysTimer.o
    0x08001ca8   0x00000006   Code   RO         1612    .text.OUTLINED_FUNCTION_19  BUILD/DISCO_L475VG_IOT01A/ARMC6/mbed-os/platform/source/SysTimer.o
    0x08001cae   0x00000006   Code   RO          818    .text.OUTLINED_FUNCTION_2  BUILD/DISCO_L475VG_IOT01A/ARMC6/mbed-os/drivers/source/SerialBase.o
    0x08001cb4   0x00000008   Code   RO         1256    .text.OUTLINED_FUNCTION_2  BUILD/DISCO_L475VG_IOT01A/ARMC6/mbed-os/hal/source/mbed_ticker_api.o
    0x08001cbc   0x0000000a   Code   RO         1578    .text.OUTLINED_FUNCTION_2  BUILD/DISCO_L475VG_IOT01A/ARMC6/mbed-os/platform/source/SysTimer.o
    0x08001cc6   0x00000008   Code   RO         5195    .text.OUTLINED_FUNCTION_2  BUILD/DISCO_L475VG_IOT01A/ARMC6/mbed-os/targets/TARGET_STM/TARGET_STM32L4/STM32Cube_FW/STM32L4xx_HAL_Driver/stm32l4xx_hal_rcc.o
    0x08001cce   0x00000016   Code   RO         5251    .text.OUTLINED_FUNCTION_2  BUILD/DISCO_L475VG_IOT01A/ARMC6/mbed-os/targets/TARGET_STM/TARGET_STM32L4/STM32Cube_FW/STM32L4xx_HAL_Driver/stm32l4xx_hal_rcc_ex.o
    0x08001ce4   0x0000000a   Code   RO         7936    .text.OUTLINED_FUNCTION_2  BUILD/DISCO_L475VG_IOT01A/ARMC6/mbed-os/targets/TARGET_STM/TARGET_STM32L4/serial_device.o
    0x08001cee   0x00000008   Code   RO         1614    .text.OUTLINED_FUNCTION_20  BUILD/DISCO_L475VG_IOT01A/ARMC6/mbed-os/platform/source/SysTimer.o
    0x08001cf6   0x00000008   Code   RO         1616    .text.OUTLINED_FUNCTION_21  BUILD/DISCO_L475VG_IOT01A/ARMC6/mbed-os/platform/source/SysTimer.o
    0x08001cfe   0x0000000e   Code   RO         7068    .text.OUTLINED_FUNCTION_22  BUILD/DISCO_L475VG_IOT01A/ARMC6/mbed-os/targets/TARGET_STM/TARGET_STM32L4/STM32Cube_FW/STM32L4xx_HAL_Driver/stm32l4xx_hal_uart.o
    0x08001d0c   0x0000000a   Code   RO         1620    .text.OUTLINED_FUNCTION_23  BUILD/DISCO_L475VG_IOT01A/ARMC6/mbed-os/platform/source/SysTimer.o
    0x08001d16   0x0000000a   Code   RO         1622    .text.OUTLINED_FUNCTION_24  BUILD/DISCO_L475VG_IOT01A/ARMC6/mbed-os/platform/source/SysTimer.o
    0x08001d20   0x00000006   Code   RO         7072    .text.OUTLINED_FUNCTION_24  BUILD/DISCO_L475VG_IOT01A/ARMC6/mbed-os/targets/TARGET_STM/TARGET_STM32L4/STM32Cube_FW/STM32L4xx_HAL_Driver/stm32l4xx_hal_uart.o
    0x08001d26   0x0000000a   Code   RO         6570    .text.OUTLINED_FUNCTION_25  BUILD/DISCO_L475VG_IOT01A/ARMC6/mbed-os/targets/TARGET_STM/TARGET_STM32L4/STM32Cube_FW/STM32L4xx_HAL_Driver/stm32l4xx_hal_tim.o
    0x08001d30   0x0000000a   Code   RO         6572    .text.OUTLINED_FUNCTION_26  BUILD/DISCO_L475VG_IOT01A/ARMC6/mbed-os/targets/TARGET_STM/TARGET_STM32L4/STM32Cube_FW/STM32L4xx_HAL_Driver/stm32l4xx_hal_tim.o
    0x08001d3a   0x0000000a   Code   RO         6578    .text.OUTLINED_FUNCTION_29  BUILD/DISCO_L475VG_IOT01A/ARMC6/mbed-os/targets/TARGET_STM/TARGET_STM32L4/STM32Cube_FW/STM32L4xx_HAL_Driver/stm32l4xx_hal_tim.o
    0x08001d44   0x00000008   Code   RO          820    .text.OUTLINED_FUNCTION_3  BUILD/DISCO_L475VG_IOT01A/ARMC6/mbed-os/drivers/source/SerialBase.o
    0x08001d4c   0x00000012   Code   RO         1580    .text.OUTLINED_FUNCTION_3  BUILD/DISCO_L475VG_IOT01A/ARMC6/mbed-os/platform/source/SysTimer.o
    0x08001d5e   0x00000006   Code   RO         5197    .text.OUTLINED_FUNCTION_3  BUILD/DISCO_L475VG_IOT01A/ARMC6/mbed-os/targets/TARGET_STM/TARGET_STM32L4/STM32Cube_FW/STM32L4xx_HAL_Driver/stm32l4xx_hal_rcc.o
    0x08001d64   0x00000008   Code   RO         5253    .text.OUTLINED_FUNCTION_3  BUILD/DISCO_L475VG_IOT01A/ARMC6/mbed-os/targets/TARGET_STM/TARGET_STM32L4/STM32Cube_FW/STM32L4xx_HAL_Driver/stm32l4xx_hal_rcc_ex.o
    0x08001d6c   0x0000000a   Code   RO         7938    .text.OUTLINED_FUNCTION_3  BUILD/DISCO_L475VG_IOT01A/ARMC6/mbed-os/targets/TARGET_STM/TARGET_STM32L4/serial_device.o
    0x08001d76   0x00000008   Code   RO         6588    .text.OUTLINED_FUNCTION_34  BUILD/DISCO_L475VG_IOT01A/ARMC6/mbed-os/targets/TARGET_STM/TARGET_STM32L4/STM32Cube_FW/STM32L4xx_HAL_Driver/stm32l4xx_hal_tim.o
    0x08001d7e   0x00000022   Code   RO         1582    .text.OUTLINED_FUNCTION_4  BUILD/DISCO_L475VG_IOT01A/ARMC6/mbed-os/platform/source/SysTimer.o
    0x08001da0   0x0000000a   Code   RO         5199    .text.OUTLINED_FUNCTION_4  BUILD/DISCO_L475VG_IOT01A/ARMC6/mbed-os/targets/TARGET_STM/TARGET_STM32L4/STM32Cube_FW/STM32L4xx_HAL_Driver/stm32l4xx_hal_rcc.o
    0x08001daa   0x00000008   Code   RO         6608    .text.OUTLINED_FUNCTION_44  BUILD/DISCO_L475VG_IOT01A/ARMC6/mbed-os/targets/TARGET_STM/TARGET_STM32L4/STM32Cube_FW/STM32L4xx_HAL_Driver/stm32l4xx_hal_tim.o
    0x08001db2   0x00000008   Code   RO         6610    .text.OUTLINED_FUNCTION_45  BUILD/DISCO_L475VG_IOT01A/ARMC6/mbed-os/targets/TARGET_STM/TARGET_STM32L4/STM32Cube_FW/STM32L4xx_HAL_Driver/stm32l4xx_hal_tim.o
    0x08001dba   0x00000008   Code   RO         6612    .text.OUTLINED_FUNCTION_46  BUILD/DISCO_L475VG_IOT01A/ARMC6/mbed-os/targets/TARGET_STM/TARGET_STM32L4/STM32Cube_FW/STM32L4xx_HAL_Driver/stm32l4xx_hal_tim.o
    0x08001dc2   0x00000008   Code   RO         6614    .text.OUTLINED_FUNCTION_47  BUILD/DISCO_L475VG_IOT01A/ARMC6/mbed-os/targets/TARGET_STM/TARGET_STM32L4/STM32Cube_FW/STM32L4xx_HAL_Driver/stm32l4xx_hal_tim.o
    0x08001dca   0x0000000e   Code   RO          824    .text.OUTLINED_FUNCTION_5  BUILD/DISCO_L475VG_IOT01A/ARMC6/mbed-os/drivers/source/SerialBase.o
    0x08001dd8   0x00000010   Code   RO         1584    .text.OUTLINED_FUNCTION_5  BUILD/DISCO_L475VG_IOT01A/ARMC6/mbed-os/platform/source/SysTimer.o
    0x08001de8   0x0000000a   Code   RO         4497    .text.OUTLINED_FUNCTION_5  BUILD/DISCO_L475VG_IOT01A/ARMC6/mbed-os/targets/TARGET_STM/TARGET_STM32L4/STM32Cube_FW/STM32L4xx_HAL_Driver/stm32l4xx_hal_lptim.o
    0x08001df2   0x0000000e   Code   RO         5201    .text.OUTLINED_FUNCTION_5  BUILD/DISCO_L475VG_IOT01A/ARMC6/mbed-os/targets/TARGET_STM/TARGET_STM32L4/STM32Cube_FW/STM32L4xx_HAL_Driver/stm32l4xx_hal_rcc.o
    0x08001e00   0x0000000c   Code   RO         7034    .text.OUTLINED_FUNCTION_5  BUILD/DISCO_L475VG_IOT01A/ARMC6/mbed-os/targets/TARGET_STM/TARGET_STM32L4/STM32Cube_FW/STM32L4xx_HAL_Driver/stm32l4xx_hal_uart.o
    0x08001e0c   0x00000008   Code   RO         6622    .text.OUTLINED_FUNCTION_51  BUILD/DISCO_L475VG_IOT01A/ARMC6/mbed-os/targets/TARGET_STM/TARGET_STM32L4/STM32Cube_FW/STM32L4xx_HAL_Driver/stm32l4xx_hal_tim.o
    0x08001e14   0x00000008   Code   RO         6626    .text.OUTLINED_FUNCTION_53  BUILD/DISCO_L475VG_IOT01A/ARMC6/mbed-os/targets/TARGET_STM/TARGET_STM32L4/STM32Cube_FW/STM32L4xx_HAL_Driver/stm32l4xx_hal_tim.o
    0x08001e1c   0x0000000a   Code   RO         6634    .text.OUTLINED_FUNCTION_57  BUILD/DISCO_L475VG_IOT01A/ARMC6/mbed-os/targets/TARGET_STM/TARGET_STM32L4/STM32Cube_FW/STM32L4xx_HAL_Driver/stm32l4xx_hal_tim.o
    0x08001e26   0x0000000a   Code   RO         5259    .text.OUTLINED_FUNCTION_6  BUILD/DISCO_L475VG_IOT01A/ARMC6/mbed-os/targets/TARGET_STM/TARGET_STM32L4/STM32Cube_FW/STM32L4xx_HAL_Driver/stm32l4xx_hal_rcc_ex.o
    0x08001e30   0x0000000a   Code   RO         6642    .text.OUTLINED_FUNCTION_61  BUILD/DISCO_L475VG_IOT01A/ARMC6/mbed-os/targets/TARGET_STM/TARGET_STM32L4/STM32Cube_FW/STM32L4xx_HAL_Driver/stm32l4xx_hal_tim.o
    0x08001e3a   0x00000008   Code   RO         6652    .text.OUTLINED_FUNCTION_66  BUILD/DISCO_L475VG_IOT01A/ARMC6/mbed-os/targets/TARGET_STM/TARGET_STM32L4/STM32Cube_FW/STM32L4xx_HAL_Driver/stm32l4xx_hal_tim.o
    0x08001e42   0x00000008   Code   RO          828    .text.OUTLINED_FUNCTION_7  BUILD/DISCO_L475VG_IOT01A/ARMC6/mbed-os/drivers/source/SerialBase.o
    0x08001e4a   0x00000012   Code   RO         1588    .text.OUTLINED_FUNCTION_7  BUILD/DISCO_L475VG_IOT01A/ARMC6/mbed-os/platform/source/SysTimer.o
    0x08001e5c   0x0000000a   Code   RO         5261    .text.OUTLINED_FUNCTION_7  BUILD/DISCO_L475VG_IOT01A/ARMC6/mbed-os/targets/TARGET_STM/TARGET_STM32L4/STM32Cube_FW/STM32L4xx_HAL_Driver/stm32l4xx_hal_rcc_ex.o
    0x08001e66   0x0000000a   Code   RO          832    .text.OUTLINED_FUNCTION_9  BUILD/DISCO_L475VG_IOT01A/ARMC6/mbed-os/drivers/source/SerialBase.o
    0x08001e70   0x0000000e   Code   RO         1592    .text.OUTLINED_FUNCTION_9  BUILD/DISCO_L475VG_IOT01A/ARMC6/mbed-os/platform/source/SysTimer.o
    0x08001e7e   0x00000006   Code   RO         5265    .text.OUTLINED_FUNCTION_9  BUILD/DISCO_L475VG_IOT01A/ARMC6/mbed-os/targets/TARGET_STM/TARGET_STM32L4/STM32Cube_FW/STM32L4xx_HAL_Driver/stm32l4xx_hal_rcc_ex.o
    0x08001e84   0x0000000e   Code   RO         6538    .text.OUTLINED_FUNCTION_9  BUILD/DISCO_L475VG_IOT01A/ARMC6/mbed-os/targets/TARGET_STM/TARGET_STM32L4/STM32Cube_FW/STM32L4xx_HAL_Driver/stm32l4xx_hal_tim.o
    0x08001e92   0x00000002   PAD
    0x08001e94   0x000000ec   Code   RO         5207    .text.RCCEx_PLLSAI1_Config  BUILD/DISCO_L475VG_IOT01A/ARMC6/mbed-os/targets/TARGET_STM/TARGET_STM32L4/STM32Cube_FW/STM32L4xx_HAL_Driver/stm32l4xx_hal_rcc_ex.o
    0x08001f80   0x000000d4   Code   RO         5209    .text.RCCEx_PLLSAI2_Config  BUILD/DISCO_L475VG_IOT01A/ARMC6/mbed-os/targets/TARGET_STM/TARGET_STM32L4/STM32Cube_FW/STM32L4xx_HAL_Driver/stm32l4xx_hal_rcc_ex.o
    0x08002054   0x00000084   Code   RO         5167    .text.RCC_SetFlashLatencyFromMSIRange  BUILD/DISCO_L475VG_IOT01A/ARMC6/mbed-os/targets/TARGET_STM/TARGET_STM32L4/STM32Cube_FW/STM32L4xx_HAL_Driver/stm32l4xx_hal_rcc.o
    0x080020d8   0x00000024   Code   RO         7827    .text.SetSysClock   BUILD/DISCO_L475VG_IOT01A/ARMC6/mbed-os/targets/TARGET_STM/TARGET_STM32L4/TARGET_STM32L475xG/system_clock.o
    0x080020fc   0x00000096   Code   RO         7829    .text.SetSysClock_PLL_MSI  BUILD/DISCO_L475VG_IOT01A/ARMC6/mbed-os/targets/TARGET_STM/TARGET_STM32L4/TARGET_STM32L475xG/system_clock.o
    0x08002192   0x00000002   PAD
    0x08002194   0x00000138   Code   RO         8117    .text.Set_GPIO_Clock  BUILD/DISCO_L475VG_IOT01A/ARMC6/mbed-os/targets/TARGET_STM/gpio_api.o
    0x080022cc   0x00000098   Code   RO         7791    .text.SystemCoreClockUpdate  BUILD/DISCO_L475VG_IOT01A/ARMC6/mbed-os/targets/TARGET_STM/TARGET_STM32L4/STM32Cube_FW/system_stm32l4xx.o
    0x08002364   0x0000004c   Code   RO         7789    .text.SystemInit    BUILD/DISCO_L475VG_IOT01A/ARMC6/mbed-os/targets/TARGET_STM/TARGET_STM32L4/STM32Cube_FW/system_stm32l4xx.o
    0x080023b0   0x000000cc   Code   RO         6288    .text.TIM_Base_SetConfig  BUILD/DISCO_L475VG_IOT01A/ARMC6/mbed-os/targets/TARGET_STM/TARGET_STM32L4/STM32Cube_FW/STM32L4xx_HAL_Driver/stm32l4xx_hal_tim.o
    0x0800247c   0x0000001e   Code   RO         6322    .text.TIM_CCxChannelCmd  BUILD/DISCO_L475VG_IOT01A/ARMC6/mbed-os/targets/TARGET_STM/TARGET_STM32L4/STM32Cube_FW/STM32L4xx_HAL_Driver/stm32l4xx_hal_tim.o
    0x0800249a   0x000000a8   Code   RO         6902    .text.UART_AdvFeatureConfig  BUILD/DISCO_L475VG_IOT01A/ARMC6/mbed-os/targets/TARGET_STM/TARGET_STM32L4/STM32Cube_FW/STM32L4xx_HAL_Driver/stm32l4xx_hal_uart.o
    0x08002542   0x00000050   Code   RO         6904    .text.UART_CheckIdleState  BUILD/DISCO_L475VG_IOT01A/ARMC6/mbed-os/targets/TARGET_STM/TARGET_STM32L4/STM32Cube_FW/STM32L4xx_HAL_Driver/stm32l4xx_hal_uart.o
    0x08002592   0x00000002   PAD
    0x08002594   0x000001d4   Code   RO         6900    .text.UART_SetConfig  BUILD/DISCO_L475VG_IOT01A/ARMC6/mbed-os/targets/TARGET_STM/TARGET_STM32L4/STM32Cube_FW/STM32L4xx_HAL_Driver/stm32l4xx_hal_uart.o
    0x08002768   0x0000007c   Code   RO         6918    .text.UART_WaitOnFlagUntilTimeout  BUILD/DISCO_L475VG_IOT01A/ARMC6/mbed-os/targets/TARGET_STM/TARGET_STM32L4/STM32Cube_FW/STM32L4xx_HAL_Driver/stm32l4xx_hal_uart.o
    0x080027e4   0x00000024   Code   RO            7    .text._GLOBAL__sub_I_main.cpp  BUILD/DISCO_L475VG_IOT01A/ARMC6/main.o
    0x08002808   0x00000030   Code   RO         2199    .text._ZL14do_serial_initv  BUILD/DISCO_L475VG_IOT01A/ARMC6/mbed-os/platform/source/mbed_retarget.o
    0x08002838   0x00000010   Code   RO         2105    .text._ZL19do_serial_init_oncev  BUILD/DISCO_L475VG_IOT01A/ARMC6/mbed-os/platform/source/mbed_retarget.o
    0x08002848   0x00000010   Code   RO         1405    .text._ZN10CThunkBase11cthunk_freeEPFvvE  BUILD/DISCO_L475VG_IOT01A/ARMC6/mbed-os/platform/source/CThunkBase.o
    0x08002858   0x00000018   Code   RO           16    .text._ZN4mbed10DigitalOutC2E7PinName  BUILD/DISCO_L475VG_IOT01A/ARMC6/main.o
    0x08002870   0x00000038   Code   RO         1475    .text._ZN4mbed10FileHandle4sizeEv  BUILD/DISCO_L475VG_IOT01A/ARMC6/mbed-os/platform/source/FileHandle.o
    0x080028a8   0x0000000a   Code   RO          158    .text._ZN4mbed10FileHandle4tellEv  BUILD/DISCO_L475VG_IOT01A/ARMC6/mbed-os/drivers/source/BufferedSerial.o
    0x080028b2   0x0000000a   Code   RO          160    .text._ZN4mbed10FileHandle6rewindEv  BUILD/DISCO_L475VG_IOT01A/ARMC6/mbed-os/drivers/source/BufferedSerial.o
    0x080028bc   0x00000006   Code   RO          162    .text._ZN4mbed10FileHandle8truncateEl  BUILD/DISCO_L475VG_IOT01A/ARMC6/mbed-os/drivers/source/BufferedSerial.o
    0x080028c2   0x00000006   Code   RO          764    .text._ZN4mbed10SerialBase10_base_getcEv  BUILD/DISCO_L475VG_IOT01A/ARMC6/mbed-os/drivers/source/SerialBase.o
    0x080028c8   0x0000000e   Code   RO          766    .text._ZN4mbed10SerialBase10_base_putcEi  BUILD/DISCO_L475VG_IOT01A/ARMC6/mbed-os/drivers/source/SerialBase.o
    0x080028d6   0x00000010   Code   RO          762    .text._ZN4mbed10SerialBase12_irq_handlerEj9SerialIrq  BUILD/DISCO_L475VG_IOT01A/ARMC6/mbed-os/drivers/source/SerialBase.o
    0x080028e6   0x00000088   Code   RO          770    .text._ZN4mbed10SerialBase12enable_inputEb  BUILD/DISCO_L475VG_IOT01A/ARMC6/mbed-os/drivers/source/SerialBase.o
    0x0800296e   0x00000088   Code   RO          772    .text._ZN4mbed10SerialBase13enable_outputEb  BUILD/DISCO_L475VG_IOT01A/ARMC6/mbed-os/drivers/source/SerialBase.o
    0x080029f6   0x00000002   Code   RO          780    .text._ZN4mbed10SerialBase4lockEv  BUILD/DISCO_L475VG_IOT01A/ARMC6/mbed-os/drivers/source/SerialBase.o
    0x080029f8   0x00000054   Code   RO          746    .text._ZN4mbed10SerialBase5_initEv  BUILD/DISCO_L475VG_IOT01A/ARMC6/mbed-os/drivers/source/SerialBase.o
    0x08002a4c   0x00000092   Code   RO          760    .text._ZN4mbed10SerialBase6attachENS_8CallbackIFvvEEENS0_7IrqTypeE  BUILD/DISCO_L475VG_IOT01A/ARMC6/mbed-os/drivers/source/SerialBase.o
    0x08002ade   0x00000002   Code   RO          782    .text._ZN4mbed10SerialBase6unlockEv  BUILD/DISCO_L475VG_IOT01A/ARMC6/mbed-os/drivers/source/SerialBase.o
    0x08002ae0   0x00000016   Code   RO          756    .text._ZN4mbed10SerialBase8readableEv  BUILD/DISCO_L475VG_IOT01A/ARMC6/mbed-os/drivers/source/SerialBase.o
    0x08002af6   0x00000016   Code   RO          758    .text._ZN4mbed10SerialBase9writeableEv  BUILD/DISCO_L475VG_IOT01A/ARMC6/mbed-os/drivers/source/SerialBase.o
    0x08002b0c   0x000000a0   Code   RO          744    .text._ZN4mbed10SerialBaseC2E7PinNameS1_i  BUILD/DISCO_L475VG_IOT01A/ARMC6/mbed-os/drivers/source/SerialBase.o
    0x08002bac   0x0000000e   Code   RO          786    .text._ZN4mbed10SerialBaseD0Ev  BUILD/DISCO_L475VG_IOT01A/ARMC6/mbed-os/drivers/source/SerialBase.o
    0x08002bba   0x00000002   PAD
    0x08002bbc   0x00000044   Code   RO          784    .text._ZN4mbed10SerialBaseD2Ev  BUILD/DISCO_L475VG_IOT01A/ARMC6/mbed-os/drivers/source/SerialBase.o
    0x08002c00   0x00000014   Code   RO          955    .text._ZN4mbed10TimerEvent15insert_absoluteENSt3__26chrono10time_pointINS_15TickerDataClockENS2_8durationIxNS1_5ratioILx1ELx1000000EEEEEEE  BUILD/DISCO_L475VG_IOT01A/ARMC6/mbed-os/drivers/source/TimerEvent.o
    0x08002c14   0x00000006   Code   RO          945    .text._ZN4mbed10TimerEvent3irqEj  BUILD/DISCO_L475VG_IOT01A/ARMC6/mbed-os/drivers/source/TimerEvent.o
    0x08002c1a   0x0000000e   Code   RO          949    .text._ZN4mbed10TimerEvent6removeEv  BUILD/DISCO_L475VG_IOT01A/ARMC6/mbed-os/drivers/source/TimerEvent.o
    0x08002c28   0x0000002c   Code   RO          943    .text._ZN4mbed10TimerEventC2EPK13ticker_data_t  BUILD/DISCO_L475VG_IOT01A/ARMC6/mbed-os/drivers/source/TimerEvent.o
    0x08002c54   0x0000000e   Code   RO          468    .text._ZN4mbed11InterruptIn4readEv  BUILD/DISCO_L475VG_IOT01A/ARMC6/mbed-os/drivers/source/InterruptIn.o
    0x08002c62   0x00000012   Code   RO          134    .text._ZN4mbed14BufferedSerial12enable_inputEb  BUILD/DISCO_L475VG_IOT01A/ARMC6/mbed-os/drivers/source/BufferedSerial.o
    0x08002c74   0x00000008   Code   RO          154    .text._ZN4mbed14BufferedSerial12set_blockingEb  BUILD/DISCO_L475VG_IOT01A/ARMC6/mbed-os/drivers/source/BufferedSerial.o
    0x08002c7c   0x00000012   Code   RO          138    .text._ZN4mbed14BufferedSerial13enable_outputEb  BUILD/DISCO_L475VG_IOT01A/ARMC6/mbed-os/drivers/source/BufferedSerial.o
    0x08002c8e   0x00000002   PAD
    0x08002c90   0x00000048   Code   RO           60    .text._ZN4mbed14BufferedSerial13update_rx_irqEv  BUILD/DISCO_L475VG_IOT01A/ARMC6/mbed-os/drivers/source/BufferedSerial.o
    0x08002cd8   0x0000004c   Code   RO          116    .text._ZN4mbed14BufferedSerial13update_tx_irqEv  BUILD/DISCO_L475VG_IOT01A/ARMC6/mbed-os/drivers/source/BufferedSerial.o
    0x08002d24   0x00000014   Code   RO          130    .text._ZN4mbed14BufferedSerial14disable_rx_irqEv  BUILD/DISCO_L475VG_IOT01A/ARMC6/mbed-os/drivers/source/BufferedSerial.o
    0x08002d38   0x00000018   Code   RO          132    .text._ZN4mbed14BufferedSerial14disable_tx_irqEv  BUILD/DISCO_L475VG_IOT01A/ARMC6/mbed-os/drivers/source/BufferedSerial.o
    0x08002d50   0x00000032   Code   RO          110    .text._ZN4mbed14BufferedSerial16write_unbufferedEPKcj  BUILD/DISCO_L475VG_IOT01A/ARMC6/mbed-os/drivers/source/BufferedSerial.o
    0x08002d82   0x00000002   PAD
    0x08002d84   0x0000005c   Code   RO          120    .text._ZN4mbed14BufferedSerial4readEPvj  BUILD/DISCO_L475VG_IOT01A/ARMC6/mbed-os/drivers/source/BufferedSerial.o
    0x08002de0   0x00000008   Code   RO           96    .text._ZN4mbed14BufferedSerial4seekEli  BUILD/DISCO_L475VG_IOT01A/ARMC6/mbed-os/drivers/source/BufferedSerial.o
    0x08002de8   0x0000001a   Code   RO          100    .text._ZN4mbed14BufferedSerial4syncEv  BUILD/DISCO_L475VG_IOT01A/ARMC6/mbed-os/drivers/source/BufferedSerial.o
    0x08002e02   0x00000004   Code   RO           88    .text._ZN4mbed14BufferedSerial5closeEv  BUILD/DISCO_L475VG_IOT01A/ARMC6/mbed-os/drivers/source/BufferedSerial.o
    0x08002e06   0x00000036   Code   RO          104    .text._ZN4mbed14BufferedSerial5sigioENS_8CallbackIFvvEEE  BUILD/DISCO_L475VG_IOT01A/ARMC6/mbed-os/drivers/source/BufferedSerial.o
    0x08002e3c   0x00000084   Code   RO          114    .text._ZN4mbed14BufferedSerial5writeEPKvj  BUILD/DISCO_L475VG_IOT01A/ARMC6/mbed-os/drivers/source/BufferedSerial.o
    0x08002ec0   0x00000004   Code   RO           92    .text._ZN4mbed14BufferedSerial6isattyEv  BUILD/DISCO_L475VG_IOT01A/ARMC6/mbed-os/drivers/source/BufferedSerial.o
    0x08002ec4   0x00000060   Code   RO          128    .text._ZN4mbed14BufferedSerial6rx_irqEv  BUILD/DISCO_L475VG_IOT01A/ARMC6/mbed-os/drivers/source/BufferedSerial.o
    0x08002f24   0x00000066   Code   RO          112    .text._ZN4mbed14BufferedSerial6tx_irqEv  BUILD/DISCO_L475VG_IOT01A/ARMC6/mbed-os/drivers/source/BufferedSerial.o
    0x08002f8a   0x00000002   PAD
    0x08002f8c   0x00000018   Code   RO           58    .text._ZN4mbed14BufferedSerialC2E7PinNameS1_i  BUILD/DISCO_L475VG_IOT01A/ARMC6/mbed-os/drivers/source/BufferedSerial.o
    0x08002fa4   0x0000000e   Code   RO           68    .text._ZN4mbed14BufferedSerialD0Ev  BUILD/DISCO_L475VG_IOT01A/ARMC6/mbed-os/drivers/source/BufferedSerial.o
    0x08002fb2   0x00000002   PAD
    0x08002fb4   0x0000002c   Code   RO           64    .text._ZN4mbed14BufferedSerialD2Ev  BUILD/DISCO_L475VG_IOT01A/ARMC6/mbed-os/drivers/source/BufferedSerial.o
    0x08002fe0   0x00000042   Code   RO          152    .text._ZN4mbed14CircularBufferIcLj256EjE3popERc  BUILD/DISCO_L475VG_IOT01A/ARMC6/mbed-os/drivers/source/BufferedSerial.o
    0x08003022   0x00000046   Code   RO          150    .text._ZN4mbed14CircularBufferIcLj256EjE4pushERKc  BUILD/DISCO_L475VG_IOT01A/ARMC6/mbed-os/drivers/source/BufferedSerial.o
    0x08003068   0x00000006   Code   RO          960    .text._ZN4mbed15TickerDataClock11set_handlerEPFvjE  BUILD/DISCO_L475VG_IOT01A/ARMC6/mbed-os/drivers/source/TimerEvent.o
    0x0800306e   0x00000006   Code   RO          962    .text._ZN4mbed15TickerDataClock12insert_eventEP14ticker_event_sNSt3__26chrono10time_pointIS0_NS4_8durationIxNS3_5ratioILx1ELx1000000EEEEEEEj  BUILD/DISCO_L475VG_IOT01A/ARMC6/mbed-os/drivers/source/TimerEvent.o
    0x08003074   0x00000006   Code   RO          964    .text._ZN4mbed15TickerDataClock12remove_eventEP14ticker_event_s  BUILD/DISCO_L475VG_IOT01A/ARMC6/mbed-os/drivers/source/TimerEvent.o
    0x0800307a   0x0000000c   Code   RO         1427    .text._ZN4mbed19CriticalSectionLockC2Ev  BUILD/DISCO_L475VG_IOT01A/ARMC6/mbed-os/platform/source/CriticalSectionLock.o
    0x08003086   0x0000000c   Code   RO         1429    .text._ZN4mbed19CriticalSectionLockD2Ev  BUILD/DISCO_L475VG_IOT01A/ARMC6/mbed-os/platform/source/CriticalSectionLock.o
    0x08003092   0x00000002   PAD
    0x08003094   0x00000010   Code   RO         2115    .text._ZN4mbed20minimal_console_getcEv  BUILD/DISCO_L475VG_IOT01A/ARMC6/mbed-os/platform/source/mbed_retarget.o
    0x080030a4   0x00000018   Code   RO         2103    .text._ZN4mbed20minimal_console_putcEi  BUILD/DISCO_L475VG_IOT01A/ARMC6/mbed-os/platform/source/mbed_retarget.o
    0x080030bc   0x00000026   Code   RO          498    .text._ZN4mbed4impl7MbedCRCILj79764919ELh32ELNS_7CrcModeE2EE20compute_partial_stopEPj  BUILD/DISCO_L475VG_IOT01A/ARMC6/mbed-os/drivers/source/MbedCRC.o
    0x080030e2   0x00000020   Code   RO          496    .text._ZN4mbed4impl7MbedCRCILj79764919ELh32ELNS_7CrcModeE2EE7computeEPKvjPj  BUILD/DISCO_L475VG_IOT01A/ARMC6/mbed-os/drivers/source/MbedCRC.o
    0x08003102   0x00000004   Code   RO          168    .text._ZN4mbed8CallbackIFvvEE11target_callIZNS2_C1IPNS_14BufferedSerialEMS5_FvvELi0EEET_T0_EUlvE_EEvPKNS_6detail12CallbackBaseE  BUILD/DISCO_L475VG_IOT01A/ARMC6/mbed-os/drivers/source/BufferedSerial.o
    0x08003106   0x00000002   PAD
    0x08003108   0x0000001c   Code   RO         2023    .text._ZN4mbed8internal13init_os_timerEv  BUILD/DISCO_L475VG_IOT01A/ARMC6/mbed-os/platform/source/mbed_os_timer.o
    0x08003124   0x00000054   Code   RO         2033    .text._ZN4mbed8internal18do_sleep_operationINS0_18timed_predicate_opEEEvRT_  BUILD/DISCO_L475VG_IOT01A/ARMC6/mbed-os/platform/source/mbed_os_timer.o
    0x08003178   0x00000016   Code   RO         2045    .text._ZN4mbed8internal18timed_predicate_op13sleep_prepareEv  BUILD/DISCO_L475VG_IOT01A/ARMC6/mbed-os/platform/source/mbed_os_timer.o
    0x0800318e   0x00000002   PAD
    0x08003190   0x00000010   Code   RO         2035    .text._ZN4mbed8internal18timed_predicate_opD2Ev  BUILD/DISCO_L475VG_IOT01A/ARMC6/mbed-os/platform/source/mbed_os_timer.o
    0x080031a0   0x00000052   Code   RO         2029    .text._ZN4mbed8internal34do_timed_sleep_relative_or_foreverENSt3__26chrono8durationIjNS1_5ratioILx1ELx1000EEEEEPFbPvES7_  BUILD/DISCO_L475VG_IOT01A/ARMC6/mbed-os/platform/source/mbed_os_timer.o
    0x080031f2   0x00000002   PAD
    0x080031f4   0x0000000c   Code   RO         2047    .text._ZN4mbed8internal7OsClock13set_wake_timeENSt3__26chrono10time_pointIS1_NS3_8durationIxNS2_5ratioILx1ELx1000EEEEEEE  BUILD/DISCO_L475VG_IOT01A/ARMC6/mbed-os/platform/source/mbed_os_timer.o
    0x08003200   0x0000001a   Code   RO         2041    .text._ZN4mbed8internal7OsClock3nowEv  BUILD/DISCO_L475VG_IOT01A/ARMC6/mbed-os/platform/source/mbed_os_timer.o
    0x0800321a   0x0000001a   Code   RO         1635    .text._ZN4mbed8internal8SysTimerINSt3__25ratioILx1ELx1000EEELb1EE11cancel_wakeEv  BUILD/DISCO_L475VG_IOT01A/ARMC6/mbed-os/platform/source/SysTimer.o
    0x08003234   0x00000076   Code   RO         1639    .text._ZN4mbed8internal8SysTimerINSt3__25ratioILx1ELx1000EEELb1EE13set_wake_timeENS2_6chrono10time_pointIS5_NS6_8durationIyS4_EEEE  BUILD/DISCO_L475VG_IOT01A/ARMC6/mbed-os/platform/source/SysTimer.o
    0x080032aa   0x00000004   Code   RO         1653    .text._ZN4mbed8internal8SysTimerINSt3__25ratioILx1ELx1000EEELb1EE14_schedule_tickEv  BUILD/DISCO_L475VG_IOT01A/ARMC6/mbed-os/platform/source/SysTimer.o
    0x080032ae   0x00000012   Code   RO         1641    .text._ZN4mbed8internal8SysTimerINSt3__25ratioILx1ELx1000EEELb1EE19update_and_get_tickEv  BUILD/DISCO_L475VG_IOT01A/ARMC6/mbed-os/platform/source/SysTimer.o
    0x080032c0   0x00000038   Code   RO         1671    .text._ZN4mbed8internal8SysTimerINSt3__25ratioILx1ELx1000EEELb1EE7handlerEv  BUILD/DISCO_L475VG_IOT01A/ARMC6/mbed-os/platform/source/SysTimer.o
    0x080032f8   0x0000001c   Code   RO         1627    .text._ZN4mbed8internal8SysTimerINSt3__25ratioILx1ELx1000EEELb1EEC2EPK13ticker_data_t  BUILD/DISCO_L475VG_IOT01A/ARMC6/mbed-os/platform/source/SysTimer.o
    0x08003314   0x00000012   Code   RO          174    .text._ZN4mstd4impl6INVOKEIN4mbed14BufferedSerialEFvvERKPS3_JEEENSt3__29enable_ifIXaaaasr3std11is_functionIT0_EE5valuentsr3std10is_base_ofIT_NS8_5decayIT1_E4typeEEE5valuentsr20is_reference_wrapperISF_EE5valueEDTcldsdeclsr3stdE7forwardISD_Efp0_Efp_spclsr3stdE7forwardIT2_Efp1_EEEE4typeEMSB_SA_OSD_DpOSG_  BUILD/DISCO_L475VG_IOT01A/ARMC6/mbed-os/drivers/source/BufferedSerial.o
    0x08003326   0x0000000c   Code   RO          172    .text._ZN4mstd6invokeIRKMN4mbed14BufferedSerialEFvvEJRKPS2_EEENS_13invoke_resultIT_JDpT0_EE4typeEOSB_DpOSC_  BUILD/DISCO_L475VG_IOT01A/ARMC6/mbed-os/drivers/source/BufferedSerial.o
    0x08003332   0x00000022   Code   RO         2236    .text._ZN4mstd9call_onceIRFvvEJEEEvRNS_9once_flagEOT_DpOT0_  BUILD/DISCO_L475VG_IOT01A/ARMC6/mbed-os/platform/source/mbed_retarget.o
    0x08003354   0x00000028   Code   RO          846    .text._ZN6CThunkIN4mbed10SerialBaseEE10trampolineEP10CThunkBase  BUILD/DISCO_L475VG_IOT01A/ARMC6/mbed-os/drivers/source/SerialBase.o
    0x0800337c   0x00000014   Code   RO          842    .text._ZN6CThunkIN4mbed10SerialBaseEED2Ev  BUILD/DISCO_L475VG_IOT01A/ARMC6/mbed-os/drivers/source/SerialBase.o
    0x08003390   0x00000006   Code   RO          156    .text._ZNK4mbed14BufferedSerial11is_blockingEv  BUILD/DISCO_L475VG_IOT01A/ARMC6/mbed-os/drivers/source/BufferedSerial.o
    0x08003396   0x00000018   Code   RO          124    .text._ZNK4mbed14BufferedSerial3hupEv  BUILD/DISCO_L475VG_IOT01A/ARMC6/mbed-os/drivers/source/BufferedSerial.o
    0x080033ae   0x0000002a   Code   RO          106    .text._ZNK4mbed14BufferedSerial4pollEs  BUILD/DISCO_L475VG_IOT01A/ARMC6/mbed-os/drivers/source/BufferedSerial.o
    0x080033d8   0x00000024   Code   RO          148    .text._ZNK4mbed14CircularBufferIcLj256EjE5emptyEv  BUILD/DISCO_L475VG_IOT01A/ARMC6/mbed-os/drivers/source/BufferedSerial.o
    0x080033fc   0x00000010   Code   RO         1629    .text._ZNK4mbed15TickerDataClock3nowEv  BUILD/DISCO_L475VG_IOT01A/ARMC6/mbed-os/platform/source/SysTimer.o
    0x0800340c   0x00000058   Code   RO          500    .text._ZNK4mbed4impl7MbedCRCILj79764919ELh32ELNS_7CrcModeE2EE18do_compute_partialILS2_2EEENSt3__29enable_ifIXeqT_LS2_2EEiE4typeEPKhjPj  BUILD/DISCO_L475VG_IOT01A/ARMC6/mbed-os/drivers/source/MbedCRC.o
    0x08003464   0x00000024   Code   RO         2043    .text._ZNK4mbed8internal18timed_predicate_op14wake_conditionEv  BUILD/DISCO_L475VG_IOT01A/ARMC6/mbed-os/platform/source/mbed_os_timer.o
    0x08003488   0x0000003a   Code   RO         1665    .text._ZNK4mbed8internal8SysTimerINSt3__25ratioILx1ELx1000EEELb1EE14_elapsed_ticksEv  BUILD/DISCO_L475VG_IOT01A/ARMC6/mbed-os/platform/source/SysTimer.o
    0x080034c2   0x0000000c   Code   RO          136    .text._ZThn228_N4mbed14BufferedSerial12enable_inputEb  BUILD/DISCO_L475VG_IOT01A/ARMC6/mbed-os/drivers/source/BufferedSerial.o
    0x080034ce   0x00000008   Code   RO          164    .text._ZThn228_N4mbed14BufferedSerial12set_blockingEb  BUILD/DISCO_L475VG_IOT01A/ARMC6/mbed-os/drivers/source/BufferedSerial.o
    0x080034d6   0x0000000c   Code   RO          140    .text._ZThn228_N4mbed14BufferedSerial13enable_outputEb  BUILD/DISCO_L475VG_IOT01A/ARMC6/mbed-os/drivers/source/BufferedSerial.o
    0x080034e2   0x00000006   Code   RO          122    .text._ZThn228_N4mbed14BufferedSerial4readEPvj  BUILD/DISCO_L475VG_IOT01A/ARMC6/mbed-os/drivers/source/BufferedSerial.o
    0x080034e8   0x00000008   Code   RO           98    .text._ZThn228_N4mbed14BufferedSerial4seekEli  BUILD/DISCO_L475VG_IOT01A/ARMC6/mbed-os/drivers/source/BufferedSerial.o
    0x080034f0   0x0000000c   Code   RO          102    .text._ZThn228_N4mbed14BufferedSerial4syncEv  BUILD/DISCO_L475VG_IOT01A/ARMC6/mbed-os/drivers/source/BufferedSerial.o
    0x080034fc   0x00000004   Code   RO           90    .text._ZThn228_N4mbed14BufferedSerial5closeEv  BUILD/DISCO_L475VG_IOT01A/ARMC6/mbed-os/drivers/source/BufferedSerial.o
    0x08003500   0x0000000e   Code   RO          108    .text._ZThn228_N4mbed14BufferedSerial5sigioENS_8CallbackIFvvEEE  BUILD/DISCO_L475VG_IOT01A/ARMC6/mbed-os/drivers/source/BufferedSerial.o
    0x0800350e   0x00000006   Code   RO          118    .text._ZThn228_N4mbed14BufferedSerial5writeEPKvj  BUILD/DISCO_L475VG_IOT01A/ARMC6/mbed-os/drivers/source/BufferedSerial.o
    0x08003514   0x00000004   Code   RO           94    .text._ZThn228_N4mbed14BufferedSerial6isattyEv  BUILD/DISCO_L475VG_IOT01A/ARMC6/mbed-os/drivers/source/BufferedSerial.o
    0x08003518   0x00000006   Code   RO           70    .text._ZThn228_N4mbed14BufferedSerialD0Ev  BUILD/DISCO_L475VG_IOT01A/ARMC6/mbed-os/drivers/source/BufferedSerial.o
    0x0800351e   0x00000006   Code   RO           66    .text._ZThn228_N4mbed14BufferedSerialD1Ev  BUILD/DISCO_L475VG_IOT01A/ARMC6/mbed-os/drivers/source/BufferedSerial.o
    0x08003524   0x00000006   Code   RO          166    .text._ZThn228_NK4mbed14BufferedSerial11is_blockingEv  BUILD/DISCO_L475VG_IOT01A/ARMC6/mbed-os/drivers/source/BufferedSerial.o
    0x0800352a   0x00000008   Code   RO          126    .text._ZThn228_NK4mbed14BufferedSerial4pollEs  BUILD/DISCO_L475VG_IOT01A/ARMC6/mbed-os/drivers/source/BufferedSerial.o
    0x08003532   0x00000008   Code   RO          170    .text._ZZN4mbed8CallbackIFvvEEC1IPNS_14BufferedSerialEMS4_FvvELi0EEET_T0_ENKUlvE_clEv  BUILD/DISCO_L475VG_IOT01A/ARMC6/mbed-os/drivers/source/BufferedSerial.o
    0x0800353a   0x00000004   Code   RO         2183    .text._ZdlPv        BUILD/DISCO_L475VG_IOT01A/ARMC6/mbed-os/platform/source/mbed_retarget.o
    0x0800353e   0x00000002   PAD
    0x08003540   0x00000024   Code   RO         1962    .text.__NVIC_SystemReset  BUILD/DISCO_L475VG_IOT01A/ARMC6/mbed-os/platform/source/mbed_error.o
    0x08003564   0x00000022   Code   RO         2169    .text.__cxa_guard_acquire  BUILD/DISCO_L475VG_IOT01A/ARMC6/mbed-os/platform/source/mbed_retarget.o
    0x08003586   0x00000002   PAD
    0x08003588   0x00000028   Code   RO         8659    .text.__cxa_pure_virtual  c:\Users\oleel\AppData\Local\Mbed Studio\mbed-studio-tools\ac6\bin\..\lib\libcxx\libcppabi_w.l(cxa_virtual.cpp.o)
    0x080035b0   0x00000004   Code   RO         2129    .text.__user_setup_stackheap  BUILD/DISCO_L475VG_IOT01A/ARMC6/mbed-os/platform/source/mbed_retarget.o
    0x080035b4   0x00000036   Code   RO         1146    .text._gpio_init_out  BUILD/DISCO_L475VG_IOT01A/ARMC6/mbed-os/hal/source/mbed_gpio.o
    0x080035ea   0x00000002   PAD
    0x080035ec   0x0000002c   Code   RO         2127    .text._mbed_user_setup_stackheap  BUILD/DISCO_L475VG_IOT01A/ARMC6/mbed-os/platform/source/mbed_retarget.o
    0x08003618   0x00000024   Code   RO         2095    .text._sys_open     BUILD/DISCO_L475VG_IOT01A/ARMC6/mbed-os/platform/source/mbed_retarget.o
    0x0800363c   0x00000070   Code   RO         2111    .text._sys_read     BUILD/DISCO_L475VG_IOT01A/ARMC6/mbed-os/platform/source/mbed_retarget.o
    0x080036ac   0x000000b4   Code   RO         2099    .text._sys_write    BUILD/DISCO_L475VG_IOT01A/ARMC6/mbed-os/platform/source/mbed_retarget.o
    0x08003760   0x00000014   Code   RO         2300    .text._wait_us_ticks  BUILD/DISCO_L475VG_IOT01A/ARMC6/mbed-os/platform/source/mbed_wait_api_no_rtos.o
    0x08003774   0x00000004   Code   RO         8796    .text.abort_message  c:\Users\oleel\AppData\Local\Mbed Studio\mbed-studio-tools\ac6\bin\..\lib\libcxx\libcppabi_w.l(abort_message.cpp.o)
    0x08003778   0x00000002   Code   RO         1266    .text.block_us_ticker_free  BUILD/DISCO_L475VG_IOT01A/ARMC6/mbed-os/hal/source/mbed_us_ticker_api.o
    0x0800377a   0x00000002   PAD
    0x0800377c   0x000000e0   Code   RO         8099    .text.can_irq       BUILD/DISCO_L475VG_IOT01A/ARMC6/mbed-os/targets/TARGET_STM/can_api.o
    0x0800385c   0x0000000c   Code   RO         1907    .text.core_util_are_interrupts_enabled  BUILD/DISCO_L475VG_IOT01A/ARMC6/mbed-os/platform/source/mbed_critical.o
    0x08003868   0x00000012   Code   RO         1810    .text.core_util_atomic_decr_u16  BUILD/DISCO_L475VG_IOT01A/ARMC6/mbed-os/platform/source/mbed_atomic_impl.o
    0x0800387a   0x00000010   Code   RO         1796    .text.core_util_atomic_exchange_u8  BUILD/DISCO_L475VG_IOT01A/ARMC6/mbed-os/platform/source/mbed_atomic_impl.o
    0x0800388a   0x00000014   Code   RO         1794    .text.core_util_atomic_flag_test_and_set  BUILD/DISCO_L475VG_IOT01A/ARMC6/mbed-os/platform/source/mbed_atomic_impl.o
    0x0800389e   0x00000012   Code   RO         1804    .text.core_util_atomic_incr_u16  BUILD/DISCO_L475VG_IOT01A/ARMC6/mbed-os/platform/source/mbed_atomic_impl.o
    0x080038b0   0x00000016   Code   RO         1856    .text.core_util_atomic_load_u64  BUILD/DISCO_L475VG_IOT01A/ARMC6/mbed-os/platform/source/mbed_atomic_impl.o
    0x080038c6   0x00000002   PAD
    0x080038c8   0x00000010   Code   RO         1913    .text.core_util_critical_section_enter  BUILD/DISCO_L475VG_IOT01A/ARMC6/mbed-os/platform/source/mbed_critical.o
    0x080038d8   0x00000018   Code   RO         1915    .text.core_util_critical_section_exit  BUILD/DISCO_L475VG_IOT01A/ARMC6/mbed-os/platform/source/mbed_critical.o
    0x080038f0   0x00000004   Code   RO         1911    .text.core_util_in_critical_section  BUILD/DISCO_L475VG_IOT01A/ARMC6/mbed-os/platform/source/mbed_critical.o
    0x080038f4   0x0000000c   Code   RO         1909    .text.core_util_is_isr_active  BUILD/DISCO_L475VG_IOT01A/ARMC6/mbed-os/platform/source/mbed_critical.o
    0x08003900   0x00000020   Code   RO         1920    .text.error         BUILD/DISCO_L475VG_IOT01A/ARMC6/mbed-os/platform/source/mbed_error.o
    0x08003920   0x0000001c   Code   RO         1250    .text.exact_log2    BUILD/DISCO_L475VG_IOT01A/ARMC6/mbed-os/hal/source/mbed_ticker_api.o
    0x0800393c   0x00000020   Code   RO         2141    .text.exit          BUILD/DISCO_L475VG_IOT01A/ARMC6/mbed-os/platform/source/mbed_retarget.o
    0x0800395c   0x00000008   Code   RO         1162    .text.get_lp_ticker_data  BUILD/DISCO_L475VG_IOT01A/ARMC6/mbed-os/hal/source/mbed_lp_ticker_api.o
    0x08003964   0x00000058   Code   RO         8442    .text.get_uart_index  BUILD/DISCO_L475VG_IOT01A/ARMC6/mbed-os/targets/TARGET_STM/serial_api.o
    0x080039bc   0x0000002a   Code   RO         8125    .text.gpio_dir      BUILD/DISCO_L475VG_IOT01A/ARMC6/mbed-os/targets/TARGET_STM/gpio_api.o
    0x080039e6   0x00000002   PAD
    0x080039e8   0x00000048   Code   RO         8121    .text.gpio_init     BUILD/DISCO_L475VG_IOT01A/ARMC6/mbed-os/targets/TARGET_STM/gpio_api.o
    0x08003a30   0x00000006   Code   RO         1142    .text.gpio_init_out  BUILD/DISCO_L475VG_IOT01A/ARMC6/mbed-os/hal/source/mbed_gpio.o
    0x08003a36   0x00000008   Code   RO         1144    .text.gpio_init_out_ex  BUILD/DISCO_L475VG_IOT01A/ARMC6/mbed-os/hal/source/mbed_gpio.o
    0x08003a3e   0x00000008   Code   RO         8123    .text.gpio_mode     BUILD/DISCO_L475VG_IOT01A/ARMC6/mbed-os/targets/TARGET_STM/gpio_api.o
    0x08003a46   0x00000018   Code   RO         8119    .text.gpio_set      BUILD/DISCO_L475VG_IOT01A/ARMC6/mbed-os/targets/TARGET_STM/gpio_api.o
    0x08003a5e   0x00000002   PAD
    0x08003a60   0x00000018   Code   RO         1123    .text.hal_critical_section_enter  BUILD/DISCO_L475VG_IOT01A/ARMC6/mbed-os/hal/source/mbed_critical_section_api.o
    0x08003a78   0x00000010   Code   RO         1125    .text.hal_critical_section_exit  BUILD/DISCO_L475VG_IOT01A/ARMC6/mbed-os/hal/source/mbed_critical_section_api.o
    0x08003a88   0x00000154   Code   RO         8479    .text.hal_deepsleep  BUILD/DISCO_L475VG_IOT01A/ARMC6/mbed-os/targets/TARGET_STM/sleep.o
    0x08003bdc   0x0000000c   Code   RO         1127    .text.hal_in_critical_section  BUILD/DISCO_L475VG_IOT01A/ARMC6/mbed-os/hal/source/mbed_critical_section_api.o
    0x08003be8   0x00000020   Code   RO         8477    .text.hal_sleep     BUILD/DISCO_L475VG_IOT01A/ARMC6/mbed-os/targets/TARGET_STM/sleep.o
    0x08003c08   0x0000007c   Code   RO         1922    .text.handle_error  BUILD/DISCO_L475VG_IOT01A/ARMC6/mbed-os/platform/source/mbed_error.o
    0x08003c84   0x000000a8   Code   RO         8577    .text.init_32bit_timer  BUILD/DISCO_L475VG_IOT01A/ARMC6/mbed-os/targets/TARGET_STM/us_ticker.o
    0x08003d2c   0x00000090   Code   RO         8444    .text.init_uart     BUILD/DISCO_L475VG_IOT01A/ARMC6/mbed-os/targets/TARGET_STM/serial_api.o
    0x08003dbc   0x000000e4   Code   RO         1222    .text.initialize    BUILD/DISCO_L475VG_IOT01A/ARMC6/mbed-os/hal/source/mbed_ticker_api.o
    0x08003ea0   0x00000050   Code   RO         1232    .text.insert_event  BUILD/DISCO_L475VG_IOT01A/ARMC6/mbed-os/hal/source/mbed_ticker_api.o
    0x08003ef0   0x00000020   Code   RO         8296    .text.lp_ticker_clear_interrupt  BUILD/DISCO_L475VG_IOT01A/ARMC6/mbed-os/targets/TARGET_STM/lp_ticker.o
    0x08003f10   0x0000004c   Code   RO         8288    .text.lp_ticker_disable_interrupt  BUILD/DISCO_L475VG_IOT01A/ARMC6/mbed-os/targets/TARGET_STM/lp_ticker.o
    0x08003f5c   0x00000024   Code   RO         8298    .text.lp_ticker_fire_interrupt  BUILD/DISCO_L475VG_IOT01A/ARMC6/mbed-os/targets/TARGET_STM/lp_ticker.o
    0x08003f80   0x00000004   Code   RO         8300    .text.lp_ticker_free  BUILD/DISCO_L475VG_IOT01A/ARMC6/mbed-os/targets/TARGET_STM/lp_ticker.o
    0x08003f84   0x00000008   Code   RO         8284    .text.lp_ticker_get_info  BUILD/DISCO_L475VG_IOT01A/ARMC6/mbed-os/targets/TARGET_STM/lp_ticker.o
    0x08003f8c   0x0000017c   Code   RO         8286    .text.lp_ticker_init  BUILD/DISCO_L475VG_IOT01A/ARMC6/mbed-os/targets/TARGET_STM/lp_ticker.o
    0x08004108   0x00000014   Code   RO         1166    .text.lp_ticker_irq_handler  BUILD/DISCO_L475VG_IOT01A/ARMC6/mbed-os/hal/source/mbed_lp_ticker_api.o
    0x0800411c   0x00000010   Code   RO         8292    .text.lp_ticker_read  BUILD/DISCO_L475VG_IOT01A/ARMC6/mbed-os/targets/TARGET_STM/lp_ticker.o
    0x0800412c   0x000000ac   Code   RO         8294    .text.lp_ticker_set_interrupt  BUILD/DISCO_L475VG_IOT01A/ARMC6/mbed-os/targets/TARGET_STM/lp_ticker.o
    0x080041d8   0x0000000c   Code   RO         7898    .text.lpuart1_irq   BUILD/DISCO_L475VG_IOT01A/ARMC6/mbed-os/targets/TARGET_STM/TARGET_STM32L4/serial_device.o
    0x080041e4   0x00000058   Code   RO            5    .text.main          BUILD/DISCO_L475VG_IOT01A/ARMC6/main.o
    0x0800423c   0x00000028   Code   RO         2259    .text.mbed_copy_nvic  BUILD/DISCO_L475VG_IOT01A/ARMC6/mbed-os/platform/source/mbed_sdk_boot.o
    0x08004264   0x00000060   Code   RO         1896    .text.mbed_die      BUILD/DISCO_L475VG_IOT01A/ARMC6/mbed-os/platform/source/mbed_board.o
    0x080042c4   0x00000068   Code   RO         1942    .text.mbed_error    BUILD/DISCO_L475VG_IOT01A/ARMC6/mbed-os/platform/source/mbed_error.o
    0x0800432c   0x00000068   Code   RO         1930    .text.mbed_error_initialize  BUILD/DISCO_L475VG_IOT01A/ARMC6/mbed-os/platform/source/mbed_error.o
    0x08004394   0x00000018   Code   RO         1898    .text.mbed_error_printf  BUILD/DISCO_L475VG_IOT01A/ARMC6/mbed-os/platform/source/mbed_board.o
    0x080043ac   0x0000004c   Code   RO         1902    .text.mbed_error_puts  BUILD/DISCO_L475VG_IOT01A/ARMC6/mbed-os/platform/source/mbed_board.o
    0x080043f8   0x00000034   Code   RO         1900    .text.mbed_error_vprintf  BUILD/DISCO_L475VG_IOT01A/ARMC6/mbed-os/platform/source/mbed_board.o
    0x0800442c   0x000000f4   Code   RO         1773    .text.mbed_fault_handler  BUILD/DISCO_L475VG_IOT01A/ARMC6/mbed-os/platform/source/TARGET_CORTEX_M/mbed_fault_handler.o
    0x08004520   0x00000030   Code   RO         1924    .text.mbed_halt_system  BUILD/DISCO_L475VG_IOT01A/ARMC6/mbed-os/platform/source/mbed_error.o
    0x08004550   0x00000012   Code   RO         2261    .text.mbed_init     BUILD/DISCO_L475VG_IOT01A/ARMC6/mbed-os/platform/source/mbed_sdk_boot.o
    0x08004562   0x000002a6   Code   RO         2441    .text.mbed_minimal_formatted_string  BUILD/DISCO_L475VG_IOT01A/ARMC6/mbed-os/platform/source/minimal-printf/mbed_printf_implementation.o
    0x08004808   0x0000012c   Code   RO         2445    .text.mbed_minimal_formatted_string_integer  BUILD/DISCO_L475VG_IOT01A/ARMC6/mbed-os/platform/source/minimal-printf/mbed_printf_implementation.o
    0x08004934   0x0000003c   Code   RO         2447    .text.mbed_minimal_putchar  BUILD/DISCO_L475VG_IOT01A/ARMC6/mbed-os/platform/source/minimal-printf/mbed_printf_implementation.o
    0x08004970   0x0000003c   Code   RO         8317    .text.mbed_sdk_init  BUILD/DISCO_L475VG_IOT01A/ARMC6/mbed-os/targets/TARGET_STM/mbed_overrides.o
    0x080049ac   0x0000001e   Code   RO          487    .text.mbed_tiny_compute_crc32  BUILD/DISCO_L475VG_IOT01A/ARMC6/mbed-os/drivers/source/MbedCRC.o
    0x080049ca   0x00000024   Code   RO         2443    .text.parse_string_to_integer  BUILD/DISCO_L475VG_IOT01A/ARMC6/mbed-os/platform/source/minimal-printf/mbed_printf_implementation.o
    0x080049ee   0x00000002   PAD
    0x080049f0   0x000000f4   Code   RO         8323    .text.pin_function  BUILD/DISCO_L475VG_IOT01A/ARMC6/mbed-os/targets/TARGET_STM/pinmap.o
    0x08004ae4   0x00000078   Code   RO         8327    .text.pin_mode      BUILD/DISCO_L475VG_IOT01A/ARMC6/mbed-os/targets/TARGET_STM/pinmap.o
    0x08004b5c   0x00000022   Code   RO         1183    .text.pinmap_find_function  BUILD/DISCO_L475VG_IOT01A/ARMC6/mbed-os/hal/source/mbed_pinmap_common.o
    0x08004b7e   0x00000022   Code   RO         1179    .text.pinmap_find_peripheral  BUILD/DISCO_L475VG_IOT01A/ARMC6/mbed-os/hal/source/mbed_pinmap_common.o
    0x08004ba0   0x00000024   Code   RO         1177    .text.pinmap_merge  BUILD/DISCO_L475VG_IOT01A/ARMC6/mbed-os/hal/source/mbed_pinmap_common.o
    0x08004bc4   0x00000028   Code   RO         1181    .text.pinmap_peripheral  BUILD/DISCO_L475VG_IOT01A/ARMC6/mbed-os/hal/source/mbed_pinmap_common.o
    0x08004bec   0x0000015c   Code   RO         1775    .text.print_context_info  BUILD/DISCO_L475VG_IOT01A/ARMC6/mbed-os/platform/source/TARGET_CORTEX_M/mbed_fault_handler.o
    0x08004d48   0x0000002c   Code   RO         2113    .text.read          BUILD/DISCO_L475VG_IOT01A/ARMC6/mbed-os/platform/source/mbed_retarget.o
    0x08004d74   0x00000014   Code   RO         8593    .text.restore_timer_ctx  BUILD/DISCO_L475VG_IOT01A/ARMC6/mbed-os/targets/TARGET_STM/us_ticker.o
    0x08004d88   0x0000001c   Code   RO         8591    .text.save_timer_ctx  BUILD/DISCO_L475VG_IOT01A/ARMC6/mbed-os/targets/TARGET_STM/us_ticker.o
    0x08004da4   0x000000ca   Code   RO         1228    .text.schedule_interrupt  BUILD/DISCO_L475VG_IOT01A/ARMC6/mbed-os/hal/source/mbed_ticker_api.o
    0x08004e6e   0x00000002   PAD
    0x08004e70   0x0000007c   Code   RO         8450    .text.serial_baud   BUILD/DISCO_L475VG_IOT01A/ARMC6/mbed-os/targets/TARGET_STM/serial_api.o
    0x08004eec   0x00000118   Code   RO         8448    .text.serial_free   BUILD/DISCO_L475VG_IOT01A/ARMC6/mbed-os/targets/TARGET_STM/serial_api.o
    0x08005004   0x00000068   Code   RO         7900    .text.serial_getc   BUILD/DISCO_L475VG_IOT01A/ARMC6/mbed-os/targets/TARGET_STM/TARGET_STM32L4/serial_device.o
    0x0800506c   0x000000c8   Code   RO         8446    .text.serial_init   BUILD/DISCO_L475VG_IOT01A/ARMC6/mbed-os/targets/TARGET_STM/serial_api.o
    0x08005134   0x0000011c   Code   RO         8440    .text.serial_init_direct  BUILD/DISCO_L475VG_IOT01A/ARMC6/mbed-os/targets/TARGET_STM/serial_api.o
    0x08005250   0x00000014   Code   RO         7884    .text.serial_irq_handler  BUILD/DISCO_L475VG_IOT01A/ARMC6/mbed-os/targets/TARGET_STM/TARGET_STM32L4/serial_device.o
    0x08005264   0x000000f0   Code   RO         7886    .text.serial_irq_set  BUILD/DISCO_L475VG_IOT01A/ARMC6/mbed-os/targets/TARGET_STM/TARGET_STM32L4/serial_device.o
    0x08005354   0x00000084   Code   RO         8470    .text.serial_is_tx_ongoing  BUILD/DISCO_L475VG_IOT01A/ARMC6/mbed-os/targets/TARGET_STM/serial_api.o
    0x080053d8   0x00000024   Code   RO         7902    .text.serial_putc   BUILD/DISCO_L475VG_IOT01A/ARMC6/mbed-os/targets/TARGET_STM/TARGET_STM32L4/serial_device.o
    0x080053fc   0x00000020   Code   RO         8462    .text.serial_readable  BUILD/DISCO_L475VG_IOT01A/ARMC6/mbed-os/targets/TARGET_STM/serial_api.o
    0x0800541c   0x00000018   Code   RO         8464    .text.serial_writable  BUILD/DISCO_L475VG_IOT01A/ARMC6/mbed-os/targets/TARGET_STM/serial_api.o
    0x08005434   0x00000024   Code   RO         2062    .text.sleep_manager_lock_deep_sleep_internal  BUILD/DISCO_L475VG_IOT01A/ARMC6/mbed-os/platform/source/mbed_power_mgmt.o
    0x08005458   0x00000020   Code   RO         2070    .text.sleep_manager_sleep_auto  BUILD/DISCO_L475VG_IOT01A/ARMC6/mbed-os/platform/source/mbed_power_mgmt.o
    0x08005478   0x00000030   Code   RO         2064    .text.sleep_manager_unlock_deep_sleep_internal  BUILD/DISCO_L475VG_IOT01A/ARMC6/mbed-os/platform/source/mbed_power_mgmt.o
    0x080054a8   0x0000003a   Code   RO         8325    .text.stm_pin_PullConfig  BUILD/DISCO_L475VG_IOT01A/ARMC6/mbed-os/targets/TARGET_STM/pinmap.o
    0x080054e2   0x00000004   Code   RO         1944    .text.system_reset  BUILD/DISCO_L475VG_IOT01A/ARMC6/mbed-os/platform/source/mbed_error.o
    0x080054e6   0x00000008   Code   RO         2290    .text.thread_sleep_for  BUILD/DISCO_L475VG_IOT01A/ARMC6/mbed-os/platform/source/mbed_thread.o
    0x080054ee   0x00000024   Code   RO         1234    .text.ticker_insert_event_us  BUILD/DISCO_L475VG_IOT01A/ARMC6/mbed-os/hal/source/mbed_ticker_api.o
    0x08005512   0x0000005e   Code   RO         1224    .text.ticker_irq_handler  BUILD/DISCO_L475VG_IOT01A/ARMC6/mbed-os/hal/source/mbed_ticker_api.o
    0x08005570   0x00000020   Code   RO         1240    .text.ticker_read_us  BUILD/DISCO_L475VG_IOT01A/ARMC6/mbed-os/hal/source/mbed_ticker_api.o
    0x08005590   0x00000030   Code   RO         1236    .text.ticker_remove_event  BUILD/DISCO_L475VG_IOT01A/ARMC6/mbed-os/hal/source/mbed_ticker_api.o
    0x080055c0   0x0000001a   Code   RO         1220    .text.ticker_set_handler  BUILD/DISCO_L475VG_IOT01A/ARMC6/mbed-os/hal/source/mbed_ticker_api.o
    0x080055da   0x00000002   PAD
    0x080055dc   0x00000024   Code   RO         8575    .text.timer_irq_handler  BUILD/DISCO_L475VG_IOT01A/ARMC6/mbed-os/targets/TARGET_STM/us_ticker.o
    0x08005600   0x0000000c   Code   RO         7888    .text.uart1_irq     BUILD/DISCO_L475VG_IOT01A/ARMC6/mbed-os/targets/TARGET_STM/TARGET_STM32L4/serial_device.o
    0x0800560c   0x0000000c   Code   RO         7890    .text.uart2_irq     BUILD/DISCO_L475VG_IOT01A/ARMC6/mbed-os/targets/TARGET_STM/TARGET_STM32L4/serial_device.o
    0x08005618   0x0000000c   Code   RO         7892    .text.uart3_irq     BUILD/DISCO_L475VG_IOT01A/ARMC6/mbed-os/targets/TARGET_STM/TARGET_STM32L4/serial_device.o
    0x08005624   0x0000000c   Code   RO         7894    .text.uart4_irq     BUILD/DISCO_L475VG_IOT01A/ARMC6/mbed-os/targets/TARGET_STM/TARGET_STM32L4/serial_device.o
    0x08005630   0x0000000c   Code   RO         7896    .text.uart5_irq     BUILD/DISCO_L475VG_IOT01A/ARMC6/mbed-os/targets/TARGET_STM/TARGET_STM32L4/serial_device.o
    0x0800563c   0x00000074   Code   RO         7930    .text.uart_irq      BUILD/DISCO_L475VG_IOT01A/ARMC6/mbed-os/targets/TARGET_STM/TARGET_STM32L4/serial_device.o
    0x080056b0   0x0000007c   Code   RO         1226    .text.update_present_time  BUILD/DISCO_L475VG_IOT01A/ARMC6/mbed-os/hal/source/mbed_ticker_api.o
    0x0800572c   0x0000000c   Code   RO         8589    .text.us_ticker_clear_interrupt  BUILD/DISCO_L475VG_IOT01A/ARMC6/mbed-os/targets/TARGET_STM/us_ticker.o
    0x08005738   0x00000010   Code   RO         8587    .text.us_ticker_disable_interrupt  BUILD/DISCO_L475VG_IOT01A/ARMC6/mbed-os/targets/TARGET_STM/us_ticker.o
    0x08005748   0x0000001c   Code   RO         8585    .text.us_ticker_fire_interrupt  BUILD/DISCO_L475VG_IOT01A/ARMC6/mbed-os/targets/TARGET_STM/us_ticker.o
    0x08005764   0x00000008   Code   RO         8573    .text.us_ticker_get_info  BUILD/DISCO_L475VG_IOT01A/ARMC6/mbed-os/targets/TARGET_STM/us_ticker.o
    0x0800576c   0x00000014   Code   RO         8579    .text.us_ticker_init  BUILD/DISCO_L475VG_IOT01A/ARMC6/mbed-os/targets/TARGET_STM/us_ticker.o
    0x08005780   0x00000014   Code   RO         1264    .text.us_ticker_irq_handler  BUILD/DISCO_L475VG_IOT01A/ARMC6/mbed-os/hal/source/mbed_us_ticker_api.o
    0x08005794   0x0000000c   Code   RO         8581    .text.us_ticker_read  BUILD/DISCO_L475VG_IOT01A/ARMC6/mbed-os/targets/TARGET_STM/us_ticker.o
    0x080057a0   0x0000001c   Code   RO         8583    .text.us_ticker_set_interrupt  BUILD/DISCO_L475VG_IOT01A/ARMC6/mbed-os/targets/TARGET_STM/us_ticker.o
    0x080057bc   0x00000036   Code   RO         2101    .text.write         BUILD/DISCO_L475VG_IOT01A/ARMC6/mbed-os/platform/source/mbed_retarget.o
    0x080057f2   0x00000002   PAD
    0x080057f4   0x00000008   Code   RO         8748    i.__aeabi_errno_addr  c:\Users\oleel\AppData\Local\Mbed Studio\mbed-studio-tools\ac6\bin\..\lib\armlib\mc_w.l(errno.o)
    0x080057fc   0x00000050   Code   RO         8733    i.__free$memalign$2region  c:\Users\oleel\AppData\Local\Mbed Studio\mbed-studio-tools\ac6\bin\..\lib\armlib\mc_w.l(malloca2.o)
    0x0800584c   0x0000000e   Code   RO         8908    i.__scatterload_copy  c:\Users\oleel\AppData\Local\Mbed Studio\mbed-studio-tools\ac6\bin\..\lib\armlib\mc_w.l(handlers.o)
    0x0800585a   0x00000002   Code   RO         8909    i.__scatterload_null  c:\Users\oleel\AppData\Local\Mbed Studio\mbed-studio-tools\ac6\bin\..\lib\armlib\mc_w.l(handlers.o)
    0x0800585c   0x0000000e   Code   RO         8910    i.__scatterload_zeroinit  c:\Users\oleel\AppData\Local\Mbed Studio\mbed-studio-tools\ac6\bin\..\lib\armlib\mc_w.l(handlers.o)
    0x0800586a   0x00000018   Code   RO         8673    i._fflush$full      c:\Users\oleel\AppData\Local\Mbed Studio\mbed-studio-tools\ac6\bin\..\lib\armlib\mc_w.l(fflush_f.o)
    0x08005882   0x00000040   Data   RO         8904    .constdata          c:\Users\oleel\AppData\Local\Mbed Studio\mbed-studio-tools\ac6\bin\..\lib\armlib\mc_w.l(ctype_c.o)
    0x080058c2   0x00000002   PAD
    0x080058c4   0x00000000   Data   RO         2271    .rodata             BUILD/DISCO_L475VG_IOT01A/ARMC6/mbed-os/platform/source/mbed_sdk_boot.o
    0x080058c4   0x00000010   Data   RO         7794    .rodata.AHBPrescTable  BUILD/DISCO_L475VG_IOT01A/ARMC6/mbed-os/targets/TARGET_STM/TARGET_STM32L4/STM32Cube_FW/system_stm32l4xx.o
    0x080058d4   0x00000008   Data   RO         7795    .rodata.APBPrescTable  BUILD/DISCO_L475VG_IOT01A/ARMC6/mbed-os/targets/TARGET_STM/TARGET_STM32L4/STM32Cube_FW/system_stm32l4xx.o
    0x080058dc   0x00000030   Data   RO         7796    .rodata.MSIRangeTable  BUILD/DISCO_L475VG_IOT01A/ARMC6/mbed-os/targets/TARGET_STM/TARGET_STM32L4/STM32Cube_FW/system_stm32l4xx.o
    0x0800590c   0x000000a8   Data   RO         7807    .rodata.PinMap_UART_RX  BUILD/DISCO_L475VG_IOT01A/ARMC6/mbed-os/targets/TARGET_STM/TARGET_STM32L4/TARGET_STM32L475xG/TARGET_DISCO_L475VG_IOT01A/PeripheralPins.o
    0x080059b4   0x000000a8   Data   RO         7806    .rodata.PinMap_UART_TX  BUILD/DISCO_L475VG_IOT01A/ARMC6/mbed-os/targets/TARGET_STM/TARGET_STM32L4/TARGET_STM32L475xG/TARGET_DISCO_L475VG_IOT01A/PeripheralPins.o
    0x08005a5c   0x00000018   Data   RO          840    .rodata._ZTVN4mbed10SerialBaseE  BUILD/DISCO_L475VG_IOT01A/ARMC6/mbed-os/drivers/source/SerialBase.o
    0x08005a74   0x0000000c   Data   RO          966    .rodata._ZTVN4mbed10TimerEventE  BUILD/DISCO_L475VG_IOT01A/ARMC6/mbed-os/drivers/source/TimerEvent.o
    0x08005a80   0x00000098   Data   RO          146    .rodata._ZTVN4mbed14BufferedSerialE  BUILD/DISCO_L475VG_IOT01A/ARMC6/mbed-os/drivers/source/BufferedSerial.o
    0x08005b18   0x0000000c   Data   RO         1767    .rodata._ZTVN4mbed8internal8SysTimerINSt3__25ratioILx1ELx1000EEELb1EEE  BUILD/DISCO_L475VG_IOT01A/ARMC6/mbed-os/platform/source/SysTimer.o
    0x08005b24   0x00000018   Data   RO         2213    .rodata._ZZL14do_serial_initvE14console_pinmap  BUILD/DISCO_L475VG_IOT01A/ARMC6/mbed-os/platform/source/mbed_retarget.o
    0x08005b3c   0x00000010   Data   RO         7076    .rodata.cst16       BUILD/DISCO_L475VG_IOT01A/ARMC6/mbed-os/targets/TARGET_STM/TARGET_STM32L4/STM32Cube_FW/STM32L4xx_HAL_Driver/stm32l4xx_hal_uart.o
    0x08005b4c   0x00000040   Data   RO         8329    .rodata.ll_pin_defines  BUILD/DISCO_L475VG_IOT01A/ARMC6/mbed-os/targets/TARGET_STM/pinmap.o
    0x08005b8c   0x00000008   Data   RO         1168    .rodata.lp_data     BUILD/DISCO_L475VG_IOT01A/ARMC6/mbed-os/hal/source/mbed_lp_ticker_api.o
    0x08005b94   0x00000024   Data   RO         1170    .rodata.lp_interface  BUILD/DISCO_L475VG_IOT01A/ARMC6/mbed-os/hal/source/mbed_lp_ticker_api.o
    0x08005bb8   0x00000008   Data   RO         8302    .rodata.lp_ticker_get_info.info  BUILD/DISCO_L475VG_IOT01A/ARMC6/mbed-os/targets/TARGET_STM/lp_ticker.o
    0x08005bc0   0x00000003   Data   RO           11    .rodata.str1.1      BUILD/DISCO_L475VG_IOT01A/ARMC6/main.o
    0x08005bc3   0x000000c8   Data   RO         1779    .rodata.str1.1      BUILD/DISCO_L475VG_IOT01A/ARMC6/mbed-os/platform/source/TARGET_CORTEX_M/mbed_fault_handler.o
    0x08005c8b   0x00000001   PAD
    0x08005c8c   0x00000008   Data   RO         1268    .rodata.us_data     BUILD/DISCO_L475VG_IOT01A/ARMC6/mbed-os/hal/source/mbed_us_ticker_api.o
    0x08005c94   0x00000024   Data   RO         1270    .rodata.us_interface  BUILD/DISCO_L475VG_IOT01A/ARMC6/mbed-os/hal/source/mbed_us_ticker_api.o
    0x08005cb8   0x00000008   Data   RO         8597    .rodata.us_ticker_get_info.info  BUILD/DISCO_L475VG_IOT01A/ARMC6/mbed-os/targets/TARGET_STM/us_ticker.o
    0x08005cc0   0x00000020   Data   RO         8907    Region$$Table       anon$$obj.o
    0x08005ce0   0x00000004   Data   RO           12    .init_array         BUILD/DISCO_L475VG_IOT01A/ARMC6/main.o
    0x08005ce4   0x00000000   Data   RO         8764    .init_array         c:\Users\oleel\AppData\Local\Mbed Studio\mbed-studio-tools\ac6\bin\..\lib\armlib\mc_w.l(cpp_init.o)


    Execution Region RW_m_crash_data (Base: 0x10000188, Size: 0x00000100, Max: 0x00000100, ABSOLUTE)

    Base Addr    Size         Type   Attr      Idx    E Section Name        Object

    0x10000188   0x00000100   Zero   RW            1    RW_m_crash_data.bss  anon$$obj.o


    Execution Region RW_IRAM2 (Base: 0x10000288, Size: 0x0000096c, Max: 0x00007d78, ABSOLUTE)

    Base Addr    Size         Type   Attr      Idx    E Section Name        Object

    0x10000288   0x00000004   Data   RW         8751    .data               c:\Users\oleel\AppData\Local\Mbed Studio\mbed-studio-tools\ac6\bin\..\lib\armlib\mc_w.l(errno.o)
    0x1000028c   0x00000004   Data   RW         8824    .data               c:\Users\oleel\AppData\Local\Mbed Studio\mbed-studio-tools\ac6\bin\..\lib\armlib\mc_w.l(mvars.o)
    0x10000290   0x00000008   Data   RW         3195    .data..L_MergedGlobals  BUILD/DISCO_L475VG_IOT01A/ARMC6/mbed-os/targets/TARGET_STM/TARGET_STM32L4/STM32Cube_FW/STM32L4xx_HAL_Driver/stm32l4xx_hal.o
    0x10000298   0x00000004   Data   RW         7793    .data.SystemCoreClock  BUILD/DISCO_L475VG_IOT01A/ARMC6/mbed-os/targets/TARGET_STM/TARGET_STM32L4/STM32Cube_FW/system_stm32l4xx.o
    0x1000029c   0x00000004   Data   RW         1169    .data.irq_handler   BUILD/DISCO_L475VG_IOT01A/ARMC6/mbed-os/hal/source/mbed_lp_ticker_api.o
    0x100002a0   0x00000004   Data   RW         1269    .data.irq_handler   BUILD/DISCO_L475VG_IOT01A/ARMC6/mbed-os/hal/source/mbed_us_ticker_api.o
    0x100002a4   0x00000014   Zero   RW         8691    .bss                c:\Users\oleel\AppData\Local\Mbed Studio\mbed-studio-tools\ac6\bin\..\lib\armlib\mc_w.l(stdout_f.o)
    0x100002b8   0x00000014   Zero   RW         8692    .bss                c:\Users\oleel\AppData\Local\Mbed Studio\mbed-studio-tools\ac6\bin\..\lib\armlib\mc_w.l(stderr_f.o)
    0x100002cc   0x00000014   Zero   RW         8817    .bss                c:\Users\oleel\AppData\Local\Mbed Studio\mbed-studio-tools\ac6\bin\..\lib\armlib\mc_w.l(stdin_f.o)
    0x100002e0   0x00000002   Zero   RW         1129    .bss..L_MergedGlobals  BUILD/DISCO_L475VG_IOT01A/ARMC6/mbed-os/hal/source/mbed_critical_section_api.o
    0x100002e2   0x00000002   PAD
    0x100002e4   0x00000024   Zero   RW         1408    .bss..L_MergedGlobals  BUILD/DISCO_L475VG_IOT01A/ARMC6/mbed-os/platform/source/CThunkBase.o
    0x10000308   0x0000004c   Zero   RW         1969    .bss..L_MergedGlobals  BUILD/DISCO_L475VG_IOT01A/ARMC6/mbed-os/platform/source/mbed_error.o
    0x10000354   0x00000004   PAD
    0x10000358   0x00000050   Zero   RW         2031    .bss..L_MergedGlobals  BUILD/DISCO_L475VG_IOT01A/ARMC6/mbed-os/platform/source/mbed_os_timer.o
    0x100003a8   0x00000008   Zero   RW         2272    .bss..L_MergedGlobals  BUILD/DISCO_L475VG_IOT01A/ARMC6/mbed-os/platform/source/mbed_sdk_boot.o
    0x100003b0   0x0000001c   Zero   RW         7941    .bss..L_MergedGlobals  BUILD/DISCO_L475VG_IOT01A/ARMC6/mbed-os/targets/TARGET_STM/TARGET_STM32L4/serial_device.o
    0x100003cc   0x00000008   Zero   RW         8114    .bss..L_MergedGlobals  BUILD/DISCO_L475VG_IOT01A/ARMC6/mbed-os/targets/TARGET_STM/can_api.o
    0x100003d4   0x0000000c   Zero   RW         8173    .bss..L_MergedGlobals  BUILD/DISCO_L475VG_IOT01A/ARMC6/mbed-os/targets/TARGET_STM/hal_tick_overrides.o
    0x100003e0   0x00000048   Zero   RW         8303    .bss..L_MergedGlobals  BUILD/DISCO_L475VG_IOT01A/ARMC6/mbed-os/targets/TARGET_STM/lp_ticker.o
    0x10000428   0x00000050   Zero   RW         8474    .bss..L_MergedGlobals  BUILD/DISCO_L475VG_IOT01A/ARMC6/mbed-os/targets/TARGET_STM/serial_api.o
    0x10000478   0x00000058   Zero   RW         8598    .bss..L_MergedGlobals  BUILD/DISCO_L475VG_IOT01A/ARMC6/mbed-os/targets/TARGET_STM/us_ticker.o
    0x100004d0   0x0000031c   Zero   RW           10    .bss._ZL11serial_port  BUILD/DISCO_L475VG_IOT01A/ARMC6/main.o
    0x100007ec   0x00000003   Zero   RW         2208    .bss._ZL13stdio_in_prev  BUILD/DISCO_L475VG_IOT01A/ARMC6/mbed-os/platform/source/mbed_retarget.o
    0x100007ef   0x00000003   Zero   RW         2207    .bss._ZL14stdio_out_prev  BUILD/DISCO_L475VG_IOT01A/ARMC6/mbed-os/platform/source/mbed_retarget.o
    0x100007f2   0x00000002   PAD
    0x100007f4   0x00000004   Zero   RW         2212    .bss._ZZL19do_serial_init_oncevE4once  BUILD/DISCO_L475VG_IOT01A/ARMC6/mbed-os/platform/source/mbed_retarget.o
    0x100007f8   0x00000004   Zero   RW         1917    .bss.critical_section_reentrancy_counter  BUILD/DISCO_L475VG_IOT01A/ARMC6/mbed-os/platform/source/mbed_critical.o
    0x100007fc   0x00000002   Zero   RW         2074    .bss.deep_sleep_lock  BUILD/DISCO_L475VG_IOT01A/ARMC6/mbed-os/platform/source/mbed_power_mgmt.o
    0x100007fe   0x00000002   PAD
    0x10000800   0x00000038   Zero   RW         1171    .bss.events         BUILD/DISCO_L475VG_IOT01A/ARMC6/mbed-os/hal/source/mbed_lp_ticker_api.o
    0x10000838   0x00000038   Zero   RW         1271    .bss.events         BUILD/DISCO_L475VG_IOT01A/ARMC6/mbed-os/hal/source/mbed_us_ticker_api.o
    0x10000870   0x00000001   Zero   RW         1968    .bss.halt_in_progress  BUILD/DISCO_L475VG_IOT01A/ARMC6/mbed-os/platform/source/mbed_error.o
    0x10000871   0x00000001   Zero   RW         1966    .bss.is_reboot_error_valid  BUILD/DISCO_L475VG_IOT01A/ARMC6/mbed-os/platform/source/mbed_error.o
    0x10000872   0x00000002   PAD
    0x10000874   0x00000040   Zero   RW         1967    .bss.last_error_ctx  BUILD/DISCO_L475VG_IOT01A/ARMC6/mbed-os/platform/source/mbed_error.o
    0x100008b4   0x0000001c   Zero   RW            9    .bss.led2           BUILD/DISCO_L475VG_IOT01A/ARMC6/main.o
    0x100008d0   0x00000004   Zero   RW         2204    .bss.mbed_heap_size  BUILD/DISCO_L475VG_IOT01A/ARMC6/mbed-os/platform/source/mbed_retarget.o
    0x100008d4   0x00000004   Zero   RW         2203    .bss.mbed_heap_start  BUILD/DISCO_L475VG_IOT01A/ARMC6/mbed-os/platform/source/mbed_retarget.o
    0x100008d8   0x00000004   Zero   RW         8319    .bss.mbed_sdk_inited  BUILD/DISCO_L475VG_IOT01A/ARMC6/mbed-os/targets/TARGET_STM/mbed_overrides.o
    0x100008dc   0x00000318   Zero   RW         7940    .bss.uart_handlers  BUILD/DISCO_L475VG_IOT01A/ARMC6/mbed-os/targets/TARGET_STM/TARGET_STM32L4/serial_device.o


    Execution Region RW_IRAM1 (Base: 0x20000000, Size: 0x00000000, Max: 0x00006000, ABSOLUTE)

    **** No section assigned to this execution region ****


    Execution Region ARM_LIB_HEAP (Base: 0x20000000, Size: 0x00017000, Max: 0x00017000, ABSOLUTE)

    Base Addr    Size         Type   Attr      Idx    E Section Name        Object

    0x20000000   0x00017000   Zero   RW            2    ARM_LIB_HEAP.bss    anon$$obj.o


    Execution Region ARM_LIB_STACK (Base: 0x20017000, Size: 0x00001000, Max: 0x00001000, ABSOLUTE)

    Base Addr    Size         Type   Attr      Idx    E Section Name        Object

    0x20017000   0x00001000   Zero   RW            3    ARM_LIB_STACK.bss   anon$$obj.o


==============================================================================

Image component sizes


      Code (inc. data)   RO Data    RW Data    ZI Data      Debug   

     20244       1684       1448         20     100884      26952   Object Totals
         0          0         32          0      98560          0   (incl. Generated)
        52          0          1          0         12          0   (incl. Padding)
      2022        112         66          8         60       1880   Library Totals
         0          0          2          0          0          0   (incl. Padding)

==============================================================================


      Code (inc. data)   RO Data    RW Data    ZI Data      Debug   

     22266       1796       1514         28     100944      26940   Grand Totals
     22266       1796       1514         28     100944      26940   ELF Image Totals
     22266       1796       1514         28          0          0   ROM Totals

==============================================================================

    Total RO  Size (Code + RO Data)                23780 (  23.22kB)
    Total RW  Size (RW Data + ZI Data)            100972 (  98.61kB)
    Total ROM Size (Code + RO Data + RW Data)      23808 (  23.25kB)

==============================================================================

