Component: ARM Compiler 6.16 Tool: armlink [5dfeaa00]

==============================================================================

Memory Map of the image

  Image Entry point : 0x08000189

  Load Region LR_IROM1 (Base: 0x08000000, Size: 0x00003c74, Max: 0x00100000, ABSOLUTE)

    Execution Region ER_IROM1 (Base: 0x08000000, Size: 0x00003c60, Max: 0x00100000, ABSOLUTE)

    Base Addr    Size         Type   Attr      Idx    E Section Name        Object

    0x08000000   0x00000188   Data   RO         7822    RESET               BUILD/DISCO_L475VG_IOT01A/ARMC6/mbed-os/targets/TARGET_STM/TARGET_STM32L4/TARGET_STM32L475xG/TOOLCHAIN_ARM/startup_stm32l475xx.o
    0x08000188   0x00000000   Code   RO         8663  * .ARM.Collect$$$$00000000  c:\Users\oleel\AppData\Local\Mbed Studio\mbed-studio-tools\ac6\bin\..\lib\armlib\mc_w.l(entry.o)
    0x08000188   0x00000004   Code   RO         8798    .ARM.Collect$$$$00000003  c:\Users\oleel\AppData\Local\Mbed Studio\mbed-studio-tools\ac6\bin\..\lib\armlib\mc_w.l(entry4.o)
    0x0800018c   0x00000004   Code   RO         8801    .ARM.Collect$$$$00000004  c:\Users\oleel\AppData\Local\Mbed Studio\mbed-studio-tools\ac6\bin\..\lib\armlib\mc_w.l(entry5.o)
    0x08000190   0x00000004   Code   RO         8665    .ARM.Collect$$$$00000006  c:\Users\oleel\AppData\Local\Mbed Studio\mbed-studio-tools\ac6\bin\..\lib\armlib\mc_w.l(entry6b.o)
    0x08000194   0x00000000   Code   RO         8803    .ARM.Collect$$$$00000008  c:\Users\oleel\AppData\Local\Mbed Studio\mbed-studio-tools\ac6\bin\..\lib\armlib\mc_w.l(entry7b.o)
    0x08000194   0x00000004   Code   RO         8804    .ARM.Collect$$$$00000009  c:\Users\oleel\AppData\Local\Mbed Studio\mbed-studio-tools\ac6\bin\..\lib\armlib\mc_w.l(entry8a.o)
    0x08000198   0x00000000   Code   RO         8805    .ARM.Collect$$$$0000000A  c:\Users\oleel\AppData\Local\Mbed Studio\mbed-studio-tools\ac6\bin\..\lib\armlib\mc_w.l(entry8b.o)
    0x08000198   0x00000008   Code   RO         8806    .ARM.Collect$$$$0000000B  c:\Users\oleel\AppData\Local\Mbed Studio\mbed-studio-tools\ac6\bin\..\lib\armlib\mc_w.l(entry9a.o)
    0x080001a0   0x00000000   Code   RO         8808    .ARM.Collect$$$$0000000D  c:\Users\oleel\AppData\Local\Mbed Studio\mbed-studio-tools\ac6\bin\..\lib\armlib\mc_w.l(entry10a.o)
    0x080001a0   0x00000000   Code   RO         8810    .ARM.Collect$$$$0000000F  c:\Users\oleel\AppData\Local\Mbed Studio\mbed-studio-tools\ac6\bin\..\lib\armlib\mc_w.l(entry11a.o)
    0x080001a0   0x00000004   Code   RO         8799    .ARM.Collect$$$$00002714  c:\Users\oleel\AppData\Local\Mbed Studio\mbed-studio-tools\ac6\bin\..\lib\armlib\mc_w.l(entry4.o)
    0x080001a4   0x0000005c   Code   RO         1769    .text               BUILD/DISCO_L475VG_IOT01A/ARMC6/mbed-os/platform/source/TARGET_CORTEX_M/TOOLCHAIN_ARM/except.o
    0x08000200   0x00000024   Code   RO         7823    .text               BUILD/DISCO_L475VG_IOT01A/ARMC6/mbed-os/targets/TARGET_STM/TARGET_STM32L4/TARGET_STM32L475xG/TOOLCHAIN_ARM/startup_stm32l475xx.o
    0x08000224   0x00000028   Code   RO         8682    .text               c:\Users\oleel\AppData\Local\Mbed Studio\mbed-studio-tools\ac6\bin\..\lib\armlib\mc_w.l(fputc_fp.o)
    0x0800024c   0x00000062   Code   RO         8692    .text               c:\Users\oleel\AppData\Local\Mbed Studio\mbed-studio-tools\ac6\bin\..\lib\armlib\mc_w.l(uldiv.o)
    0x080002ae   0x0000001e   Code   RO         8696    .text               c:\Users\oleel\AppData\Local\Mbed Studio\mbed-studio-tools\ac6\bin\..\lib\armlib\mc_w.l(llshl.o)
    0x080002cc   0x00000020   Code   RO         8698    .text               c:\Users\oleel\AppData\Local\Mbed Studio\mbed-studio-tools\ac6\bin\..\lib\armlib\mc_w.l(llushr.o)
    0x080002ec   0x00000024   Code   RO         8700    .text               c:\Users\oleel\AppData\Local\Mbed Studio\mbed-studio-tools\ac6\bin\..\lib\armlib\mc_w.l(memcpya.o)
    0x08000310   0x00000024   Code   RO         8702    .text               c:\Users\oleel\AppData\Local\Mbed Studio\mbed-studio-tools\ac6\bin\..\lib\armlib\mc_w.l(memseta.o)
    0x08000334   0x0000001c   Code   RO         8710    .text               c:\Users\oleel\AppData\Local\Mbed Studio\mbed-studio-tools\ac6\bin\..\lib\armlib\mc_w.l(strcmp.o)
    0x08000350   0x00000020   Code   RO         8756    .text               c:\Users\oleel\AppData\Local\Mbed Studio\mbed-studio-tools\ac6\bin\..\lib\armlib\mc_w.l(__0scanf.o)
    0x08000370   0x0000014c   Code   RO         8760    .text               c:\Users\oleel\AppData\Local\Mbed Studio\mbed-studio-tools\ac6\bin\..\lib\armlib\mc_w.l(_scanf_int.o)
    0x080004bc   0x00000020   Code   RO         8765    .text               c:\Users\oleel\AppData\Local\Mbed Studio\mbed-studio-tools\ac6\bin\..\lib\armlib\mc_w.l(cpp_init.o)
    0x080004dc   0x00000030   Code   RO         8813    .text               c:\Users\oleel\AppData\Local\Mbed Studio\mbed-studio-tools\ac6\bin\..\lib\armlib\mc_w.l(initio_ioe.o)
    0x0800050c   0x0000001c   Code   RO         8825    .text               c:\Users\oleel\AppData\Local\Mbed Studio\mbed-studio-tools\ac6\bin\..\lib\armlib\mc_w.l(_chval.o)
    0x08000528   0x00000028   Code   RO         8835    .text               c:\Users\oleel\AppData\Local\Mbed Studio\mbed-studio-tools\ac6\bin\..\lib\armlib\mc_w.l(scanf_char.o)
    0x08000550   0x00000014   Code   RO         8839    .text               c:\Users\oleel\AppData\Local\Mbed Studio\mbed-studio-tools\ac6\bin\..\lib\armlib\mc_w.l(scanf_char_file.o)
    0x08000564   0x00000024   Code   RO         8859    .text               c:\Users\oleel\AppData\Local\Mbed Studio\mbed-studio-tools\ac6\bin\..\lib\armlib\mc_w.l(init.o)
    0x08000588   0x0000004e   Code   RO         8884    .text               c:\Users\oleel\AppData\Local\Mbed Studio\mbed-studio-tools\ac6\bin\..\lib\armlib\mc_w.l(fgetc_bpf.o)
    0x080005d6   0x0000000a   Code   RO         8890    .text               c:\Users\oleel\AppData\Local\Mbed Studio\mbed-studio-tools\ac6\bin\..\lib\armlib\mc_w.l(isspace_c.o)
    0x080005e0   0x0000032c   Code   RO         8892    .text               c:\Users\oleel\AppData\Local\Mbed Studio\mbed-studio-tools\ac6\bin\..\lib\armlib\mc_w.l(_scanf.o)
    0x0800090c   0x00000028   Code   RO         8902    .text               c:\Users\oleel\AppData\Local\Mbed Studio\mbed-studio-tools\ac6\bin\..\lib\armlib\mc_w.l(ctype_c.o)
    0x08000934   0x0000002c   Code   RO         2308    .text.$Sub$$__2printf  BUILD/DISCO_L475VG_IOT01A/ARMC6/mbed-os/platform/source/minimal-printf/mbed_printf_armlink_overrides.o
    0x08000960   0x00000002   Code   RO         2262    .text.$Sub$$__cpp_initialize__aeabi_  BUILD/DISCO_L475VG_IOT01A/ARMC6/mbed-os/platform/source/mbed_sdk_boot.o
    0x08000962   0x00000004   Code   RO         2362    .text.$Sub$$_printf_i  BUILD/DISCO_L475VG_IOT01A/ARMC6/mbed-os/platform/source/minimal-printf/mbed_printf_armlink_overrides.o
    0x08000966   0x00000004   Code   RO         2366    .text.$Sub$$_printf_int_dec  BUILD/DISCO_L475VG_IOT01A/ARMC6/mbed-os/platform/source/minimal-printf/mbed_printf_armlink_overrides.o
    0x0800096a   0x00000004   Code   RO         2412    .text.$Sub$$_printf_percent  BUILD/DISCO_L475VG_IOT01A/ARMC6/mbed-os/platform/source/minimal-printf/mbed_printf_armlink_overrides.o
    0x0800096e   0x00000002   PAD
    0x08000970   0x0000004c   Code   RO         2268    .text.$Sub$$main    BUILD/DISCO_L475VG_IOT01A/ARMC6/mbed-os/platform/source/mbed_sdk_boot.o
    0x080009bc   0x0000000c   Code   RO         2464    .text.$Sub$$vsnprintf  BUILD/DISCO_L475VG_IOT01A/ARMC6/mbed-os/platform/source/minimal-printf/mbed_printf_wrapper.o
    0x080009c8   0x00000004   Code   RO         8096    .text.CAN1_RX0_IRQHandler  BUILD/DISCO_L475VG_IOT01A/ARMC6/mbed-os/targets/TARGET_STM/can_api.o
    0x080009cc   0x00000004   Code   RO         8102    .text.CAN1_SCE_IRQHandler  BUILD/DISCO_L475VG_IOT01A/ARMC6/mbed-os/targets/TARGET_STM/can_api.o
    0x080009d0   0x00000004   Code   RO         8100    .text.CAN1_TX_IRQHandler  BUILD/DISCO_L475VG_IOT01A/ARMC6/mbed-os/targets/TARGET_STM/can_api.o
    0x080009d4   0x0000006c   Code   RO         8166    .text.HAL_GetTick   BUILD/DISCO_L475VG_IOT01A/ARMC6/mbed-os/targets/TARGET_STM/hal_tick_overrides.o
    0x08000a40   0x0000001c   Code   RO         3117    .text.HAL_Init      BUILD/DISCO_L475VG_IOT01A/ARMC6/mbed-os/targets/TARGET_STM/TARGET_STM32L4/STM32Cube_FW/STM32L4xx_HAL_Driver/stm32l4xx_hal.o
    0x08000a5c   0x0000000a   Code   RO         8164    .text.HAL_InitTick  BUILD/DISCO_L475VG_IOT01A/ARMC6/mbed-os/targets/TARGET_STM/hal_tick_overrides.o
    0x08000a66   0x00000002   PAD
    0x08000a68   0x00000020   Code   RO         3407    .text.HAL_NVIC_SetPriorityGrouping  BUILD/DISCO_L475VG_IOT01A/ARMC6/mbed-os/targets/TARGET_STM/TARGET_STM32L4/STM32Cube_FW/STM32L4xx_HAL_Driver/stm32l4xx_hal_cortex.o
    0x08000a88   0x00000010   Code   RO         4958    .text.HAL_PWREx_EnableVddIO2  BUILD/DISCO_L475VG_IOT01A/ARMC6/mbed-os/targets/TARGET_STM/TARGET_STM32L4/STM32Cube_FW/STM32L4xx_HAL_Driver/stm32l4xx_hal_pwr_ex.o
    0x08000a98   0x0000000c   Code   RO         4946    .text.HAL_PWREx_GetVoltageRange  BUILD/DISCO_L475VG_IOT01A/ARMC6/mbed-os/targets/TARGET_STM/TARGET_STM32L4/STM32Cube_FW/STM32L4xx_HAL_Driver/stm32l4xx_hal_pwr_ex.o
    0x08000aa4   0x0000000c   Code   RO         4914    .text.HAL_PWR_EnableBkUpAccess  BUILD/DISCO_L475VG_IOT01A/ARMC6/mbed-os/targets/TARGET_STM/TARGET_STM32L4/STM32Cube_FW/STM32L4xx_HAL_Driver/stm32l4xx_hal_pwr.o
    0x08000ab0   0x00000010   Code   RO         5242    .text.HAL_RCCEx_EnableMSIPLLMode  BUILD/DISCO_L475VG_IOT01A/ARMC6/mbed-os/targets/TARGET_STM/TARGET_STM32L4/STM32Cube_FW/STM32L4xx_HAL_Driver/stm32l4xx_hal_rcc_ex.o
    0x08000ac0   0x00000304   Code   RO         5204    .text.HAL_RCCEx_PeriphCLKConfig  BUILD/DISCO_L475VG_IOT01A/ARMC6/mbed-os/targets/TARGET_STM/TARGET_STM32L4/STM32Cube_FW/STM32L4xx_HAL_Driver/stm32l4xx_hal_rcc_ex.o
    0x08000dc4   0x00000124   Code   RO         5170    .text.HAL_RCC_ClockConfig  BUILD/DISCO_L475VG_IOT01A/ARMC6/mbed-os/targets/TARGET_STM/TARGET_STM32L4/STM32Cube_FW/STM32L4xx_HAL_Driver/stm32l4xx_hal_rcc.o
    0x08000ee8   0x0000003c   Code   RO         5182    .text.HAL_RCC_GetClockConfig  BUILD/DISCO_L475VG_IOT01A/ARMC6/mbed-os/targets/TARGET_STM/TARGET_STM32L4/STM32Cube_FW/STM32L4xx_HAL_Driver/stm32l4xx_hal_rcc.o
    0x08000f24   0x00000014   Code   RO         5176    .text.HAL_RCC_GetPCLK1Freq  BUILD/DISCO_L475VG_IOT01A/ARMC6/mbed-os/targets/TARGET_STM/TARGET_STM32L4/STM32Cube_FW/STM32L4xx_HAL_Driver/stm32l4xx_hal_rcc.o
    0x08000f38   0x00000020   Code   RO         5178    .text.HAL_RCC_GetPCLK2Freq  BUILD/DISCO_L475VG_IOT01A/ARMC6/mbed-os/targets/TARGET_STM/TARGET_STM32L4/STM32Cube_FW/STM32L4xx_HAL_Driver/stm32l4xx_hal_rcc.o
    0x08000f58   0x000000a0   Code   RO         5168    .text.HAL_RCC_GetSysClockFreq  BUILD/DISCO_L475VG_IOT01A/ARMC6/mbed-os/targets/TARGET_STM/TARGET_STM32L4/STM32Cube_FW/STM32L4xx_HAL_Driver/stm32l4xx_hal_rcc.o
    0x08000ff8   0x000004ec   Code   RO         5164    .text.HAL_RCC_OscConfig  BUILD/DISCO_L475VG_IOT01A/ARMC6/mbed-os/targets/TARGET_STM/TARGET_STM32L4/STM32Cube_FW/STM32L4xx_HAL_Driver/stm32l4xx_hal_rcc.o
    0x080014e4   0x0000001e   Code   RO         6311    .text.HAL_TIM_OC_Init  BUILD/DISCO_L475VG_IOT01A/ARMC6/mbed-os/targets/TARGET_STM/TARGET_STM32L4/STM32Cube_FW/STM32L4xx_HAL_Driver/stm32l4xx_hal_tim.o
    0x08001502   0x00000002   PAD
    0x08001504   0x00000124   Code   RO         6319    .text.HAL_TIM_OC_Start  BUILD/DISCO_L475VG_IOT01A/ARMC6/mbed-os/targets/TARGET_STM/TARGET_STM32L4/STM32Cube_FW/STM32L4xx_HAL_Driver/stm32l4xx_hal_tim.o
    0x08001628   0x00000020   Code   RO         7084    .text.HAL_UARTEx_DisableClockStopMode  BUILD/DISCO_L475VG_IOT01A/ARMC6/mbed-os/targets/TARGET_STM/TARGET_STM32L4/STM32Cube_FW/STM32L4xx_HAL_Driver/stm32l4xx_hal_uart_ex.o
    0x08001648   0x00000020   Code   RO         7092    .text.HAL_UARTEx_DisableStopMode  BUILD/DISCO_L475VG_IOT01A/ARMC6/mbed-os/targets/TARGET_STM/TARGET_STM32L4/STM32Cube_FW/STM32L4xx_HAL_Driver/stm32l4xx_hal_uart_ex.o
    0x08001668   0x00000020   Code   RO         7090    .text.HAL_UARTEx_EnableStopMode  BUILD/DISCO_L475VG_IOT01A/ARMC6/mbed-os/targets/TARGET_STM/TARGET_STM32L4/STM32Cube_FW/STM32L4xx_HAL_Driver/stm32l4xx_hal_uart_ex.o
    0x08001688   0x00000038   Code   RO         6895    .text.HAL_UART_Init  BUILD/DISCO_L475VG_IOT01A/ARMC6/mbed-os/targets/TARGET_STM/TARGET_STM32L4/STM32Cube_FW/STM32L4xx_HAL_Driver/stm32l4xx_hal_uart.o
    0x080016c0   0x00000002   Code   RO         6897    .text.HAL_UART_MspInit  BUILD/DISCO_L475VG_IOT01A/ARMC6/mbed-os/targets/TARGET_STM/TARGET_STM32L4/STM32Cube_FW/STM32L4xx_HAL_Driver/stm32l4xx_hal_uart.o
    0x080016c2   0x00000006   Code   RO         1251    .text.OUTLINED_FUNCTION_0  BUILD/DISCO_L475VG_IOT01A/ARMC6/mbed-os/hal/source/mbed_ticker_api.o
    0x080016c8   0x00000006   Code   RO         1963    .text.OUTLINED_FUNCTION_0  BUILD/DISCO_L475VG_IOT01A/ARMC6/mbed-os/platform/source/mbed_error.o
    0x080016ce   0x00000010   Code   RO         2448    .text.OUTLINED_FUNCTION_0  BUILD/DISCO_L475VG_IOT01A/ARMC6/mbed-os/platform/source/minimal-printf/mbed_printf_implementation.o
    0x080016de   0x00000024   Code   RO         5190    .text.OUTLINED_FUNCTION_0  BUILD/DISCO_L475VG_IOT01A/ARMC6/mbed-os/targets/TARGET_STM/TARGET_STM32L4/STM32Cube_FW/STM32L4xx_HAL_Driver/stm32l4xx_hal_rcc.o
    0x08001702   0x00000010   Code   RO         5246    .text.OUTLINED_FUNCTION_0  BUILD/DISCO_L475VG_IOT01A/ARMC6/mbed-os/targets/TARGET_STM/TARGET_STM32L4/STM32Cube_FW/STM32L4xx_HAL_Driver/stm32l4xx_hal_rcc_ex.o
    0x08001712   0x00000014   Code   RO         7023    .text.OUTLINED_FUNCTION_0  BUILD/DISCO_L475VG_IOT01A/ARMC6/mbed-os/targets/TARGET_STM/TARGET_STM32L4/STM32Cube_FW/STM32L4xx_HAL_Driver/stm32l4xx_hal_uart.o
    0x08001726   0x00000006   Code   RO         8110    .text.OUTLINED_FUNCTION_0  BUILD/DISCO_L475VG_IOT01A/ARMC6/mbed-os/targets/TARGET_STM/can_api.o
    0x0800172c   0x00000012   Code   RO         2450    .text.OUTLINED_FUNCTION_1  BUILD/DISCO_L475VG_IOT01A/ARMC6/mbed-os/platform/source/minimal-printf/mbed_printf_implementation.o
    0x0800173e   0x00000014   Code   RO         5192    .text.OUTLINED_FUNCTION_1  BUILD/DISCO_L475VG_IOT01A/ARMC6/mbed-os/targets/TARGET_STM/TARGET_STM32L4/STM32Cube_FW/STM32L4xx_HAL_Driver/stm32l4xx_hal_rcc.o
    0x08001752   0x00000018   Code   RO         5248    .text.OUTLINED_FUNCTION_1  BUILD/DISCO_L475VG_IOT01A/ARMC6/mbed-os/targets/TARGET_STM/TARGET_STM32L4/STM32Cube_FW/STM32L4xx_HAL_Driver/stm32l4xx_hal_rcc_ex.o
    0x0800176a   0x00000036   Code   RO         6521    .text.OUTLINED_FUNCTION_1  BUILD/DISCO_L475VG_IOT01A/ARMC6/mbed-os/targets/TARGET_STM/TARGET_STM32L4/STM32Cube_FW/STM32L4xx_HAL_Driver/stm32l4xx_hal_tim.o
    0x080017a0   0x0000000c   Code   RO         7025    .text.OUTLINED_FUNCTION_1  BUILD/DISCO_L475VG_IOT01A/ARMC6/mbed-os/targets/TARGET_STM/TARGET_STM32L4/STM32Cube_FW/STM32L4xx_HAL_Driver/stm32l4xx_hal_uart.o
    0x080017ac   0x0000000e   Code   RO         5266    .text.OUTLINED_FUNCTION_10  BUILD/DISCO_L475VG_IOT01A/ARMC6/mbed-os/targets/TARGET_STM/TARGET_STM32L4/STM32Cube_FW/STM32L4xx_HAL_Driver/stm32l4xx_hal_rcc_ex.o
    0x080017ba   0x0000000e   Code   RO         6539    .text.OUTLINED_FUNCTION_10  BUILD/DISCO_L475VG_IOT01A/ARMC6/mbed-os/targets/TARGET_STM/TARGET_STM32L4/STM32Cube_FW/STM32L4xx_HAL_Driver/stm32l4xx_hal_tim.o
    0x080017c8   0x0000000c   Code   RO         6541    .text.OUTLINED_FUNCTION_11  BUILD/DISCO_L475VG_IOT01A/ARMC6/mbed-os/targets/TARGET_STM/TARGET_STM32L4/STM32Cube_FW/STM32L4xx_HAL_Driver/stm32l4xx_hal_tim.o
    0x080017d4   0x00000014   Code   RO         7045    .text.OUTLINED_FUNCTION_11  BUILD/DISCO_L475VG_IOT01A/ARMC6/mbed-os/targets/TARGET_STM/TARGET_STM32L4/STM32Cube_FW/STM32L4xx_HAL_Driver/stm32l4xx_hal_uart.o
    0x080017e8   0x00000008   Code   RO         6547    .text.OUTLINED_FUNCTION_14  BUILD/DISCO_L475VG_IOT01A/ARMC6/mbed-os/targets/TARGET_STM/TARGET_STM32L4/STM32Cube_FW/STM32L4xx_HAL_Driver/stm32l4xx_hal_tim.o
    0x080017f0   0x0000000c   Code   RO         7051    .text.OUTLINED_FUNCTION_14  BUILD/DISCO_L475VG_IOT01A/ARMC6/mbed-os/targets/TARGET_STM/TARGET_STM32L4/STM32Cube_FW/STM32L4xx_HAL_Driver/stm32l4xx_hal_uart.o
    0x080017fc   0x00000008   Code   RO         5194    .text.OUTLINED_FUNCTION_2  BUILD/DISCO_L475VG_IOT01A/ARMC6/mbed-os/targets/TARGET_STM/TARGET_STM32L4/STM32Cube_FW/STM32L4xx_HAL_Driver/stm32l4xx_hal_rcc.o
    0x08001804   0x00000016   Code   RO         5250    .text.OUTLINED_FUNCTION_2  BUILD/DISCO_L475VG_IOT01A/ARMC6/mbed-os/targets/TARGET_STM/TARGET_STM32L4/STM32Cube_FW/STM32L4xx_HAL_Driver/stm32l4xx_hal_rcc_ex.o
    0x0800181a   0x0000000a   Code   RO         7935    .text.OUTLINED_FUNCTION_2  BUILD/DISCO_L475VG_IOT01A/ARMC6/mbed-os/targets/TARGET_STM/TARGET_STM32L4/serial_device.o
    0x08001824   0x0000000e   Code   RO         7067    .text.OUTLINED_FUNCTION_22  BUILD/DISCO_L475VG_IOT01A/ARMC6/mbed-os/targets/TARGET_STM/TARGET_STM32L4/STM32Cube_FW/STM32L4xx_HAL_Driver/stm32l4xx_hal_uart.o
    0x08001832   0x00000006   Code   RO         7071    .text.OUTLINED_FUNCTION_24  BUILD/DISCO_L475VG_IOT01A/ARMC6/mbed-os/targets/TARGET_STM/TARGET_STM32L4/STM32Cube_FW/STM32L4xx_HAL_Driver/stm32l4xx_hal_uart.o
    0x08001838   0x0000000a   Code   RO         6569    .text.OUTLINED_FUNCTION_25  BUILD/DISCO_L475VG_IOT01A/ARMC6/mbed-os/targets/TARGET_STM/TARGET_STM32L4/STM32Cube_FW/STM32L4xx_HAL_Driver/stm32l4xx_hal_tim.o
    0x08001842   0x0000000a   Code   RO         6571    .text.OUTLINED_FUNCTION_26  BUILD/DISCO_L475VG_IOT01A/ARMC6/mbed-os/targets/TARGET_STM/TARGET_STM32L4/STM32Cube_FW/STM32L4xx_HAL_Driver/stm32l4xx_hal_tim.o
    0x0800184c   0x0000000a   Code   RO         6577    .text.OUTLINED_FUNCTION_29  BUILD/DISCO_L475VG_IOT01A/ARMC6/mbed-os/targets/TARGET_STM/TARGET_STM32L4/STM32Cube_FW/STM32L4xx_HAL_Driver/stm32l4xx_hal_tim.o
    0x08001856   0x00000006   Code   RO         5196    .text.OUTLINED_FUNCTION_3  BUILD/DISCO_L475VG_IOT01A/ARMC6/mbed-os/targets/TARGET_STM/TARGET_STM32L4/STM32Cube_FW/STM32L4xx_HAL_Driver/stm32l4xx_hal_rcc.o
    0x0800185c   0x00000008   Code   RO         5252    .text.OUTLINED_FUNCTION_3  BUILD/DISCO_L475VG_IOT01A/ARMC6/mbed-os/targets/TARGET_STM/TARGET_STM32L4/STM32Cube_FW/STM32L4xx_HAL_Driver/stm32l4xx_hal_rcc_ex.o
    0x08001864   0x00000008   Code   RO         6587    .text.OUTLINED_FUNCTION_34  BUILD/DISCO_L475VG_IOT01A/ARMC6/mbed-os/targets/TARGET_STM/TARGET_STM32L4/STM32Cube_FW/STM32L4xx_HAL_Driver/stm32l4xx_hal_tim.o
    0x0800186c   0x0000000a   Code   RO         5198    .text.OUTLINED_FUNCTION_4  BUILD/DISCO_L475VG_IOT01A/ARMC6/mbed-os/targets/TARGET_STM/TARGET_STM32L4/STM32Cube_FW/STM32L4xx_HAL_Driver/stm32l4xx_hal_rcc.o
    0x08001876   0x00000008   Code   RO         6607    .text.OUTLINED_FUNCTION_44  BUILD/DISCO_L475VG_IOT01A/ARMC6/mbed-os/targets/TARGET_STM/TARGET_STM32L4/STM32Cube_FW/STM32L4xx_HAL_Driver/stm32l4xx_hal_tim.o
    0x0800187e   0x00000008   Code   RO         6609    .text.OUTLINED_FUNCTION_45  BUILD/DISCO_L475VG_IOT01A/ARMC6/mbed-os/targets/TARGET_STM/TARGET_STM32L4/STM32Cube_FW/STM32L4xx_HAL_Driver/stm32l4xx_hal_tim.o
    0x08001886   0x00000008   Code   RO         6611    .text.OUTLINED_FUNCTION_46  BUILD/DISCO_L475VG_IOT01A/ARMC6/mbed-os/targets/TARGET_STM/TARGET_STM32L4/STM32Cube_FW/STM32L4xx_HAL_Driver/stm32l4xx_hal_tim.o
    0x0800188e   0x00000008   Code   RO         6613    .text.OUTLINED_FUNCTION_47  BUILD/DISCO_L475VG_IOT01A/ARMC6/mbed-os/targets/TARGET_STM/TARGET_STM32L4/STM32Cube_FW/STM32L4xx_HAL_Driver/stm32l4xx_hal_tim.o
    0x08001896   0x0000000e   Code   RO         5200    .text.OUTLINED_FUNCTION_5  BUILD/DISCO_L475VG_IOT01A/ARMC6/mbed-os/targets/TARGET_STM/TARGET_STM32L4/STM32Cube_FW/STM32L4xx_HAL_Driver/stm32l4xx_hal_rcc.o
    0x080018a4   0x0000000c   Code   RO         7033    .text.OUTLINED_FUNCTION_5  BUILD/DISCO_L475VG_IOT01A/ARMC6/mbed-os/targets/TARGET_STM/TARGET_STM32L4/STM32Cube_FW/STM32L4xx_HAL_Driver/stm32l4xx_hal_uart.o
    0x080018b0   0x00000008   Code   RO         6621    .text.OUTLINED_FUNCTION_51  BUILD/DISCO_L475VG_IOT01A/ARMC6/mbed-os/targets/TARGET_STM/TARGET_STM32L4/STM32Cube_FW/STM32L4xx_HAL_Driver/stm32l4xx_hal_tim.o
    0x080018b8   0x00000008   Code   RO         6625    .text.OUTLINED_FUNCTION_53  BUILD/DISCO_L475VG_IOT01A/ARMC6/mbed-os/targets/TARGET_STM/TARGET_STM32L4/STM32Cube_FW/STM32L4xx_HAL_Driver/stm32l4xx_hal_tim.o
    0x080018c0   0x0000000a   Code   RO         6633    .text.OUTLINED_FUNCTION_57  BUILD/DISCO_L475VG_IOT01A/ARMC6/mbed-os/targets/TARGET_STM/TARGET_STM32L4/STM32Cube_FW/STM32L4xx_HAL_Driver/stm32l4xx_hal_tim.o
    0x080018ca   0x0000000a   Code   RO         5258    .text.OUTLINED_FUNCTION_6  BUILD/DISCO_L475VG_IOT01A/ARMC6/mbed-os/targets/TARGET_STM/TARGET_STM32L4/STM32Cube_FW/STM32L4xx_HAL_Driver/stm32l4xx_hal_rcc_ex.o
    0x080018d4   0x0000000a   Code   RO         6641    .text.OUTLINED_FUNCTION_61  BUILD/DISCO_L475VG_IOT01A/ARMC6/mbed-os/targets/TARGET_STM/TARGET_STM32L4/STM32Cube_FW/STM32L4xx_HAL_Driver/stm32l4xx_hal_tim.o
    0x080018de   0x00000008   Code   RO         6651    .text.OUTLINED_FUNCTION_66  BUILD/DISCO_L475VG_IOT01A/ARMC6/mbed-os/targets/TARGET_STM/TARGET_STM32L4/STM32Cube_FW/STM32L4xx_HAL_Driver/stm32l4xx_hal_tim.o
    0x080018e6   0x0000000a   Code   RO         5260    .text.OUTLINED_FUNCTION_7  BUILD/DISCO_L475VG_IOT01A/ARMC6/mbed-os/targets/TARGET_STM/TARGET_STM32L4/STM32Cube_FW/STM32L4xx_HAL_Driver/stm32l4xx_hal_rcc_ex.o
    0x080018f0   0x00000006   Code   RO         5264    .text.OUTLINED_FUNCTION_9  BUILD/DISCO_L475VG_IOT01A/ARMC6/mbed-os/targets/TARGET_STM/TARGET_STM32L4/STM32Cube_FW/STM32L4xx_HAL_Driver/stm32l4xx_hal_rcc_ex.o
    0x080018f6   0x0000000e   Code   RO         6537    .text.OUTLINED_FUNCTION_9  BUILD/DISCO_L475VG_IOT01A/ARMC6/mbed-os/targets/TARGET_STM/TARGET_STM32L4/STM32Cube_FW/STM32L4xx_HAL_Driver/stm32l4xx_hal_tim.o
    0x08001904   0x000000ec   Code   RO         5206    .text.RCCEx_PLLSAI1_Config  BUILD/DISCO_L475VG_IOT01A/ARMC6/mbed-os/targets/TARGET_STM/TARGET_STM32L4/STM32Cube_FW/STM32L4xx_HAL_Driver/stm32l4xx_hal_rcc_ex.o
    0x080019f0   0x000000d4   Code   RO         5208    .text.RCCEx_PLLSAI2_Config  BUILD/DISCO_L475VG_IOT01A/ARMC6/mbed-os/targets/TARGET_STM/TARGET_STM32L4/STM32Cube_FW/STM32L4xx_HAL_Driver/stm32l4xx_hal_rcc_ex.o
    0x08001ac4   0x00000084   Code   RO         5166    .text.RCC_SetFlashLatencyFromMSIRange  BUILD/DISCO_L475VG_IOT01A/ARMC6/mbed-os/targets/TARGET_STM/TARGET_STM32L4/STM32Cube_FW/STM32L4xx_HAL_Driver/stm32l4xx_hal_rcc.o
    0x08001b48   0x00000024   Code   RO         7826    .text.SetSysClock   BUILD/DISCO_L475VG_IOT01A/ARMC6/mbed-os/targets/TARGET_STM/TARGET_STM32L4/TARGET_STM32L475xG/system_clock.o
    0x08001b6c   0x00000096   Code   RO         7828    .text.SetSysClock_PLL_MSI  BUILD/DISCO_L475VG_IOT01A/ARMC6/mbed-os/targets/TARGET_STM/TARGET_STM32L4/TARGET_STM32L475xG/system_clock.o
    0x08001c02   0x00000002   PAD
    0x08001c04   0x00000138   Code   RO         8116    .text.Set_GPIO_Clock  BUILD/DISCO_L475VG_IOT01A/ARMC6/mbed-os/targets/TARGET_STM/gpio_api.o
    0x08001d3c   0x00000098   Code   RO         7790    .text.SystemCoreClockUpdate  BUILD/DISCO_L475VG_IOT01A/ARMC6/mbed-os/targets/TARGET_STM/TARGET_STM32L4/STM32Cube_FW/system_stm32l4xx.o
    0x08001dd4   0x0000004c   Code   RO         7788    .text.SystemInit    BUILD/DISCO_L475VG_IOT01A/ARMC6/mbed-os/targets/TARGET_STM/TARGET_STM32L4/STM32Cube_FW/system_stm32l4xx.o
    0x08001e20   0x000000cc   Code   RO         6287    .text.TIM_Base_SetConfig  BUILD/DISCO_L475VG_IOT01A/ARMC6/mbed-os/targets/TARGET_STM/TARGET_STM32L4/STM32Cube_FW/STM32L4xx_HAL_Driver/stm32l4xx_hal_tim.o
    0x08001eec   0x0000001e   Code   RO         6321    .text.TIM_CCxChannelCmd  BUILD/DISCO_L475VG_IOT01A/ARMC6/mbed-os/targets/TARGET_STM/TARGET_STM32L4/STM32Cube_FW/STM32L4xx_HAL_Driver/stm32l4xx_hal_tim.o
    0x08001f0a   0x000000a8   Code   RO         6901    .text.UART_AdvFeatureConfig  BUILD/DISCO_L475VG_IOT01A/ARMC6/mbed-os/targets/TARGET_STM/TARGET_STM32L4/STM32Cube_FW/STM32L4xx_HAL_Driver/stm32l4xx_hal_uart.o
    0x08001fb2   0x00000050   Code   RO         6903    .text.UART_CheckIdleState  BUILD/DISCO_L475VG_IOT01A/ARMC6/mbed-os/targets/TARGET_STM/TARGET_STM32L4/STM32Cube_FW/STM32L4xx_HAL_Driver/stm32l4xx_hal_uart.o
    0x08002002   0x00000002   PAD
    0x08002004   0x000001d4   Code   RO         6899    .text.UART_SetConfig  BUILD/DISCO_L475VG_IOT01A/ARMC6/mbed-os/targets/TARGET_STM/TARGET_STM32L4/STM32Cube_FW/STM32L4xx_HAL_Driver/stm32l4xx_hal_uart.o
    0x080021d8   0x0000007c   Code   RO         6917    .text.UART_WaitOnFlagUntilTimeout  BUILD/DISCO_L475VG_IOT01A/ARMC6/mbed-os/targets/TARGET_STM/TARGET_STM32L4/STM32Cube_FW/STM32L4xx_HAL_Driver/stm32l4xx_hal_uart.o
    0x08002254   0x0000001c   Code   RO            7    .text._GLOBAL__sub_I_main.cpp  BUILD/DISCO_L475VG_IOT01A/ARMC6/main.o
    0x08002270   0x0000002c   Code   RO         2198    .text._ZL14do_serial_initv  BUILD/DISCO_L475VG_IOT01A/ARMC6/mbed-os/platform/source/mbed_retarget.o
    0x0800229c   0x00000010   Code   RO         2104    .text._ZL19do_serial_init_oncev  BUILD/DISCO_L475VG_IOT01A/ARMC6/mbed-os/platform/source/mbed_retarget.o
    0x080022ac   0x00000018   Code   RO           15    .text._ZN4mbed10DigitalOutC2E7PinName  BUILD/DISCO_L475VG_IOT01A/ARMC6/main.o
    0x080022c4   0x00000010   Code   RO         2114    .text._ZN4mbed20minimal_console_getcEv  BUILD/DISCO_L475VG_IOT01A/ARMC6/mbed-os/platform/source/mbed_retarget.o
    0x080022d4   0x00000018   Code   RO         2102    .text._ZN4mbed20minimal_console_putcEi  BUILD/DISCO_L475VG_IOT01A/ARMC6/mbed-os/platform/source/mbed_retarget.o
    0x080022ec   0x00000026   Code   RO          497    .text._ZN4mbed4impl7MbedCRCILj79764919ELh32ELNS_7CrcModeE2EE20compute_partial_stopEPj  BUILD/DISCO_L475VG_IOT01A/ARMC6/mbed-os/drivers/source/MbedCRC.o
    0x08002312   0x00000020   Code   RO          495    .text._ZN4mbed4impl7MbedCRCILj79764919ELh32ELNS_7CrcModeE2EE7computeEPKvjPj  BUILD/DISCO_L475VG_IOT01A/ARMC6/mbed-os/drivers/source/MbedCRC.o
    0x08002332   0x00000022   Code   RO         2235    .text._ZN4mstd9call_onceIRFvvEJEEEvRNS_9once_flagEOT_DpOT0_  BUILD/DISCO_L475VG_IOT01A/ARMC6/mbed-os/platform/source/mbed_retarget.o
    0x08002354   0x00000058   Code   RO          499    .text._ZNK4mbed4impl7MbedCRCILj79764919ELh32ELNS_7CrcModeE2EE18do_compute_partialILS2_2EEENSt3__29enable_ifIXeqT_LS2_2EEiE4typeEPKhjPj  BUILD/DISCO_L475VG_IOT01A/ARMC6/mbed-os/drivers/source/MbedCRC.o
    0x080023ac   0x00000024   Code   RO         1961    .text.__NVIC_SystemReset  BUILD/DISCO_L475VG_IOT01A/ARMC6/mbed-os/platform/source/mbed_error.o
    0x080023d0   0x00000022   Code   RO         2168    .text.__cxa_guard_acquire  BUILD/DISCO_L475VG_IOT01A/ARMC6/mbed-os/platform/source/mbed_retarget.o
    0x080023f2   0x00000004   Code   RO         2128    .text.__user_setup_stackheap  BUILD/DISCO_L475VG_IOT01A/ARMC6/mbed-os/platform/source/mbed_retarget.o
    0x080023f6   0x00000036   Code   RO         1145    .text._gpio_init_out  BUILD/DISCO_L475VG_IOT01A/ARMC6/mbed-os/hal/source/mbed_gpio.o
    0x0800242c   0x0000002c   Code   RO         2126    .text._mbed_user_setup_stackheap  BUILD/DISCO_L475VG_IOT01A/ARMC6/mbed-os/platform/source/mbed_retarget.o
    0x08002458   0x00000024   Code   RO         2094    .text._sys_open     BUILD/DISCO_L475VG_IOT01A/ARMC6/mbed-os/platform/source/mbed_retarget.o
    0x0800247c   0x00000070   Code   RO         2110    .text._sys_read     BUILD/DISCO_L475VG_IOT01A/ARMC6/mbed-os/platform/source/mbed_retarget.o
    0x080024ec   0x000000b4   Code   RO         2098    .text._sys_write    BUILD/DISCO_L475VG_IOT01A/ARMC6/mbed-os/platform/source/mbed_retarget.o
    0x080025a0   0x00000014   Code   RO         2299    .text._wait_us_ticks  BUILD/DISCO_L475VG_IOT01A/ARMC6/mbed-os/platform/source/mbed_wait_api_no_rtos.o
    0x080025b4   0x00000002   Code   RO         1265    .text.block_us_ticker_free  BUILD/DISCO_L475VG_IOT01A/ARMC6/mbed-os/hal/source/mbed_us_ticker_api.o
    0x080025b6   0x00000002   PAD
    0x080025b8   0x000000e0   Code   RO         8098    .text.can_irq       BUILD/DISCO_L475VG_IOT01A/ARMC6/mbed-os/targets/TARGET_STM/can_api.o
    0x08002698   0x0000000c   Code   RO         1906    .text.core_util_are_interrupts_enabled  BUILD/DISCO_L475VG_IOT01A/ARMC6/mbed-os/platform/source/mbed_critical.o
    0x080026a4   0x00000010   Code   RO         1795    .text.core_util_atomic_exchange_u8  BUILD/DISCO_L475VG_IOT01A/ARMC6/mbed-os/platform/source/mbed_atomic_impl.o
    0x080026b4   0x00000014   Code   RO         1793    .text.core_util_atomic_flag_test_and_set  BUILD/DISCO_L475VG_IOT01A/ARMC6/mbed-os/platform/source/mbed_atomic_impl.o
    0x080026c8   0x00000010   Code   RO         1912    .text.core_util_critical_section_enter  BUILD/DISCO_L475VG_IOT01A/ARMC6/mbed-os/platform/source/mbed_critical.o
    0x080026d8   0x00000018   Code   RO         1914    .text.core_util_critical_section_exit  BUILD/DISCO_L475VG_IOT01A/ARMC6/mbed-os/platform/source/mbed_critical.o
    0x080026f0   0x0000000c   Code   RO         1908    .text.core_util_is_isr_active  BUILD/DISCO_L475VG_IOT01A/ARMC6/mbed-os/platform/source/mbed_critical.o
    0x080026fc   0x00000020   Code   RO         1919    .text.error         BUILD/DISCO_L475VG_IOT01A/ARMC6/mbed-os/platform/source/mbed_error.o
    0x0800271c   0x00000020   Code   RO         2140    .text.exit          BUILD/DISCO_L475VG_IOT01A/ARMC6/mbed-os/platform/source/mbed_retarget.o
    0x0800273c   0x00000054   Code   RO         8441    .text.get_uart_index  BUILD/DISCO_L475VG_IOT01A/ARMC6/mbed-os/targets/TARGET_STM/serial_api.o
    0x08002790   0x0000002a   Code   RO         8124    .text.gpio_dir      BUILD/DISCO_L475VG_IOT01A/ARMC6/mbed-os/targets/TARGET_STM/gpio_api.o
    0x080027ba   0x00000002   PAD
    0x080027bc   0x00000048   Code   RO         8120    .text.gpio_init     BUILD/DISCO_L475VG_IOT01A/ARMC6/mbed-os/targets/TARGET_STM/gpio_api.o
    0x08002804   0x00000006   Code   RO         1141    .text.gpio_init_out  BUILD/DISCO_L475VG_IOT01A/ARMC6/mbed-os/hal/source/mbed_gpio.o
    0x0800280a   0x00000008   Code   RO         1143    .text.gpio_init_out_ex  BUILD/DISCO_L475VG_IOT01A/ARMC6/mbed-os/hal/source/mbed_gpio.o
    0x08002812   0x00000008   Code   RO         8122    .text.gpio_mode     BUILD/DISCO_L475VG_IOT01A/ARMC6/mbed-os/targets/TARGET_STM/gpio_api.o
    0x0800281a   0x00000018   Code   RO         8118    .text.gpio_set      BUILD/DISCO_L475VG_IOT01A/ARMC6/mbed-os/targets/TARGET_STM/gpio_api.o
    0x08002832   0x00000002   PAD
    0x08002834   0x00000018   Code   RO         1122    .text.hal_critical_section_enter  BUILD/DISCO_L475VG_IOT01A/ARMC6/mbed-os/hal/source/mbed_critical_section_api.o
    0x0800284c   0x00000014   Code   RO         1124    .text.hal_critical_section_exit  BUILD/DISCO_L475VG_IOT01A/ARMC6/mbed-os/hal/source/mbed_critical_section_api.o
    0x08002860   0x00000078   Code   RO         1921    .text.handle_error  BUILD/DISCO_L475VG_IOT01A/ARMC6/mbed-os/platform/source/mbed_error.o
    0x080028d8   0x000000a8   Code   RO         8576    .text.init_32bit_timer  BUILD/DISCO_L475VG_IOT01A/ARMC6/mbed-os/targets/TARGET_STM/us_ticker.o
    0x08002980   0x00000090   Code   RO         8443    .text.init_uart     BUILD/DISCO_L475VG_IOT01A/ARMC6/mbed-os/targets/TARGET_STM/serial_api.o
    0x08002a10   0x0000001c   Code   RO            5    .text.main          BUILD/DISCO_L475VG_IOT01A/ARMC6/main.o
    0x08002a2c   0x00000028   Code   RO         2258    .text.mbed_copy_nvic  BUILD/DISCO_L475VG_IOT01A/ARMC6/mbed-os/platform/source/mbed_sdk_boot.o
    0x08002a54   0x00000060   Code   RO         1895    .text.mbed_die      BUILD/DISCO_L475VG_IOT01A/ARMC6/mbed-os/platform/source/mbed_board.o
    0x08002ab4   0x00000068   Code   RO         1941    .text.mbed_error    BUILD/DISCO_L475VG_IOT01A/ARMC6/mbed-os/platform/source/mbed_error.o
    0x08002b1c   0x00000068   Code   RO         1929    .text.mbed_error_initialize  BUILD/DISCO_L475VG_IOT01A/ARMC6/mbed-os/platform/source/mbed_error.o
    0x08002b84   0x00000018   Code   RO         1897    .text.mbed_error_printf  BUILD/DISCO_L475VG_IOT01A/ARMC6/mbed-os/platform/source/mbed_board.o
    0x08002b9c   0x0000004c   Code   RO         1901    .text.mbed_error_puts  BUILD/DISCO_L475VG_IOT01A/ARMC6/mbed-os/platform/source/mbed_board.o
    0x08002be8   0x00000034   Code   RO         1899    .text.mbed_error_vprintf  BUILD/DISCO_L475VG_IOT01A/ARMC6/mbed-os/platform/source/mbed_board.o
    0x08002c1c   0x000000f4   Code   RO         1772    .text.mbed_fault_handler  BUILD/DISCO_L475VG_IOT01A/ARMC6/mbed-os/platform/source/TARGET_CORTEX_M/mbed_fault_handler.o
    0x08002d10   0x00000030   Code   RO         1923    .text.mbed_halt_system  BUILD/DISCO_L475VG_IOT01A/ARMC6/mbed-os/platform/source/mbed_error.o
    0x08002d40   0x00000012   Code   RO         2260    .text.mbed_init     BUILD/DISCO_L475VG_IOT01A/ARMC6/mbed-os/platform/source/mbed_sdk_boot.o
    0x08002d52   0x000002a6   Code   RO         2440    .text.mbed_minimal_formatted_string  BUILD/DISCO_L475VG_IOT01A/ARMC6/mbed-os/platform/source/minimal-printf/mbed_printf_implementation.o
    0x08002ff8   0x0000012c   Code   RO         2444    .text.mbed_minimal_formatted_string_integer  BUILD/DISCO_L475VG_IOT01A/ARMC6/mbed-os/platform/source/minimal-printf/mbed_printf_implementation.o
    0x08003124   0x0000003c   Code   RO         2446    .text.mbed_minimal_putchar  BUILD/DISCO_L475VG_IOT01A/ARMC6/mbed-os/platform/source/minimal-printf/mbed_printf_implementation.o
    0x08003160   0x0000003c   Code   RO         8316    .text.mbed_sdk_init  BUILD/DISCO_L475VG_IOT01A/ARMC6/mbed-os/targets/TARGET_STM/mbed_overrides.o
    0x0800319c   0x0000001e   Code   RO          486    .text.mbed_tiny_compute_crc32  BUILD/DISCO_L475VG_IOT01A/ARMC6/mbed-os/drivers/source/MbedCRC.o
    0x080031ba   0x00000024   Code   RO         2442    .text.parse_string_to_integer  BUILD/DISCO_L475VG_IOT01A/ARMC6/mbed-os/platform/source/minimal-printf/mbed_printf_implementation.o
    0x080031de   0x00000002   PAD
    0x080031e0   0x000000f4   Code   RO         8322    .text.pin_function  BUILD/DISCO_L475VG_IOT01A/ARMC6/mbed-os/targets/TARGET_STM/pinmap.o
    0x080032d4   0x00000078   Code   RO         8326    .text.pin_mode      BUILD/DISCO_L475VG_IOT01A/ARMC6/mbed-os/targets/TARGET_STM/pinmap.o
    0x0800334c   0x0000015c   Code   RO         1774    .text.print_context_info  BUILD/DISCO_L475VG_IOT01A/ARMC6/mbed-os/platform/source/TARGET_CORTEX_M/mbed_fault_handler.o
    0x080034a8   0x0000002c   Code   RO         2112    .text.read          BUILD/DISCO_L475VG_IOT01A/ARMC6/mbed-os/platform/source/mbed_retarget.o
    0x080034d4   0x000000ca   Code   RO         1227    .text.schedule_interrupt  BUILD/DISCO_L475VG_IOT01A/ARMC6/mbed-os/hal/source/mbed_ticker_api.o
    0x0800359e   0x00000002   PAD
    0x080035a0   0x0000007c   Code   RO         8449    .text.serial_baud   BUILD/DISCO_L475VG_IOT01A/ARMC6/mbed-os/targets/TARGET_STM/serial_api.o
    0x0800361c   0x00000068   Code   RO         7899    .text.serial_getc   BUILD/DISCO_L475VG_IOT01A/ARMC6/mbed-os/targets/TARGET_STM/TARGET_STM32L4/serial_device.o
    0x08003684   0x00000128   Code   RO         8439    .text.serial_init_direct  BUILD/DISCO_L475VG_IOT01A/ARMC6/mbed-os/targets/TARGET_STM/serial_api.o
    0x080037ac   0x00000024   Code   RO         7901    .text.serial_putc   BUILD/DISCO_L475VG_IOT01A/ARMC6/mbed-os/targets/TARGET_STM/TARGET_STM32L4/serial_device.o
    0x080037d0   0x00000020   Code   RO         8461    .text.serial_readable  BUILD/DISCO_L475VG_IOT01A/ARMC6/mbed-os/targets/TARGET_STM/serial_api.o
    0x080037f0   0x00000018   Code   RO         8463    .text.serial_writable  BUILD/DISCO_L475VG_IOT01A/ARMC6/mbed-os/targets/TARGET_STM/serial_api.o
    0x08003808   0x0000003a   Code   RO         8324    .text.stm_pin_PullConfig  BUILD/DISCO_L475VG_IOT01A/ARMC6/mbed-os/targets/TARGET_STM/pinmap.o
    0x08003842   0x00000004   Code   RO         1943    .text.system_reset  BUILD/DISCO_L475VG_IOT01A/ARMC6/mbed-os/platform/source/mbed_error.o
    0x08003846   0x0000005e   Code   RO         1223    .text.ticker_irq_handler  BUILD/DISCO_L475VG_IOT01A/ARMC6/mbed-os/hal/source/mbed_ticker_api.o
    0x080038a4   0x00000024   Code   RO         8574    .text.timer_irq_handler  BUILD/DISCO_L475VG_IOT01A/ARMC6/mbed-os/targets/TARGET_STM/us_ticker.o
    0x080038c8   0x0000007c   Code   RO         1225    .text.update_present_time  BUILD/DISCO_L475VG_IOT01A/ARMC6/mbed-os/hal/source/mbed_ticker_api.o
    0x08003944   0x0000000c   Code   RO         8588    .text.us_ticker_clear_interrupt  BUILD/DISCO_L475VG_IOT01A/ARMC6/mbed-os/targets/TARGET_STM/us_ticker.o
    0x08003950   0x00000010   Code   RO         8586    .text.us_ticker_disable_interrupt  BUILD/DISCO_L475VG_IOT01A/ARMC6/mbed-os/targets/TARGET_STM/us_ticker.o
    0x08003960   0x0000001c   Code   RO         8584    .text.us_ticker_fire_interrupt  BUILD/DISCO_L475VG_IOT01A/ARMC6/mbed-os/targets/TARGET_STM/us_ticker.o
    0x0800397c   0x00000008   Code   RO         8572    .text.us_ticker_get_info  BUILD/DISCO_L475VG_IOT01A/ARMC6/mbed-os/targets/TARGET_STM/us_ticker.o
    0x08003984   0x00000014   Code   RO         8578    .text.us_ticker_init  BUILD/DISCO_L475VG_IOT01A/ARMC6/mbed-os/targets/TARGET_STM/us_ticker.o
    0x08003998   0x00000014   Code   RO         1263    .text.us_ticker_irq_handler  BUILD/DISCO_L475VG_IOT01A/ARMC6/mbed-os/hal/source/mbed_us_ticker_api.o
    0x080039ac   0x0000000c   Code   RO         8580    .text.us_ticker_read  BUILD/DISCO_L475VG_IOT01A/ARMC6/mbed-os/targets/TARGET_STM/us_ticker.o
    0x080039b8   0x0000001c   Code   RO         8582    .text.us_ticker_set_interrupt  BUILD/DISCO_L475VG_IOT01A/ARMC6/mbed-os/targets/TARGET_STM/us_ticker.o
    0x080039d4   0x00000036   Code   RO         2100    .text.write         BUILD/DISCO_L475VG_IOT01A/ARMC6/mbed-os/platform/source/mbed_retarget.o
    0x08003a0a   0x00000002   PAD
    0x08003a0c   0x00000008   Code   RO         8747    i.__aeabi_errno_addr  c:\Users\oleel\AppData\Local\Mbed Studio\mbed-studio-tools\ac6\bin\..\lib\armlib\mc_w.l(errno.o)
    0x08003a14   0x0000000e   Code   RO         8907    i.__scatterload_copy  c:\Users\oleel\AppData\Local\Mbed Studio\mbed-studio-tools\ac6\bin\..\lib\armlib\mc_w.l(handlers.o)
    0x08003a22   0x00000002   Code   RO         8908    i.__scatterload_null  c:\Users\oleel\AppData\Local\Mbed Studio\mbed-studio-tools\ac6\bin\..\lib\armlib\mc_w.l(handlers.o)
    0x08003a24   0x0000000e   Code   RO         8909    i.__scatterload_zeroinit  c:\Users\oleel\AppData\Local\Mbed Studio\mbed-studio-tools\ac6\bin\..\lib\armlib\mc_w.l(handlers.o)
    0x08003a32   0x00000018   Code   RO         8672    i._fflush$full      c:\Users\oleel\AppData\Local\Mbed Studio\mbed-studio-tools\ac6\bin\..\lib\armlib\mc_w.l(fflush_f.o)
    0x08003a4a   0x00000040   Data   RO         8903    .constdata          c:\Users\oleel\AppData\Local\Mbed Studio\mbed-studio-tools\ac6\bin\..\lib\armlib\mc_w.l(ctype_c.o)
    0x08003a8a   0x00000002   PAD
    0x08003a8c   0x00000000   Data   RO         2270    .rodata             BUILD/DISCO_L475VG_IOT01A/ARMC6/mbed-os/platform/source/mbed_sdk_boot.o
    0x08003a8c   0x00000010   Data   RO         7793    .rodata.AHBPrescTable  BUILD/DISCO_L475VG_IOT01A/ARMC6/mbed-os/targets/TARGET_STM/TARGET_STM32L4/STM32Cube_FW/system_stm32l4xx.o
    0x08003a9c   0x00000008   Data   RO         7794    .rodata.APBPrescTable  BUILD/DISCO_L475VG_IOT01A/ARMC6/mbed-os/targets/TARGET_STM/TARGET_STM32L4/STM32Cube_FW/system_stm32l4xx.o
    0x08003aa4   0x00000030   Data   RO         7795    .rodata.MSIRangeTable  BUILD/DISCO_L475VG_IOT01A/ARMC6/mbed-os/targets/TARGET_STM/TARGET_STM32L4/STM32Cube_FW/system_stm32l4xx.o
    0x08003ad4   0x00000018   Data   RO         2212    .rodata._ZZL14do_serial_initvE14console_pinmap  BUILD/DISCO_L475VG_IOT01A/ARMC6/mbed-os/platform/source/mbed_retarget.o
    0x08003aec   0x00000010   Data   RO         7075    .rodata.cst16       BUILD/DISCO_L475VG_IOT01A/ARMC6/mbed-os/targets/TARGET_STM/TARGET_STM32L4/STM32Cube_FW/STM32L4xx_HAL_Driver/stm32l4xx_hal_uart.o
    0x08003afc   0x00000040   Data   RO         8328    .rodata.ll_pin_defines  BUILD/DISCO_L475VG_IOT01A/ARMC6/mbed-os/targets/TARGET_STM/pinmap.o
    0x08003b3c   0x00000003   Data   RO            9    .rodata.str1.1      BUILD/DISCO_L475VG_IOT01A/ARMC6/main.o
    0x08003b3f   0x000000c8   Data   RO         1778    .rodata.str1.1      BUILD/DISCO_L475VG_IOT01A/ARMC6/mbed-os/platform/source/TARGET_CORTEX_M/mbed_fault_handler.o
    0x08003c07   0x00000001   PAD
    0x08003c08   0x00000008   Data   RO         1267    .rodata.us_data     BUILD/DISCO_L475VG_IOT01A/ARMC6/mbed-os/hal/source/mbed_us_ticker_api.o
    0x08003c10   0x00000024   Data   RO         1269    .rodata.us_interface  BUILD/DISCO_L475VG_IOT01A/ARMC6/mbed-os/hal/source/mbed_us_ticker_api.o
    0x08003c34   0x00000008   Data   RO         8596    .rodata.us_ticker_get_info.info  BUILD/DISCO_L475VG_IOT01A/ARMC6/mbed-os/targets/TARGET_STM/us_ticker.o
    0x08003c3c   0x00000020   Data   RO         8906    Region$$Table       anon$$obj.o
    0x08003c5c   0x00000004   Data   RO           10    .init_array         BUILD/DISCO_L475VG_IOT01A/ARMC6/main.o
    0x08003c60   0x00000000   Data   RO         8763    .init_array         c:\Users\oleel\AppData\Local\Mbed Studio\mbed-studio-tools\ac6\bin\..\lib\armlib\mc_w.l(cpp_init.o)


    Execution Region RW_m_crash_data (Base: 0x10000188, Size: 0x00000100, Max: 0x00000100, ABSOLUTE)

    Base Addr    Size         Type   Attr      Idx    E Section Name        Object

    0x10000188   0x00000100   Zero   RW            1    RW_m_crash_data.bss  anon$$obj.o


    Execution Region RW_IRAM2 (Base: 0x10000288, Size: 0x00000550, Max: 0x00007d78, ABSOLUTE)

    Base Addr    Size         Type   Attr      Idx    E Section Name        Object

    0x10000288   0x00000004   Data   RW         8750    .data               c:\Users\oleel\AppData\Local\Mbed Studio\mbed-studio-tools\ac6\bin\..\lib\armlib\mc_w.l(errno.o)
    0x1000028c   0x00000008   Data   RW         3194    .data..L_MergedGlobals  BUILD/DISCO_L475VG_IOT01A/ARMC6/mbed-os/targets/TARGET_STM/TARGET_STM32L4/STM32Cube_FW/STM32L4xx_HAL_Driver/stm32l4xx_hal.o
    0x10000294   0x00000004   Data   RW         7792    .data.SystemCoreClock  BUILD/DISCO_L475VG_IOT01A/ARMC6/mbed-os/targets/TARGET_STM/TARGET_STM32L4/STM32Cube_FW/system_stm32l4xx.o
    0x10000298   0x00000004   Data   RW         1268    .data.irq_handler   BUILD/DISCO_L475VG_IOT01A/ARMC6/mbed-os/hal/source/mbed_us_ticker_api.o
    0x1000029c   0x00000014   Zero   RW         8690    .bss                c:\Users\oleel\AppData\Local\Mbed Studio\mbed-studio-tools\ac6\bin\..\lib\armlib\mc_w.l(stdout_f.o)
    0x100002b0   0x00000014   Zero   RW         8691    .bss                c:\Users\oleel\AppData\Local\Mbed Studio\mbed-studio-tools\ac6\bin\..\lib\armlib\mc_w.l(stderr_f.o)
    0x100002c4   0x00000014   Zero   RW         8816    .bss                c:\Users\oleel\AppData\Local\Mbed Studio\mbed-studio-tools\ac6\bin\..\lib\armlib\mc_w.l(stdin_f.o)
    0x100002d8   0x00000038   Zero   RW           12    .bss..L_MergedGlobals  BUILD/DISCO_L475VG_IOT01A/ARMC6/main.o
    0x10000310   0x00000002   Zero   RW         1128    .bss..L_MergedGlobals  BUILD/DISCO_L475VG_IOT01A/ARMC6/mbed-os/hal/source/mbed_critical_section_api.o
    0x10000312   0x00000002   PAD
    0x10000314   0x0000004c   Zero   RW         1968    .bss..L_MergedGlobals  BUILD/DISCO_L475VG_IOT01A/ARMC6/mbed-os/platform/source/mbed_error.o
    0x10000360   0x00000008   Zero   RW         2271    .bss..L_MergedGlobals  BUILD/DISCO_L475VG_IOT01A/ARMC6/mbed-os/platform/source/mbed_sdk_boot.o
    0x10000368   0x00000008   Zero   RW         8113    .bss..L_MergedGlobals  BUILD/DISCO_L475VG_IOT01A/ARMC6/mbed-os/targets/TARGET_STM/can_api.o
    0x10000370   0x0000000c   Zero   RW         8172    .bss..L_MergedGlobals  BUILD/DISCO_L475VG_IOT01A/ARMC6/mbed-os/targets/TARGET_STM/hal_tick_overrides.o
    0x1000037c   0x00000050   Zero   RW         8473    .bss..L_MergedGlobals  BUILD/DISCO_L475VG_IOT01A/ARMC6/mbed-os/targets/TARGET_STM/serial_api.o
    0x100003cc   0x00000058   Zero   RW         8597    .bss..L_MergedGlobals  BUILD/DISCO_L475VG_IOT01A/ARMC6/mbed-os/targets/TARGET_STM/us_ticker.o
    0x10000424   0x00000003   Zero   RW         2207    .bss._ZL13stdio_in_prev  BUILD/DISCO_L475VG_IOT01A/ARMC6/mbed-os/platform/source/mbed_retarget.o
    0x10000427   0x00000003   Zero   RW         2206    .bss._ZL14stdio_out_prev  BUILD/DISCO_L475VG_IOT01A/ARMC6/mbed-os/platform/source/mbed_retarget.o
    0x1000042a   0x00000002   PAD
    0x1000042c   0x00000004   Zero   RW         2211    .bss._ZZL19do_serial_init_oncevE4once  BUILD/DISCO_L475VG_IOT01A/ARMC6/mbed-os/platform/source/mbed_retarget.o
    0x10000430   0x00000004   Zero   RW         1916    .bss.critical_section_reentrancy_counter  BUILD/DISCO_L475VG_IOT01A/ARMC6/mbed-os/platform/source/mbed_critical.o
    0x10000434   0x00000004   PAD
    0x10000438   0x00000038   Zero   RW         1270    .bss.events         BUILD/DISCO_L475VG_IOT01A/ARMC6/mbed-os/hal/source/mbed_us_ticker_api.o
    0x10000470   0x00000001   Zero   RW         1967    .bss.halt_in_progress  BUILD/DISCO_L475VG_IOT01A/ARMC6/mbed-os/platform/source/mbed_error.o
    0x10000471   0x00000001   Zero   RW         1965    .bss.is_reboot_error_valid  BUILD/DISCO_L475VG_IOT01A/ARMC6/mbed-os/platform/source/mbed_error.o
    0x10000472   0x00000002   PAD
    0x10000474   0x00000040   Zero   RW         1966    .bss.last_error_ctx  BUILD/DISCO_L475VG_IOT01A/ARMC6/mbed-os/platform/source/mbed_error.o
    0x100004b4   0x00000004   Zero   RW         2203    .bss.mbed_heap_size  BUILD/DISCO_L475VG_IOT01A/ARMC6/mbed-os/platform/source/mbed_retarget.o
    0x100004b8   0x00000004   Zero   RW         2202    .bss.mbed_heap_start  BUILD/DISCO_L475VG_IOT01A/ARMC6/mbed-os/platform/source/mbed_retarget.o
    0x100004bc   0x00000004   Zero   RW         8318    .bss.mbed_sdk_inited  BUILD/DISCO_L475VG_IOT01A/ARMC6/mbed-os/targets/TARGET_STM/mbed_overrides.o
    0x100004c0   0x00000318   Zero   RW         7939    .bss.uart_handlers  BUILD/DISCO_L475VG_IOT01A/ARMC6/mbed-os/targets/TARGET_STM/TARGET_STM32L4/serial_device.o


    Execution Region RW_IRAM1 (Base: 0x20000000, Size: 0x00000000, Max: 0x00006000, ABSOLUTE)

    **** No section assigned to this execution region ****


    Execution Region ARM_LIB_HEAP (Base: 0x20000000, Size: 0x00017000, Max: 0x00017000, ABSOLUTE)

    Base Addr    Size         Type   Attr      Idx    E Section Name        Object

    0x20000000   0x00017000   Zero   RW            2    ARM_LIB_HEAP.bss    anon$$obj.o


    Execution Region ARM_LIB_STACK (Base: 0x20017000, Size: 0x00001000, Max: 0x00001000, ABSOLUTE)

    Base Addr    Size         Type   Attr      Idx    E Section Name        Object

    0x20017000   0x00001000   Zero   RW            3    ARM_LIB_STACK.bss   anon$$obj.o


==============================================================================

Image component sizes


      Code (inc. data)   RO Data    RW Data    ZI Data      Debug   

     12632       1108        860         16      99840      18872   Object Totals
         0          0         32          0      98560          0   (incl. Generated)
        22          0          1          0         10          0   (incl. Padding)
      1898         76         66          4         60       1716   Library Totals
         0          0          2          0          0          0   (incl. Padding)

==============================================================================


      Code (inc. data)   RO Data    RW Data    ZI Data      Debug   

     14530       1184        926         20      99900      19108   Grand Totals
     14530       1184        926         20      99900      19108   ELF Image Totals
     14530       1184        926         20          0          0   ROM Totals

==============================================================================

    Total RO  Size (Code + RO Data)                15456 (  15.09kB)
    Total RW  Size (RW Data + ZI Data)             99920 (  97.58kB)
    Total ROM Size (Code + RO Data + RW Data)      15476 (  15.11kB)

==============================================================================

